Archive member included to satisfy reference by file (symbol)

/usr/local/mcuxpressoide-11.0.0_2516/ide/plugins/com.nxp.mcuxpresso.tools.linux_11.0.0.201905131304/tools/bin/../lib/gcc/arm-none-eabi/8.2.1/../../../../arm-none-eabi/lib/thumb/v7e-m+fp/hard/libcr_nohost_nf.a(_cr__main.o)
                              ./startup/startup_mk64f12.o (__main)
/usr/local/mcuxpressoide-11.0.0_2516/ide/plugins/com.nxp.mcuxpresso.tools.linux_11.0.0.201905131304/tools/bin/../lib/gcc/arm-none-eabi/8.2.1/../../../../arm-none-eabi/lib/thumb/v7e-m+fp/hard/libcr_c.a(initio.o)
                              /usr/local/mcuxpressoide-11.0.0_2516/ide/plugins/com.nxp.mcuxpresso.tools.linux_11.0.0.201905131304/tools/bin/../lib/gcc/arm-none-eabi/8.2.1/../../../../arm-none-eabi/lib/thumb/v7e-m+fp/hard/libcr_nohost_nf.a(_cr__main.o) (_initio)
/usr/local/mcuxpressoide-11.0.0_2516/ide/plugins/com.nxp.mcuxpresso.tools.linux_11.0.0.201905131304/tools/bin/../lib/gcc/arm-none-eabi/8.2.1/../../../../arm-none-eabi/lib/thumb/v7e-m+fp/hard/libcr_c.a(setvbuf.o)
                              /usr/local/mcuxpressoide-11.0.0_2516/ide/plugins/com.nxp.mcuxpresso.tools.linux_11.0.0.201905131304/tools/bin/../lib/gcc/arm-none-eabi/8.2.1/../../../../arm-none-eabi/lib/thumb/v7e-m+fp/hard/libcr_c.a(initio.o) (setvbuf)
/usr/local/mcuxpressoide-11.0.0_2516/ide/plugins/com.nxp.mcuxpresso.tools.linux_11.0.0.201905131304/tools/bin/../lib/gcc/arm-none-eabi/8.2.1/../../../../arm-none-eabi/lib/thumb/v7e-m+fp/hard/libcr_c.a(_fdopen.o)
                              /usr/local/mcuxpressoide-11.0.0_2516/ide/plugins/com.nxp.mcuxpresso.tools.linux_11.0.0.201905131304/tools/bin/../lib/gcc/arm-none-eabi/8.2.1/../../../../arm-none-eabi/lib/thumb/v7e-m+fp/hard/libcr_c.a(initio.o) (_fdopen)
/usr/local/mcuxpressoide-11.0.0_2516/ide/plugins/com.nxp.mcuxpresso.tools.linux_11.0.0.201905131304/tools/bin/../lib/gcc/arm-none-eabi/8.2.1/../../../../arm-none-eabi/lib/thumb/v7e-m+fp/hard/libcr_c.a(fclose.o)
                              /usr/local/mcuxpressoide-11.0.0_2516/ide/plugins/com.nxp.mcuxpresso.tools.linux_11.0.0.201905131304/tools/bin/../lib/gcc/arm-none-eabi/8.2.1/../../../../arm-none-eabi/lib/thumb/v7e-m+fp/hard/libcr_c.a(initio.o) (fclose)
/usr/local/mcuxpressoide-11.0.0_2516/ide/plugins/com.nxp.mcuxpresso.tools.linux_11.0.0.201905131304/tools/bin/../lib/gcc/arm-none-eabi/8.2.1/../../../../arm-none-eabi/lib/thumb/v7e-m+fp/hard/libcr_c.a(fflush.o)
                              /usr/local/mcuxpressoide-11.0.0_2516/ide/plugins/com.nxp.mcuxpresso.tools.linux_11.0.0.201905131304/tools/bin/../lib/gcc/arm-none-eabi/8.2.1/../../../../arm-none-eabi/lib/thumb/v7e-m+fp/hard/libcr_c.a(fclose.o) (fflush)
/usr/local/mcuxpressoide-11.0.0_2516/ide/plugins/com.nxp.mcuxpresso.tools.linux_11.0.0.201905131304/tools/bin/../lib/gcc/arm-none-eabi/8.2.1/../../../../arm-none-eabi/lib/thumb/v7e-m+fp/hard/libcr_c.a(fseek.o)
                              /usr/local/mcuxpressoide-11.0.0_2516/ide/plugins/com.nxp.mcuxpresso.tools.linux_11.0.0.201905131304/tools/bin/../lib/gcc/arm-none-eabi/8.2.1/../../../../arm-none-eabi/lib/thumb/v7e-m+fp/hard/libcr_c.a(_fdopen.o) (fseek)
/usr/local/mcuxpressoide-11.0.0_2516/ide/plugins/com.nxp.mcuxpresso.tools.linux_11.0.0.201905131304/tools/bin/../lib/gcc/arm-none-eabi/8.2.1/../../../../arm-none-eabi/lib/thumb/v7e-m+fp/hard/libcr_c.a(ftell.o)
                              /usr/local/mcuxpressoide-11.0.0_2516/ide/plugins/com.nxp.mcuxpresso.tools.linux_11.0.0.201905131304/tools/bin/../lib/gcc/arm-none-eabi/8.2.1/../../../../arm-none-eabi/lib/thumb/v7e-m+fp/hard/libcr_c.a(fseek.o) (ftell)
/usr/local/mcuxpressoide-11.0.0_2516/ide/plugins/com.nxp.mcuxpresso.tools.linux_11.0.0.201905131304/tools/bin/../lib/gcc/arm-none-eabi/8.2.1/../../../../arm-none-eabi/lib/thumb/v7e-m+fp/hard/libcr_c.a(remove.o)
                              /usr/local/mcuxpressoide-11.0.0_2516/ide/plugins/com.nxp.mcuxpresso.tools.linux_11.0.0.201905131304/tools/bin/../lib/gcc/arm-none-eabi/8.2.1/../../../../arm-none-eabi/lib/thumb/v7e-m+fp/hard/libcr_c.a(fclose.o) (remove)
/usr/local/mcuxpressoide-11.0.0_2516/ide/plugins/com.nxp.mcuxpresso.tools.linux_11.0.0.201905131304/tools/bin/../lib/gcc/arm-none-eabi/8.2.1/../../../../arm-none-eabi/lib/thumb/v7e-m+fp/hard/libcr_c.a(strlen.o)
                              /usr/local/mcuxpressoide-11.0.0_2516/ide/plugins/com.nxp.mcuxpresso.tools.linux_11.0.0.201905131304/tools/bin/../lib/gcc/arm-none-eabi/8.2.1/../../../../arm-none-eabi/lib/thumb/v7e-m+fp/hard/libcr_c.a(remove.o) (strlen)
/usr/local/mcuxpressoide-11.0.0_2516/ide/plugins/com.nxp.mcuxpresso.tools.linux_11.0.0.201905131304/tools/bin/../lib/gcc/arm-none-eabi/8.2.1/../../../../arm-none-eabi/lib/thumb/v7e-m+fp/hard/libcr_c.a(memset.o)
                              /usr/local/mcuxpressoide-11.0.0_2516/ide/plugins/com.nxp.mcuxpresso.tools.linux_11.0.0.201905131304/tools/bin/../lib/gcc/arm-none-eabi/8.2.1/../../../../arm-none-eabi/lib/thumb/v7e-m+fp/hard/libcr_c.a(fclose.o) (memset)
[...]
Memory Configuration

Name             Origin             Length             Attributes
PROGRAM_FLASH    0x0000000000000000 0x0000000000100000 xr
SRAM_UPPER       0x0000000020000000 0x0000000000030000 xrw
SRAM_LOWER       0x000000001fff0000 0x0000000000010000 xrw
FLEX_RAM         0x0000000014000000 0x0000000000001000 xrw
*default*        0x0000000000000000 0xffffffffffffffff

Linker script and memory map

LOAD ./startup/startup_mk64f12.o
LOAD ./source/FTM.o
LOAD ./source/GPIO.o
LOAD ./source/PORT.o
LOAD ./source/hardware.o
LOAD ./source/main.o
LOAD ./CMSIS/system_MK64F12.o
START GROUP
LOAD /usr/local/mcuxpressoide-11.0.0_2516/ide/plugins/com.nxp.mcuxpresso.tools.linux_11.0.0.201905131304/tools/bin/../lib/gcc/arm-none-eabi/8.2.1/../../../../arm-none-eabi/lib/thumb/v7e-m+fp/hard/libcr_nohost_nf.a
LOAD /usr/local/mcuxpressoide-11.0.0_2516/ide/plugins/com.nxp.mcuxpresso.tools.linux_11.0.0.201905131304/tools/bin/../lib/gcc/arm-none-eabi/8.2.1/../../../../arm-none-eabi/lib/thumb/v7e-m+fp/hard/libcr_c.a
LOAD /usr/local/mcuxpressoide-11.0.0_2516/ide/plugins/com.nxp.mcuxpresso.tools.linux_11.0.0.201905131304/tools/bin/../lib/gcc/arm-none-eabi/8.2.1/thumb/v7e-m+fp/hard/libcr_eabihelpers.a
LOAD /usr/local/mcuxpressoide-11.0.0_2516/ide/plugins/com.nxp.mcuxpresso.tools.linux_11.0.0.201905131304/tools/bin/../lib/gcc/arm-none-eabi/8.2.1/thumb/v7e-m+fp/hard/libgcc.a
END GROUP
                0x0000000000000000                __base_PROGRAM_FLASH = 0x0
                0x0000000000000000                __base_Flash = 0x0
                0x0000000000100000                __top_PROGRAM_FLASH = 0x100000
                0x0000000000100000                __top_Flash = 0x100000
                0x0000000020000000                __base_SRAM_UPPER = 0x20000000
                0x0000000020000000                __base_RAM = 0x20000000
                0x0000000020030000                __top_SRAM_UPPER = 0x20030000
                0x0000000020030000                __top_RAM = 0x20030000
                0x000000001fff0000                __base_SRAM_LOWER = 0x1fff0000
                0x000000001fff0000                __base_RAM2 = 0x1fff0000
                0x0000000020000000                __top_SRAM_LOWER = 0x20000000
                0x0000000020000000                __top_RAM2 = 0x20000000
                0x0000000014000000                __base_FLEX_RAM = 0x14000000
                0x0000000014000000                __base_RAM3 = 0x14000000
                0x0000000014001000                __top_FLEX_RAM = 0x14001000
                0x0000000014001000                __top_RAM3 = 0x14001000

.text           0x0000000000000000     0x11a0
 FILL mask 0xff
                0x0000000000000000                __vectors_start__ = ABSOLUTE (.)
 *(.isr_vector)
 .isr_vector    0x0000000000000000      0x198 ./startup/startup_mk64f12.o
                0x0000000000000000                __Vectors
                0x0000000000000000                g_pfnVectors
                0x0000000000000198                . = ALIGN (0x4)
                0x0000000000000198                __section_table_start = .
                0x0000000000000198                __data_section_table = .
                0x0000000000000198        0x4 LONG 0x11a0 LOADADDR (.data)
                0x000000000000019c        0x4 LONG 0x20000000 ADDR (.data)
                0x00000000000001a0        0x4 LONG 0x4 SIZEOF (.data)
                0x00000000000001a4        0x4 LONG 0x11a0 LOADADDR (.data_RAM2)
                0x00000000000001a8        0x4 LONG 0x1fff0000 ADDR (.data_RAM2)
                0x00000000000001ac        0x4 LONG 0x0 SIZEOF (.data_RAM2)
                0x00000000000001b0        0x4 LONG 0x11a0 LOADADDR (.data_RAM3)
                0x00000000000001b4        0x4 LONG 0x14000000 ADDR (.data_RAM3)
                0x00000000000001b8        0x4 LONG 0x0 SIZEOF (.data_RAM3)
                0x00000000000001bc                __data_section_table_end = .
                0x00000000000001bc                __bss_section_table = .
                0x00000000000001bc        0x4 LONG 0x20000004 ADDR (.bss)
                0x00000000000001c0        0x4 LONG 0xb8 SIZEOF (.bss)
                0x00000000000001c4        0x4 LONG 0x1fff0000 ADDR (.bss_RAM2)
                0x00000000000001c8        0x4 LONG 0x0 SIZEOF (.bss_RAM2)
                0x00000000000001cc        0x4 LONG 0x14000000 ADDR (.bss_RAM3)
                0x00000000000001d0        0x4 LONG 0x0 SIZEOF (.bss_RAM3)
                0x00000000000001d4                __bss_section_table_end = .
                0x00000000000001d4                __section_table_end = .
 *(.after_vectors*)
 .after_vectors.init_data
                0x00000000000001d4       0x1e ./startup/startup_mk64f12.o
                0x00000000000001d4                data_init
 .after_vectors.init_bss
                0x00000000000001f2       0x12 ./startup/startup_mk64f12.o
                0x00000000000001f2                bss_init
 .after_vectors.reset
                0x0000000000000204       0x4c ./startup/startup_mk64f12.o
                0x0000000000000204                ResetISR
 .after_vectors
                0x0000000000000250       0x14 ./startup/startup_mk64f12.o
                0x0000000000000250                NMI_Handler
                0x0000000000000252                HardFault_Handler
                0x0000000000000254                MemManage_Handler
                0x0000000000000256                BusFault_Handler
                0x0000000000000258                UsageFault_Handler
                0x000000000000025a                SVC_Handler
                0x000000000000025c                DebugMon_Handler
                0x000000000000025e                PendSV_Handler
                0x0000000000000262                DMA0_DriverIRQHandler
                0x0000000000000262                PORTB_DriverIRQHandler
                0x0000000000000262                DMA12_DriverIRQHandler
                0x0000000000000262                SPI1_DriverIRQHandler
                0x0000000000000262                LPTMR0_DriverIRQHandler
                0x0000000000000262                DMA_Error_DriverIRQHandler
                0x0000000000000262                FTM1_DriverIRQHandler
                0x0000000000000262                FTM2_DriverIRQHandler
                0x0000000000000262                PIT2_DriverIRQHandler
                0x0000000000000262                SDHC_DriverIRQHandler
                0x0000000000000262                I2S0_Tx_DriverIRQHandler
                0x0000000000000262                RTC_Seconds_DriverIRQHandler
                0x0000000000000262                DMA6_DriverIRQHandler
                0x0000000000000262                LLWU_DriverIRQHandler
                0x0000000000000262                MCM_DriverIRQHandler
                0x0000000000000262                MCG_DriverIRQHandler
                0x0000000000000262                ENET_1588_Timer_DriverIRQHandler
                0x0000000000000262                I2C2_DriverIRQHandler
                0x0000000000000262                DAC1_DriverIRQHandler
                0x0000000000000262                CMP1_DriverIRQHandler
                0x0000000000000262                UART5_RX_TX_DriverIRQHandler
                0x0000000000000262                FTM0_DriverIRQHandler
                0x0000000000000262                IntDefaultHandler
                0x0000000000000262                USB0_DriverIRQHandler
                0x0000000000000262                UART5_ERR_DriverIRQHandler
                0x0000000000000262                PORTC_DriverIRQHandler
                0x0000000000000262                DMA11_DriverIRQHandler
                0x0000000000000262                DAC0_DriverIRQHandler
                0x0000000000000262                DMA10_DriverIRQHandler
                0x0000000000000262                CMP2_DriverIRQHandler
                0x0000000000000262                UART2_ERR_DriverIRQHandler
                0x0000000000000262                SPI2_DriverIRQHandler
                0x0000000000000262                LVD_LVW_DriverIRQHandler
                0x0000000000000262                PIT0_DriverIRQHandler
                0x0000000000000262                RNG_DriverIRQHandler
                0x0000000000000262                DMA5_DriverIRQHandler
                0x0000000000000262                DMA4_DriverIRQHandler
                0x0000000000000262                UART2_RX_TX_DriverIRQHandler
                0x0000000000000262                USBDCD_DriverIRQHandler
                0x0000000000000262                UART3_ERR_DriverIRQHandler
                0x0000000000000262                DMA3_DriverIRQHandler
                0x0000000000000262                DMA8_DriverIRQHandler
                0x0000000000000262                DMA9_DriverIRQHandler
                0x0000000000000262                UART0_ERR_DriverIRQHandler
                0x0000000000000262                CMT_DriverIRQHandler
                0x0000000000000262                Reserved71_DriverIRQHandler
                0x0000000000000262                ADC1_DriverIRQHandler
                0x0000000000000262                PORTA_DriverIRQHandler
                0x0000000000000262                DMA14_DriverIRQHandler
                0x0000000000000262                PIT3_DriverIRQHandler
                0x0000000000000262                PIT1_DriverIRQHandler
                0x0000000000000262                WDOG_EWM_DriverIRQHandler
                0x0000000000000262                PDB0_DriverIRQHandler
                0x0000000000000262                RTC_DriverIRQHandler
                0x0000000000000262                I2S0_Rx_DriverIRQHandler
                0x0000000000000262                Read_Collision_DriverIRQHandler
                0x0000000000000262                SWI_DriverIRQHandler
                0x0000000000000262                UART4_RX_TX_DriverIRQHandler
                0x0000000000000262                UART4_ERR_DriverIRQHandler
                0x0000000000000262                UART0_LON_DriverIRQHandler
                0x0000000000000262                DMA1_DriverIRQHandler
                0x0000000000000262                I2C1_DriverIRQHandler
                0x0000000000000262                UART3_RX_TX_DriverIRQHandler
                0x0000000000000262                ENET_Receive_DriverIRQHandler
                0x0000000000000262                DMA13_DriverIRQHandler
                0x0000000000000262                ENET_Error_DriverIRQHandler
                0x0000000000000262                DMA15_DriverIRQHandler
                0x0000000000000262                UART0_RX_TX_DriverIRQHandler
                0x0000000000000262                SPI0_DriverIRQHandler
                0x0000000000000262                ADC0_DriverIRQHandler
                0x0000000000000262                CMP0_DriverIRQHandler
                0x0000000000000262                CAN0_DriverIRQHandler
                0x0000000000000262                FTM3_DriverIRQHandler
                0x0000000000000262                UART1_ERR_DriverIRQHandler
                0x0000000000000262                DMA2_DriverIRQHandler
                0x0000000000000262                ENET_Transmit_DriverIRQHandler
                0x0000000000000262                PORTD_DriverIRQHandler
                0x0000000000000262                PORTE_DriverIRQHandler
                0x0000000000000262                FTFE_DriverIRQHandler
                0x0000000000000262                I2C0_DriverIRQHandler
                0x0000000000000262                DMA7_DriverIRQHandler
                0x0000000000000262                UART1_RX_TX_DriverIRQHandler
                0x0000000000000400                . = 0x400
 *fill*         0x0000000000000264      0x19c ff
                0x0000000000000400                PROVIDE (__FLASH_CONFIG_START__ = .)
 *(.FlashConfig)
 .FlashConfig   0x0000000000000400       0x10 ./startup/startup_mk64f12.o
                0x0000000000000400                Flash_Config
                0x0000000000000410                PROVIDE (__FLASH_CONFIG_END__ = .)
                0x0000000000000001                ASSERT (! ((__FLASH_CONFIG_START__ == __FLASH_CONFIG_END__)), Linker Flash Config Support Enabled, but no .FlashConfig section provided within application)
 *(.text*)
 .text.DMA0_IRQHandler
                0x0000000000000410        0x8 ./startup/startup_mk64f12.o
                0x0000000000000410                DMA0_IRQHandler
 .text.DMA1_IRQHandler
                0x0000000000000418        0x8 ./startup/startup_mk64f12.o
                0x0000000000000418                DMA1_IRQHandler
 .text.DMA2_IRQHandler
                0x0000000000000420        0x8 ./startup/startup_mk64f12.o
                0x0000000000000420                DMA2_IRQHandler
 .text.DMA3_IRQHandler
                0x0000000000000428        0x8 ./startup/startup_mk64f12.o
                0x0000000000000428                DMA3_IRQHandler
 .text.DMA4_IRQHandler
                0x0000000000000430        0x8 ./startup/startup_mk64f12.o
                0x0000000000000430                DMA4_IRQHandler
 .text.DMA5_IRQHandler
                0x0000000000000438        0x8 ./startup/startup_mk64f12.o
                0x0000000000000438                DMA5_IRQHandler
 .text.DMA6_IRQHandler
                0x0000000000000440        0x8 ./startup/startup_mk64f12.o
                0x0000000000000440                DMA6_IRQHandler
 .text.DMA7_IRQHandler
                0x0000000000000448        0x8 ./startup/startup_mk64f12.o
                0x0000000000000448                DMA7_IRQHandler
 .text.DMA8_IRQHandler
                0x0000000000000450        0x8 ./startup/startup_mk64f12.o
                0x0000000000000450                DMA8_IRQHandler
 .text.DMA9_IRQHandler
                0x0000000000000458        0x8 ./startup/startup_mk64f12.o
                0x0000000000000458                DMA9_IRQHandler
 .text.DMA10_IRQHandler
                0x0000000000000460        0x8 ./startup/startup_mk64f12.o
                0x0000000000000460                DMA10_IRQHandler
 .text.DMA11_IRQHandler
                0x0000000000000468        0x8 ./startup/startup_mk64f12.o
                0x0000000000000468                DMA11_IRQHandler
 .text.DMA12_IRQHandler
                0x0000000000000470        0x8 ./startup/startup_mk64f12.o
                0x0000000000000470                DMA12_IRQHandler
 .text.DMA13_IRQHandler
                0x0000000000000478        0x8 ./startup/startup_mk64f12.o
                0x0000000000000478                DMA13_IRQHandler
 .text.DMA14_IRQHandler
                0x0000000000000480        0x8 ./startup/startup_mk64f12.o
                0x0000000000000480                DMA14_IRQHandler
 .text.DMA15_IRQHandler
                0x0000000000000488        0x8 ./startup/startup_mk64f12.o
                0x0000000000000488                DMA15_IRQHandler
 .text.DMA_Error_IRQHandler
                0x0000000000000490        0x8 ./startup/startup_mk64f12.o
                0x0000000000000490                DMA_Error_IRQHandler
 .text.MCM_IRQHandler
                0x0000000000000498        0x8 ./startup/startup_mk64f12.o
                0x0000000000000498                MCM_IRQHandler
 .text.FTFE_IRQHandler
                0x00000000000004a0        0x8 ./startup/startup_mk64f12.o
                0x00000000000004a0                FTFE_IRQHandler
 .text.Read_Collision_IRQHandler
                0x00000000000004a8        0x8 ./startup/startup_mk64f12.o
                0x00000000000004a8                Read_Collision_IRQHandler
 .text.LVD_LVW_IRQHandler
                0x00000000000004b0        0x8 ./startup/startup_mk64f12.o
                0x00000000000004b0                LVD_LVW_IRQHandler
 .text.LLWU_IRQHandler
                0x00000000000004b8        0x8 ./startup/startup_mk64f12.o
                0x00000000000004b8                LLWU_IRQHandler
 .text.WDOG_EWM_IRQHandler
                0x00000000000004c0        0x8 ./startup/startup_mk64f12.o
                0x00000000000004c0                WDOG_EWM_IRQHandler
 .text.RNG_IRQHandler
                0x00000000000004c8        0x8 ./startup/startup_mk64f12.o
                0x00000000000004c8                RNG_IRQHandler
 .text.I2C0_IRQHandler
                0x00000000000004d0        0x8 ./startup/startup_mk64f12.o
                0x00000000000004d0                I2C0_IRQHandler
 .text.I2C1_IRQHandler
                0x00000000000004d8        0x8 ./startup/startup_mk64f12.o
                0x00000000000004d8                I2C1_IRQHandler
 .text.SPI0_IRQHandler
                0x00000000000004e0        0x8 ./startup/startup_mk64f12.o
                0x00000000000004e0                SPI0_IRQHandler
 .text.SPI1_IRQHandler
                0x00000000000004e8        0x8 ./startup/startup_mk64f12.o
                0x00000000000004e8                SPI1_IRQHandler
 .text.I2S0_Tx_IRQHandler
                0x00000000000004f0        0x8 ./startup/startup_mk64f12.o
                0x00000000000004f0                I2S0_Tx_IRQHandler
 .text.I2S0_Rx_IRQHandler
                0x00000000000004f8        0x8 ./startup/startup_mk64f12.o
                0x00000000000004f8                I2S0_Rx_IRQHandler
 .text.UART0_LON_IRQHandler
                0x0000000000000500        0x8 ./startup/startup_mk64f12.o
                0x0000000000000500                UART0_LON_IRQHandler
 .text.UART0_RX_TX_IRQHandler
                0x0000000000000508        0x8 ./startup/startup_mk64f12.o
                0x0000000000000508                UART0_RX_TX_IRQHandler
 .text.UART0_ERR_IRQHandler
                0x0000000000000510        0x8 ./startup/startup_mk64f12.o
                0x0000000000000510                UART0_ERR_IRQHandler
 .text.UART1_RX_TX_IRQHandler
                0x0000000000000518        0x8 ./startup/startup_mk64f12.o
                0x0000000000000518                UART1_RX_TX_IRQHandler
 .text.UART1_ERR_IRQHandler
                0x0000000000000520        0x8 ./startup/startup_mk64f12.o
                0x0000000000000520                UART1_ERR_IRQHandler
 .text.UART2_RX_TX_IRQHandler
                0x0000000000000528        0x8 ./startup/startup_mk64f12.o
                0x0000000000000528                UART2_RX_TX_IRQHandler
 .text.UART2_ERR_IRQHandler
                0x0000000000000530        0x8 ./startup/startup_mk64f12.o
                0x0000000000000530                UART2_ERR_IRQHandler
 .text.UART3_RX_TX_IRQHandler
                0x0000000000000538        0x8 ./startup/startup_mk64f12.o
                0x0000000000000538                UART3_RX_TX_IRQHandler
 .text.UART3_ERR_IRQHandler
                0x0000000000000540        0x8 ./startup/startup_mk64f12.o
                0x0000000000000540                UART3_ERR_IRQHandler
 .text.ADC0_IRQHandler
                0x0000000000000548        0x8 ./startup/startup_mk64f12.o
                0x0000000000000548                ADC0_IRQHandler
 .text.CMP0_IRQHandler
                0x0000000000000550        0x8 ./startup/startup_mk64f12.o
                0x0000000000000550                CMP0_IRQHandler
 .text.CMP1_IRQHandler
                0x0000000000000558        0x8 ./startup/startup_mk64f12.o
                0x0000000000000558                CMP1_IRQHandler
 .text.FTM1_IRQHandler
                0x0000000000000560        0x8 ./startup/startup_mk64f12.o
                0x0000000000000560                FTM1_IRQHandler
 .text.FTM2_IRQHandler
                0x0000000000000568        0x8 ./startup/startup_mk64f12.o
                0x0000000000000568                FTM2_IRQHandler
 .text.CMT_IRQHandler
                0x0000000000000570        0x8 ./startup/startup_mk64f12.o
                0x0000000000000570                CMT_IRQHandler
 .text.RTC_IRQHandler
                0x0000000000000578        0x8 ./startup/startup_mk64f12.o
                0x0000000000000578                RTC_IRQHandler
 .text.RTC_Seconds_IRQHandler
                0x0000000000000580        0x8 ./startup/startup_mk64f12.o
                0x0000000000000580                RTC_Seconds_IRQHandler
 .text.PIT0_IRQHandler
                0x0000000000000588        0x8 ./startup/startup_mk64f12.o
                0x0000000000000588                PIT0_IRQHandler
 .text.PIT1_IRQHandler
                0x0000000000000590        0x8 ./startup/startup_mk64f12.o
                0x0000000000000590                PIT1_IRQHandler
 .text.PIT2_IRQHandler
                0x0000000000000598        0x8 ./startup/startup_mk64f12.o
                0x0000000000000598                PIT2_IRQHandler
 .text.PIT3_IRQHandler
                0x00000000000005a0        0x8 ./startup/startup_mk64f12.o
                0x00000000000005a0                PIT3_IRQHandler
 .text.PDB0_IRQHandler
                0x00000000000005a8        0x8 ./startup/startup_mk64f12.o
                0x00000000000005a8                PDB0_IRQHandler
 .text.USB0_IRQHandler
                0x00000000000005b0        0x8 ./startup/startup_mk64f12.o
                0x00000000000005b0                USB0_IRQHandler
 .text.USBDCD_IRQHandler
                0x00000000000005b8        0x8 ./startup/startup_mk64f12.o
                0x00000000000005b8                USBDCD_IRQHandler
 .text.Reserved71_IRQHandler
                0x00000000000005c0        0x8 ./startup/startup_mk64f12.o
                0x00000000000005c0                Reserved71_IRQHandler
 .text.DAC0_IRQHandler
                0x00000000000005c8        0x8 ./startup/startup_mk64f12.o
                0x00000000000005c8                DAC0_IRQHandler
 .text.MCG_IRQHandler
                0x00000000000005d0        0x8 ./startup/startup_mk64f12.o
                0x00000000000005d0                MCG_IRQHandler
 .text.LPTMR0_IRQHandler
                0x00000000000005d8        0x8 ./startup/startup_mk64f12.o
                0x00000000000005d8                LPTMR0_IRQHandler
 .text.PORTB_IRQHandler
                0x00000000000005e0        0x8 ./startup/startup_mk64f12.o
                0x00000000000005e0                PORTB_IRQHandler
 .text.PORTC_IRQHandler
                0x00000000000005e8        0x8 ./startup/startup_mk64f12.o
                0x00000000000005e8                PORTC_IRQHandler
 .text.PORTD_IRQHandler
                0x00000000000005f0        0x8 ./startup/startup_mk64f12.o
                0x00000000000005f0                PORTD_IRQHandler
 .text.PORTE_IRQHandler
                0x00000000000005f8        0x8 ./startup/startup_mk64f12.o
                0x00000000000005f8                PORTE_IRQHandler
 .text.SWI_IRQHandler
                0x0000000000000600        0x8 ./startup/startup_mk64f12.o
                0x0000000000000600                SWI_IRQHandler
 .text.SPI2_IRQHandler
                0x0000000000000608        0x8 ./startup/startup_mk64f12.o
                0x0000000000000608                SPI2_IRQHandler
 .text.UART4_RX_TX_IRQHandler
                0x0000000000000610        0x8 ./startup/startup_mk64f12.o
                0x0000000000000610                UART4_RX_TX_IRQHandler
 .text.UART4_ERR_IRQHandler
                0x0000000000000618        0x8 ./startup/startup_mk64f12.o
                0x0000000000000618                UART4_ERR_IRQHandler
 .text.UART5_RX_TX_IRQHandler
                0x0000000000000620        0x8 ./startup/startup_mk64f12.o
                0x0000000000000620                UART5_RX_TX_IRQHandler
 .text.UART5_ERR_IRQHandler
                0x0000000000000628        0x8 ./startup/startup_mk64f12.o
                0x0000000000000628                UART5_ERR_IRQHandler
 .text.CMP2_IRQHandler
                0x0000000000000630        0x8 ./startup/startup_mk64f12.o
                0x0000000000000630                CMP2_IRQHandler
 .text.FTM3_IRQHandler
                0x0000000000000638        0x8 ./startup/startup_mk64f12.o
                0x0000000000000638                FTM3_IRQHandler
 .text.DAC1_IRQHandler
                0x0000000000000640        0x8 ./startup/startup_mk64f12.o
                0x0000000000000640                DAC1_IRQHandler
 .text.ADC1_IRQHandler
                0x0000000000000648        0x8 ./startup/startup_mk64f12.o
                0x0000000000000648                ADC1_IRQHandler
 .text.I2C2_IRQHandler
                0x0000000000000650        0x8 ./startup/startup_mk64f12.o
                0x0000000000000650                I2C2_IRQHandler
 .text.CAN0_ORed_Message_buffer_IRQHandler
                0x0000000000000658        0x8 ./startup/startup_mk64f12.o
                0x0000000000000658                CAN0_ORed_Message_buffer_IRQHandler
 .text.CAN0_Bus_Off_IRQHandler
                0x0000000000000660        0x8 ./startup/startup_mk64f12.o
                0x0000000000000660                CAN0_Bus_Off_IRQHandler
 .text.CAN0_Error_IRQHandler
                0x0000000000000668        0x8 ./startup/startup_mk64f12.o
                0x0000000000000668                CAN0_Error_IRQHandler
 .text.CAN0_Tx_Warning_IRQHandler
                0x0000000000000670        0x8 ./startup/startup_mk64f12.o
                0x0000000000000670                CAN0_Tx_Warning_IRQHandler
 .text.CAN0_Rx_Warning_IRQHandler
                0x0000000000000678        0x8 ./startup/startup_mk64f12.o
                0x0000000000000678                CAN0_Rx_Warning_IRQHandler
 .text.CAN0_Wake_Up_IRQHandler
                0x0000000000000680        0x8 ./startup/startup_mk64f12.o
                0x0000000000000680                CAN0_Wake_Up_IRQHandler
 .text.SDHC_IRQHandler
                0x0000000000000688        0x8 ./startup/startup_mk64f12.o
                0x0000000000000688                SDHC_IRQHandler
 .text.ENET_1588_Timer_IRQHandler
                0x0000000000000690        0x8 ./startup/startup_mk64f12.o
                0x0000000000000690                ENET_1588_Timer_IRQHandler
 .text.ENET_Transmit_IRQHandler
                0x0000000000000698        0x8 ./startup/startup_mk64f12.o
                0x0000000000000698                ENET_Transmit_IRQHandler
 .text.ENET_Receive_IRQHandler
                0x00000000000006a0        0x8 ./startup/startup_mk64f12.o
                0x00000000000006a0                ENET_Receive_IRQHandler
 .text.ENET_Error_IRQHandler
                0x00000000000006a8        0x8 ./startup/startup_mk64f12.o
                0x00000000000006a8                ENET_Error_IRQHandler
 .text.NVIC_EnableIRQ
                0x00000000000006b0       0x34 ./source/FTM.o
 .text.FTM0_IRQHandler
                0x00000000000006e4       0x1c ./source/FTM.o
                0x00000000000006e4                FTM0_IRQHandler
 .text.OVF_ISR  0x0000000000000700       0x20 ./source/FTM.o
                0x0000000000000700                OVF_ISR
 .text.FTM_Init
                0x0000000000000720       0xd8 ./source/FTM.o
                0x0000000000000720                FTM_Init
 .text.OVF_Init
                0x00000000000007f8       0x80 ./source/FTM.o
                0x00000000000007f8                OVF_Init
 .text.FTM_SetPrescaler
                0x0000000000000878       0x2c ./source/FTM.o
                0x0000000000000878                FTM_SetPrescaler
 .text.FTM_StartClock
                0x00000000000008a4       0x20 ./source/FTM.o
                0x00000000000008a4                FTM_StartClock
 .text.FTM_ClearOverflowFlag
                0x00000000000008c4       0x20 ./source/FTM.o
                0x00000000000008c4                FTM_ClearOverflowFlag
 .text.GPIO_Init
                0x00000000000008e4        0xe ./source/GPIO.o
                0x00000000000008e4                GPIO_Init
 .text.GPIO_SetDirection
                0x00000000000008f2       0x3c ./source/GPIO.o
                0x00000000000008f2                GPIO_SetDirection
 .text.GPIO_Toggle
                0x000000000000092e       0x1c ./source/GPIO.o
                0x000000000000092e                GPIO_Toggle
 *fill*         0x000000000000094a        0x2 ff
 .text.NVIC_EnableIRQ
                0x000000000000094c       0x34 ./source/PORT.o
 .text.PORT_Init
                0x0000000000000980       0xd4 ./source/PORT.o
                0x0000000000000980                PORT_Init
 .text.PORT_Configure2
                0x0000000000000a54       0x22 ./source/PORT.o
                0x0000000000000a54                PORT_Configure2
 .text.PORT_ClearPortFlags
                0x0000000000000a76       0x1e ./source/PORT.o
                0x0000000000000a76                PORT_ClearPortFlags
 .text.hw_Init  0x0000000000000a94       0xf4 ./source/hardware.o
                0x0000000000000a94                hw_Init
 .text.main     0x0000000000000b88       0x16 ./source/main.o
                0x0000000000000b88                main
 *fill*         0x0000000000000b9e        0x2 ff
 .text.PORTA_IRQHandler
                0x0000000000000ba0       0x34 ./source/main.o
                0x0000000000000ba0                PORTA_IRQHandler
 .text.SysTick_Handler
                0x0000000000000bd4       0x40 ./source/main.o
                0x0000000000000bd4                SysTick_Handler
 .text.SystemInit
                0x0000000000000c14       0x40 ./CMSIS/system_MK64F12.o
                0x0000000000000c14                SystemInit
 .text.__main   0x0000000000000c54        0xe /usr/local/mcuxpressoide-11.0.0_2516/ide/plugins/com.nxp.mcuxpresso.tools.linux_11.0.0.201905131304/tools/bin/../lib/gcc/arm-none-eabi/8.2.1/../../../../arm-none-eabi/lib/thumb/v7e-m+fp/hard/libcr_nohost_nf.a(_cr__main.o)
                0x0000000000000c54                __main
 *fill*         0x0000000000000c62        0x2 ff
 .text._initio  0x0000000000000c64       0x78 /usr/local/mcuxpressoide-11.0.0_2516/ide/plugins/com.nxp.mcuxpresso.tools.linux_11.0.0.201905131304/tools/bin/../lib/gcc/arm-none-eabi/8.2.1/../../../../arm-none-eabi/lib/thumb/v7e-m+fp/hard/libcr_c.a(initio.o)
                0x0000000000000c64                _initio
 .text.setvbuf  0x0000000000000cdc       0x40 /usr/local/mcuxpressoide-11.0.0_2516/ide/plugins/com.nxp.mcuxpresso.tools.linux_11.0.0.201905131304/tools/bin/../lib/gcc/arm-none-eabi/8.2.1/../../../../arm-none-eabi/lib/thumb/v7e-m+fp/hard/libcr_c.a(setvbuf.o)
                0x0000000000000cdc                setvbuf
 .text._fdopen  0x0000000000000d1c       0x68 /usr/local/mcuxpressoide-11.0.0_2516/ide/plugins/com.nxp.mcuxpresso.tools.linux_11.0.0.201905131304/tools/bin/../lib/gcc/arm-none-eabi/8.2.1/../../../../arm-none-eabi/lib/thumb/v7e-m+fp/hard/libcr_c.a(_fdopen.o)
                0x0000000000000d1c                _fdopen
 .text.fclose   0x0000000000000d84       0x58 /usr/local/mcuxpressoide-11.0.0_2516/ide/plugins/com.nxp.mcuxpresso.tools.linux_11.0.0.201905131304/tools/bin/../lib/gcc/arm-none-eabi/8.2.1/../../../../arm-none-eabi/lib/thumb/v7e-m+fp/hard/libcr_c.a(fclose.o)
                0x0000000000000d84                fclose
 .text.fflush   0x0000000000000ddc       0x44 /usr/local/mcuxpressoide-11.0.0_2516/ide/plugins/com.nxp.mcuxpresso.tools.linux_11.0.0.201905131304/tools/bin/../lib/gcc/arm-none-eabi/8.2.1/../../../../arm-none-eabi/lib/thumb/v7e-m+fp/hard/libcr_c.a(fflush.o)
                0x0000000000000ddc                fflush
 .text.fseek    0x0000000000000e20      0x100 /usr/local/mcuxpressoide-11.0.0_2516/ide/plugins/com.nxp.mcuxpresso.tools.linux_11.0.0.201905131304/tools/bin/../lib/gcc/arm-none-eabi/8.2.1/../../../../arm-none-eabi/lib/thumb/v7e-m+fp/hard/libcr_c.a(fseek.o)
                0x0000000000000e20                fseek
 .text.ftell    0x0000000000000f20       0x48 /usr/local/mcuxpressoide-11.0.0_2516/ide/plugins/com.nxp.mcuxpresso.tools.linux_11.0.0.201905131304/tools/bin/../lib/gcc/arm-none-eabi/8.2.1/../../../../arm-none-eabi/lib/thumb/v7e-m+fp/hard/libcr_c.a(ftell.o)
                0x0000000000000f20                ftell
 .text.remove   0x0000000000000f68       0x14 /usr/local/mcuxpressoide-11.0.0_2516/ide/plugins/com.nxp.mcuxpresso.tools.linux_11.0.0.201905131304/tools/bin/../lib/gcc/arm-none-eabi/8.2.1/../../../../arm-none-eabi/lib/thumb/v7e-m+fp/hard/libcr_c.a(remove.o)
                0x0000000000000f68                remove
 .text.strlen   0x0000000000000f7c       0x4c /usr/local/mcuxpressoide-11.0.0_2516/ide/plugins/com.nxp.mcuxpresso.tools.linux_11.0.0.201905131304/tools/bin/../lib/gcc/arm-none-eabi/8.2.1/../../../../arm-none-eabi/lib/thumb/v7e-m+fp/hard/libcr_c.a(strlen.o)
                0x0000000000000f7c                strlen
 .text.memset   0x0000000000000fc8        0x4 /usr/local/mcuxpressoide-11.0.0_2516/ide/plugins/com.nxp.mcuxpresso.tools.linux_11.0.0.201905131304/tools/bin/../lib/gcc/arm-none-eabi/8.2.1/../../../../arm-none-eabi/lib/thumb/v7e-m+fp/hard/libcr_c.a(memset.o)
                0x0000000000000fc8                memset
 .text._do_fflush
                0x0000000000000fcc       0x40 /usr/local/mcuxpressoide-11.0.0_2516/ide/plugins/com.nxp.mcuxpresso.tools.linux_11.0.0.201905131304/tools/bin/../lib/gcc/arm-none-eabi/8.2.1/../../../../arm-none-eabi/lib/thumb/v7e-m+fp/hard/libcr_c.a(_do_fflush.o)
                0x0000000000000fcc                _do_fflush
 .text._fflush  0x000000000000100c       0x52 /usr/local/mcuxpressoide-11.0.0_2516/ide/plugins/com.nxp.mcuxpresso.tools.linux_11.0.0.201905131304/tools/bin/../lib/gcc/arm-none-eabi/8.2.1/../../../../arm-none-eabi/lib/thumb/v7e-m+fp/hard/libcr_c.a(_fflush.o)
                0x000000000000100c                _fflush
 *fill*         0x000000000000105e        0x2 ff
 .text._Cwritebuf
                0x0000000000001060       0x6c /usr/local/mcuxpressoide-11.0.0_2516/ide/plugins/com.nxp.mcuxpresso.tools.linux_11.0.0.201905131304/tools/bin/../lib/gcc/arm-none-eabi/8.2.1/../../../../arm-none-eabi/lib/thumb/v7e-m+fp/hard/libcr_c.a(_writebuf.o)
                0x0000000000001060                _Cwritebuf
 .text.free     0x00000000000010cc       0x30 /usr/local/mcuxpressoide-11.0.0_2516/ide/plugins/com.nxp.mcuxpresso.tools.linux_11.0.0.201905131304/tools/bin/../lib/gcc/arm-none-eabi/8.2.1/../../../../arm-none-eabi/lib/thumb/v7e-m+fp/hard/libcr_c.a(alloc.o)
                0x00000000000010cc                free
 .text._deferredlazyseek
                0x00000000000010fc       0x40 /usr/local/mcuxpressoide-11.0.0_2516/ide/plugins/com.nxp.mcuxpresso.tools.linux_11.0.0.201905131304/tools/bin/../lib/gcc/arm-none-eabi/8.2.1/../../../../arm-none-eabi/lib/thumb/v7e-m+fp/hard/libcr_c.a(_deferredlazyseek.o)
                0x00000000000010fc                _deferredlazyseek
 .text.__aeabi_memset_lowlevel
                0x000000000000113c       0x32 /usr/local/mcuxpressoide-11.0.0_2516/ide/plugins/com.nxp.mcuxpresso.tools.linux_11.0.0.201905131304/tools/bin/../lib/gcc/arm-none-eabi/8.2.1/thumb/v7e-m+fp/hard/libcr_eabihelpers.a(memcpy.o)
                0x000000000000113c                __aeabi_lowlevel_memset
 .text.__sys_close
                0x000000000000116e        0x6 /usr/local/mcuxpressoide-11.0.0_2516/ide/plugins/com.nxp.mcuxpresso.tools.linux_11.0.0.201905131304/tools/bin/../lib/gcc/arm-none-eabi/8.2.1/../../../../arm-none-eabi/lib/thumb/v7e-m+fp/hard/libcr_nohost_nf.a(__sys_close.o)
                0x000000000000116e                __sys_close
 .text.__sys_flen
                0x0000000000001174        0x6 /usr/local/mcuxpressoide-11.0.0_2516/ide/plugins/com.nxp.mcuxpresso.tools.linux_11.0.0.201905131304/tools/bin/../lib/gcc/arm-none-eabi/8.2.1/../../../../arm-none-eabi/lib/thumb/v7e-m+fp/hard/libcr_nohost_nf.a(__sys_flen.o)
                0x0000000000001174                __sys_flen
 .text.__sys_istty
                0x000000000000117a        0x6 /usr/local/mcuxpressoide-11.0.0_2516/ide/plugins/com.nxp.mcuxpresso.tools.linux_11.0.0.201905131304/tools/bin/../lib/gcc/arm-none-eabi/8.2.1/../../../../arm-none-eabi/lib/thumb/v7e-m+fp/hard/libcr_nohost_nf.a(__sys_istty.o)
                0x000000000000117a                __sys_istty
 .text.__sys_remove
                0x0000000000001180        0x6 /usr/local/mcuxpressoide-11.0.0_2516/ide/plugins/com.nxp.mcuxpresso.tools.linux_11.0.0.201905131304/tools/bin/../lib/gcc/arm-none-eabi/8.2.1/../../../../arm-none-eabi/lib/thumb/v7e-m+fp/hard/libcr_nohost_nf.a(__sys_remove.o)
                0x0000000000001180                __sys_remove
 .text.__sys_seek
                0x0000000000001186        0x6 /usr/local/mcuxpressoide-11.0.0_2516/ide/plugins/com.nxp.mcuxpresso.tools.linux_11.0.0.201905131304/tools/bin/../lib/gcc/arm-none-eabi/8.2.1/../../../../arm-none-eabi/lib/thumb/v7e-m+fp/hard/libcr_nohost_nf.a(__sys_seek.o)
                0x0000000000001186                __sys_seek
 .text.__sys_tmpnam
                0x000000000000118c        0x6 /usr/local/mcuxpressoide-11.0.0_2516/ide/plugins/com.nxp.mcuxpresso.tools.linux_11.0.0.201905131304/tools/bin/../lib/gcc/arm-none-eabi/8.2.1/../../../../arm-none-eabi/lib/thumb/v7e-m+fp/hard/libcr_nohost_nf.a(__sys_tmpnam.o)
                0x000000000000118c                __sys_tmpnam
 .text.__sys_write
                0x0000000000001192        0x4 /usr/local/mcuxpressoide-11.0.0_2516/ide/plugins/com.nxp.mcuxpresso.tools.linux_11.0.0.201905131304/tools/bin/../lib/gcc/arm-none-eabi/8.2.1/../../../../arm-none-eabi/lib/thumb/v7e-m+fp/hard/libcr_nohost_nf.a(__sys_write.o)
                0x0000000000001192                __sys_write
 *(.rodata .rodata.* .constdata .constdata.*)
 .rodata._initio.str1.1
                0x0000000000001196        0x4 /usr/local/mcuxpressoide-11.0.0_2516/ide/plugins/com.nxp.mcuxpresso.tools.linux_11.0.0.201905131304/tools/bin/../lib/gcc/arm-none-eabi/8.2.1/../../../../arm-none-eabi/lib/thumb/v7e-m+fp/hard/libcr_c.a(initio.o)
 *fill*         0x000000000000119a        0x2 ff
 .rodata.__num_Ciob_streams
                0x000000000000119c        0x4 /usr/local/mcuxpressoide-11.0.0_2516/ide/plugins/com.nxp.mcuxpresso.tools.linux_11.0.0.201905131304/tools/bin/../lib/gcc/arm-none-eabi/8.2.1/../../../../arm-none-eabi/lib/thumb/v7e-m+fp/hard/libcr_nohost_nf.a(__ciob.o)
                0x000000000000119c                __num_Ciob_streams
                0x00000000000011a0                . = ALIGN (0x4)

.glue_7         0x00000000000011a0        0x0
 .glue_7        0x00000000000011a0        0x0 linker stubs

.glue_7t        0x00000000000011a0        0x0
 .glue_7t       0x00000000000011a0        0x0 linker stubs

.vfp11_veneer   0x00000000000011a0        0x0
 .vfp11_veneer  0x00000000000011a0        0x0 linker stubs

.v4_bx          0x00000000000011a0        0x0
 .v4_bx         0x00000000000011a0        0x0 linker stubs

.iplt           0x00000000000011a0        0x0
 .iplt          0x00000000000011a0        0x0 ./startup/startup_mk64f12.o

.rel.dyn        0x00000000000011a0        0x0
 .rel.iplt      0x00000000000011a0        0x0 ./startup/startup_mk64f12.o

.ARM.extab
 *(.ARM.extab* .gnu.linkonce.armextab.*)
                0x00000000000011a0                __exidx_start = .

.ARM.exidx
 *(.ARM.exidx* .gnu.linkonce.armexidx.*)
                0x00000000000011a0                __exidx_end = .
                0x00000000000011a0                _etext = .

.m_usb_data
 *(m_usb_bdt)

.data_RAM2      0x000000001fff0000        0x0 load address 0x00000000000011a0
 FILL mask 0xff
                [!provide]                        PROVIDE (__start_data_RAM2 = .)
 *(.ramfunc.$RAM2)
 *(.ramfunc.$SRAM_LOWER)
 *(.data.$RAM2)
 *(.data.$SRAM_LOWER)
 *(.data.$RAM2.*)
 *(.data.$SRAM_LOWER.*)
                0x000000001fff0000                . = ALIGN (0x4)
                [!provide]                        PROVIDE (__end_data_RAM2 = .)

.data_RAM3      0x0000000014000000        0x0 load address 0x00000000000011a0
 FILL mask 0xff
                [!provide]                        PROVIDE (__start_data_RAM3 = .)
 *(.ramfunc.$RAM3)
 *(.ramfunc.$FLEX_RAM)
 *(.data.$RAM3)
 *(.data.$FLEX_RAM)
 *(.data.$RAM3.*)
 *(.data.$FLEX_RAM.*)
                0x0000000014000000                . = ALIGN (0x4)
                [!provide]                        PROVIDE (__end_data_RAM3 = .)

.uninit_RESERVED
                0x0000000020000000        0x0
                0x0000000020000000                . = ALIGN (0x4)
 *(.bss.$RESERVED*)
                0x0000000020000000                . = ALIGN (0x4)
                0x0000000020000000                _end_uninit_RESERVED = .

.data           0x0000000020000000        0x4 load address 0x00000000000011a0
 FILL mask 0xff
                0x0000000020000000                _data = .
 *(vtable)
 *(.ramfunc*)
 *(.data*)
 .data.speed.7229
                0x0000000020000000        0x4 ./source/main.o
                0x0000000020000004                . = ALIGN (0x4)
                0x0000000020000004                _edata = .

.igot.plt       0x0000000020000004        0x0 load address 0x00000000000011a4
 .igot.plt      0x0000000020000004        0x0 ./startup/startup_mk64f12.o

.bss_RAM2       0x000000001fff0000        0x0
                0x000000001fff0000                . = ALIGN (0x4)
                [!provide]                        PROVIDE (__start_bss_RAM2 = .)
 *(.bss.$RAM2)
 *(.bss.$SRAM_LOWER)
 *(.bss.$RAM2.*)
 *(.bss.$SRAM_LOWER.*)
                0x000000001fff0000                . = ALIGN ((. != 0x0)?0x4:0x1)
                [!provide]                        PROVIDE (__end_bss_RAM2 = .)

.bss_RAM3       0x0000000014000000        0x0
                0x0000000014000000                . = ALIGN (0x4)
                [!provide]                        PROVIDE (__start_bss_RAM3 = .)
 *(.bss.$RAM3)
 *(.bss.$FLEX_RAM)
 *(.bss.$RAM3.*)
 *(.bss.$FLEX_RAM.*)
                0x0000000014000000                . = ALIGN ((. != 0x0)?0x4:0x1)
                [!provide]                        PROVIDE (__end_bss_RAM3 = .)

.bss            0x0000000020000004       0xb8
                0x0000000020000004                . = ALIGN (0x4)
                0x0000000020000004                _bss = .
 *(.bss*)
 .bss.errno     0x0000000020000004        0x4 /usr/local/mcuxpressoide-11.0.0_2516/ide/plugins/com.nxp.mcuxpresso.tools.linux_11.0.0.201905131304/tools/bin/../lib/gcc/arm-none-eabi/8.2.1/../../../../arm-none-eabi/lib/thumb/v7e-m+fp/hard/libcr_c.a(errno.o)
                0x0000000020000004                errno
 .bss.__Ciob    0x0000000020000008       0xb4 /usr/local/mcuxpressoide-11.0.0_2516/ide/plugins/com.nxp.mcuxpresso.tools.linux_11.0.0.201905131304/tools/bin/../lib/gcc/arm-none-eabi/8.2.1/../../../../arm-none-eabi/lib/thumb/v7e-m+fp/hard/libcr_nohost_nf.a(__ciob.o)
                0x0000000020000008                __Ciob
 *(COMMON)
                0x00000000200000bc                . = ALIGN (0x4)
                0x00000000200000bc                _ebss = .
                [!provide]                        PROVIDE (end = .)

.noinit_RAM2    0x000000001fff0000        0x0
                0x000000001fff0000                . = ALIGN (0x4)
 *(.noinit.$RAM2)
 *(.noinit.$SRAM_LOWER)
 *(.noinit.$RAM2.*)
 *(.noinit.$SRAM_LOWER.*)
                0x000000001fff0000                . = ALIGN (0x4)

.noinit_RAM3    0x0000000014000000        0x0
                0x0000000014000000                . = ALIGN (0x4)
 *(.noinit.$RAM3)
 *(.noinit.$FLEX_RAM)
 *(.noinit.$RAM3.*)
 *(.noinit.$FLEX_RAM.*)
                0x0000000014000000                . = ALIGN (0x4)

.noinit         0x00000000200000bc        0x0
                0x00000000200000bc                . = ALIGN (0x4)
                0x00000000200000bc                _noinit = .
 *(.noinit*)
                0x00000000200000bc                . = ALIGN (0x4)
                0x00000000200000bc                _end_noinit = .
                0x0000000000001000                _HeapSize = 0x1000

.heap           0x00000000200000bc     0x1000
                0x00000000200000bc                _pvHeapStart = .
                0x00000000200010bc                . = (. + _HeapSize)
 *fill*         0x00000000200000bc     0x1000 
                0x00000000200010bc                . = ALIGN (0x4)
                0x00000000200010bc                _pvHeapLimit = .
                0x0000000000001000                _StackSize = 0x1000

.heap2stackfill
                0x00000000200010bc     0x1000
                0x00000000200020bc                . = (. + _StackSize)
 *fill*         0x00000000200010bc     0x1000 

.stack          0x000000002002f000        0x0
                0x000000002002f000                _vStackBase = .
                0x000000002002f000                . = ALIGN (0x4)
                0x0000000020030000                _vStackTop = (. + _StackSize)
                0x0000000000000000                _image_start = LOADADDR (.text)
                0x00000000000011a4                _image_end = (LOADADDR (.data) + SIZEOF (.data))
                0x00000000000011a4                _image_size = (_image_end - _image_start)
OUTPUT(FTM_OVF.axf elf32-littlearm)

.debug_info     0x0000000000000000     0x3b4f
 .debug_info    0x0000000000000000      0x92e ./startup/startup_mk64f12.o
 .debug_info    0x000000000000092e     0x1121 ./source/FTM.o
 .debug_info    0x0000000000001a4f      0x335 ./source/GPIO.o
 .debug_info    0x0000000000001d84      0xd23 ./source/PORT.o
 .debug_info    0x0000000000002aa7      0x714 ./source/hardware.o
 .debug_info    0x00000000000031bb      0x316 ./source/main.o
 .debug_info    0x00000000000034d1      0x67e ./CMSIS/system_MK64F12.o

.debug_abbrev   0x0000000000000000      0xb8c
 .debug_abbrev  0x0000000000000000      0x17a ./startup/startup_mk64f12.o
 .debug_abbrev  0x000000000000017a      0x281 ./source/FTM.o
 .debug_abbrev  0x00000000000003fb      0x133 ./source/GPIO.o
 .debug_abbrev  0x000000000000052e      0x254 ./source/PORT.o
 .debug_abbrev  0x0000000000000782      0x169 ./source/hardware.o
 .debug_abbrev  0x00000000000008eb      0x14b ./source/main.o
 .debug_abbrev  0x0000000000000a36      0x156 ./CMSIS/system_MK64F12.o

.debug_aranges  0x0000000000000000      0x5a8
 .debug_aranges
                0x0000000000000000      0x330 ./startup/startup_mk64f12.o
 .debug_aranges
                0x0000000000000330       0xe8 ./source/FTM.o
 .debug_aranges
                0x0000000000000418       0x58 ./source/GPIO.o
 .debug_aranges
                0x0000000000000470       0x98 ./source/PORT.o
 .debug_aranges
                0x0000000000000508       0x30 ./source/hardware.o
 .debug_aranges
                0x0000000000000538       0x48 ./source/main.o
 .debug_aranges
                0x0000000000000580       0x28 ./CMSIS/system_MK64F12.o

.debug_ranges   0x0000000000000000      0x538
 .debug_ranges  0x0000000000000000      0x320 ./startup/startup_mk64f12.o
 .debug_ranges  0x0000000000000320       0xd8 ./source/FTM.o
 .debug_ranges  0x00000000000003f8       0x48 ./source/GPIO.o
 .debug_ranges  0x0000000000000440       0x88 ./source/PORT.o
 .debug_ranges  0x00000000000004c8       0x20 ./source/hardware.o
 .debug_ranges  0x00000000000004e8       0x38 ./source/main.o
 .debug_ranges  0x0000000000000520       0x18 ./CMSIS/system_MK64F12.o

.debug_macro    0x0000000000000000    0x11a53
 .debug_macro   0x0000000000000000       0x29 ./startup/startup_mk64f12.o
 .debug_macro   0x0000000000000029      0xac0 ./startup/startup_mk64f12.o
 .debug_macro   0x0000000000000ae9       0xdd ./source/FTM.o
 .debug_macro   0x0000000000000bc6       0x10 ./source/FTM.o
 .debug_macro   0x0000000000000bd6      0x12e ./source/FTM.o
 .debug_macro   0x0000000000000d04      0x5b3 ./source/FTM.o
 .debug_macro   0x00000000000012b7       0x22 ./source/FTM.o
 .debug_macro   0x00000000000012d9       0x10 ./source/FTM.o
 .debug_macro   0x00000000000012e9       0x5b ./source/FTM.o
 .debug_macro   0x0000000000001344       0x3b ./source/FTM.o
 .debug_macro   0x000000000000137f       0x50 ./source/FTM.o
 .debug_macro   0x00000000000013cf      0xd40 ./source/FTM.o
 .debug_macro   0x000000000000210f       0x44 ./source/FTM.o
 .debug_macro   0x0000000000002153     0xe07b ./source/FTM.o
 .debug_macro   0x00000000000101ce     0x13c7 ./source/FTM.o
 .debug_macro   0x0000000000011595       0x16 ./source/FTM.o
 .debug_macro   0x00000000000115ab       0x34 ./source/FTM.o
 .debug_macro   0x00000000000115df       0x2e ./source/FTM.o
 .debug_macro   0x000000000001160d       0xca ./source/GPIO.o
 .debug_macro   0x00000000000116d7       0x28 ./source/GPIO.o
 .debug_macro   0x00000000000116ff       0xc5 ./source/PORT.o
 .debug_macro   0x00000000000117c4       0xbb ./source/hardware.o
 .debug_macro   0x000000000001187f       0xfb ./source/main.o
 .debug_macro   0x000000000001197a       0x3a ./source/main.o
 .debug_macro   0x00000000000119b4       0x9f ./CMSIS/system_MK64F12.o

.debug_line     0x0000000000000000     0x2190
 .debug_line    0x0000000000000000      0x910 ./startup/startup_mk64f12.o
 .debug_line    0x0000000000000910      0x61e ./source/FTM.o
 .debug_line    0x0000000000000f2e      0x35a ./source/GPIO.o
 .debug_line    0x0000000000001288      0x49d ./source/PORT.o
 .debug_line    0x0000000000001725      0x36b ./source/hardware.o
 .debug_line    0x0000000000001a90      0x351 ./source/main.o
 .debug_line    0x0000000000001de1      0x3af ./CMSIS/system_MK64F12.o

.debug_str      0x0000000000000000    0x78f6d
 .debug_str     0x0000000000000000     0x3680 ./startup/startup_mk64f12.o
                                       0x36d8 (size before relaxing)
 .debug_str     0x0000000000003680    0x7544e ./source/FTM.o
                                      0x78318 (size before relaxing)
 .debug_str     0x0000000000078ace       0xb5 ./source/GPIO.o
                                      0x7779b (size before relaxing)
 .debug_str     0x0000000000078b83      0x187 ./source/PORT.o
                                      0x77f70 (size before relaxing)
 .debug_str     0x0000000000078d0a      0x16a ./source/hardware.o
                                      0x7786c (size before relaxing)
 .debug_str     0x0000000000078e74       0xaa ./source/main.o
                                      0x77877 (size before relaxing)
 .debug_str     0x0000000000078f1e       0x4f ./CMSIS/system_MK64F12.o
                                      0x77770 (size before relaxing)

.comment        0x0000000000000000       0x75
 .comment       0x0000000000000000       0x75 ./startup/startup_mk64f12.o
                                         0x76 (size before relaxing)
 .comment       0x0000000000000075       0x76 ./source/FTM.o
 .comment       0x0000000000000075       0x76 ./source/GPIO.o
 .comment       0x0000000000000075       0x76 ./source/PORT.o
 .comment       0x0000000000000075       0x76 ./source/hardware.o
 .comment       0x0000000000000075       0x76 ./source/main.o
 .comment       0x0000000000000075       0x76 ./CMSIS/system_MK64F12.o
 .comment       0x0000000000000075       0x76 /usr/local/mcuxpressoide-11.0.0_2516/ide/plugins/com.nxp.mcuxpresso.tools.linux_11.0.0.201905131304/tools/bin/../lib/gcc/arm-none-eabi/8.2.1/../../../../arm-none-eabi/lib/thumb/v7e-m+fp/hard/libcr_nohost_nf.a(_cr__main.o)
 .comment       0x0000000000000075       0x76 /usr/local/mcuxpressoide-11.0.0_2516/ide/plugins/com.nxp.mcuxpresso.tools.linux_11.0.0.201905131304/tools/bin/../lib/gcc/arm-none-eabi/8.2.1/../../../../arm-none-eabi/lib/thumb/v7e-m+fp/hard/libcr_c.a(initio.o)
 .comment       0x0000000000000075       0x76 /usr/local/mcuxpressoide-11.0.0_2516/ide/plugins/com.nxp.mcuxpresso.tools.linux_11.0.0.201905131304/tools/bin/../lib/gcc/arm-none-eabi/8.2.1/../../../../arm-none-eabi/lib/thumb/v7e-m+fp/hard/libcr_c.a(setvbuf.o)
 .comment       0x0000000000000075       0x76 /usr/local/mcuxpressoide-11.0.0_2516/ide/plugins/com.nxp.mcuxpresso.tools.linux_11.0.0.201905131304/tools/bin/../lib/gcc/arm-none-eabi/8.2.1/../../../../arm-none-eabi/lib/thumb/v7e-m+fp/hard/libcr_c.a(_fdopen.o)
 .comment       0x0000000000000075       0x76 /usr/local/mcuxpressoide-11.0.0_2516/ide/plugins/com.nxp.mcuxpresso.tools.linux_11.0.0.201905131304/tools/bin/../lib/gcc/arm-none-eabi/8.2.1/../../../../arm-none-eabi/lib/thumb/v7e-m+fp/hard/libcr_c.a(fclose.o)
 .comment       0x0000000000000075       0x76 /usr/local/mcuxpressoide-11.0.0_2516/ide/plugins/com.nxp.mcuxpresso.tools.linux_11.0.0.201905131304/tools/bin/../lib/gcc/arm-none-eabi/8.2.1/../../../../arm-none-eabi/lib/thumb/v7e-m+fp/hard/libcr_c.a(fflush.o)
 .comment       0x0000000000000075       0x76 /usr/local/mcuxpressoide-11.0.0_2516/ide/plugins/com.nxp.mcuxpresso.tools.linux_11.0.0.201905131304/tools/bin/../lib/gcc/arm-none-eabi/8.2.1/../../../../arm-none-eabi/lib/thumb/v7e-m+fp/hard/libcr_c.a(fseek.o)
 .comment       0x0000000000000075       0x76 /usr/local/mcuxpressoide-11.0.0_2516/ide/plugins/com.nxp.mcuxpresso.tools.linux_11.0.0.201905131304/tools/bin/../lib/gcc/arm-none-eabi/8.2.1/../../../../arm-none-eabi/lib/thumb/v7e-m+fp/hard/libcr_c.a(ftell.o)
 .comment       0x0000000000000075       0x76 /usr/local/mcuxpressoide-11.0.0_2516/ide/plugins/com.nxp.mcuxpresso.tools.linux_11.0.0.201905131304/tools/bin/../lib/gcc/arm-none-eabi/8.2.1/../../../../arm-none-eabi/lib/thumb/v7e-m+fp/hard/libcr_c.a(remove.o)
 .comment       0x0000000000000075       0x76 /usr/local/mcuxpressoide-11.0.0_2516/ide/plugins/com.nxp.mcuxpresso.tools.linux_11.0.0.201905131304/tools/bin/../lib/gcc/arm-none-eabi/8.2.1/../../../../arm-none-eabi/lib/thumb/v7e-m+fp/hard/libcr_c.a(strlen.o)
 .comment       0x0000000000000075       0x76 /usr/local/mcuxpressoide-11.0.0_2516/ide/plugins/com.nxp.mcuxpresso.tools.linux_11.0.0.201905131304/tools/bin/../lib/gcc/arm-none-eabi/8.2.1/../../../../arm-none-eabi/lib/thumb/v7e-m+fp/hard/libcr_c.a(memset.o)
 .comment       0x0000000000000075       0x76 /usr/local/mcuxpressoide-11.0.0_2516/ide/plugins/com.nxp.mcuxpresso.tools.linux_11.0.0.201905131304/tools/bin/../lib/gcc/arm-none-eabi/8.2.1/../../../../arm-none-eabi/lib/thumb/v7e-m+fp/hard/libcr_c.a(_do_fflush.o)
 .comment       0x0000000000000075       0x76 /usr/local/mcuxpressoide-11.0.0_2516/ide/plugins/com.nxp.mcuxpresso.tools.linux_11.0.0.201905131304/tools/bin/../lib/gcc/arm-none-eabi/8.2.1/../../../../arm-none-eabi/lib/thumb/v7e-m+fp/hard/libcr_c.a(_fflush.o)
 .comment       0x0000000000000075       0x76 /usr/local/mcuxpressoide-11.0.0_2516/ide/plugins/com.nxp.mcuxpresso.tools.linux_11.0.0.201905131304/tools/bin/../lib/gcc/arm-none-eabi/8.2.1/../../../../arm-none-eabi/lib/thumb/v7e-m+fp/hard/libcr_c.a(_writebuf.o)
 .comment       0x0000000000000075       0x76 /usr/local/mcuxpressoide-11.0.0_2516/ide/plugins/com.nxp.mcuxpresso.tools.linux_11.0.0.201905131304/tools/bin/../lib/gcc/arm-none-eabi/8.2.1/../../../../arm-none-eabi/lib/thumb/v7e-m+fp/hard/libcr_c.a(alloc.o)
 .comment       0x0000000000000075       0x76 /usr/local/mcuxpressoide-11.0.0_2516/ide/plugins/com.nxp.mcuxpresso.tools.linux_11.0.0.201905131304/tools/bin/../lib/gcc/arm-none-eabi/8.2.1/../../../../arm-none-eabi/lib/thumb/v7e-m+fp/hard/libcr_c.a(errno.o)
 .comment       0x0000000000000075       0x76 /usr/local/mcuxpressoide-11.0.0_2516/ide/plugins/com.nxp.mcuxpresso.tools.linux_11.0.0.201905131304/tools/bin/../lib/gcc/arm-none-eabi/8.2.1/../../../../arm-none-eabi/lib/thumb/v7e-m+fp/hard/libcr_c.a(_deferredlazyseek.o)
 .comment       0x0000000000000075       0x76 /usr/local/mcuxpressoide-11.0.0_2516/ide/plugins/com.nxp.mcuxpresso.tools.linux_11.0.0.201905131304/tools/bin/../lib/gcc/arm-none-eabi/8.2.1/../../../../arm-none-eabi/lib/thumb/v7e-m+fp/hard/libcr_nohost_nf.a(__ciob.o)
 .comment       0x0000000000000075       0x76 /usr/local/mcuxpressoide-11.0.0_2516/ide/plugins/com.nxp.mcuxpresso.tools.linux_11.0.0.201905131304/tools/bin/../lib/gcc/arm-none-eabi/8.2.1/../../../../arm-none-eabi/lib/thumb/v7e-m+fp/hard/libcr_nohost_nf.a(__sys_close.o)
 .comment       0x0000000000000075       0x76 /usr/local/mcuxpressoide-11.0.0_2516/ide/plugins/com.nxp.mcuxpresso.tools.linux_11.0.0.201905131304/tools/bin/../lib/gcc/arm-none-eabi/8.2.1/../../../../arm-none-eabi/lib/thumb/v7e-m+fp/hard/libcr_nohost_nf.a(__sys_flen.o)
 .comment       0x0000000000000075       0x76 /usr/local/mcuxpressoide-11.0.0_2516/ide/plugins/com.nxp.mcuxpresso.tools.linux_11.0.0.201905131304/tools/bin/../lib/gcc/arm-none-eabi/8.2.1/../../../../arm-none-eabi/lib/thumb/v7e-m+fp/hard/libcr_nohost_nf.a(__sys_istty.o)
 .comment       0x0000000000000075       0x76 /usr/local/mcuxpressoide-11.0.0_2516/ide/plugins/com.nxp.mcuxpresso.tools.linux_11.0.0.201905131304/tools/bin/../lib/gcc/arm-none-eabi/8.2.1/../../../../arm-none-eabi/lib/thumb/v7e-m+fp/hard/libcr_nohost_nf.a(__sys_remove.o)
 .comment       0x0000000000000075       0x76 /usr/local/mcuxpressoide-11.0.0_2516/ide/plugins/com.nxp.mcuxpresso.tools.linux_11.0.0.201905131304/tools/bin/../lib/gcc/arm-none-eabi/8.2.1/../../../../arm-none-eabi/lib/thumb/v7e-m+fp/hard/libcr_nohost_nf.a(__sys_seek.o)
 .comment       0x0000000000000075       0x76 /usr/local/mcuxpressoide-11.0.0_2516/ide/plugins/com.nxp.mcuxpresso.tools.linux_11.0.0.201905131304/tools/bin/../lib/gcc/arm-none-eabi/8.2.1/../../../../arm-none-eabi/lib/thumb/v7e-m+fp/hard/libcr_nohost_nf.a(__sys_tmpnam.o)
 .comment       0x0000000000000075       0x76 /usr/local/mcuxpressoide-11.0.0_2516/ide/plugins/com.nxp.mcuxpresso.tools.linux_11.0.0.201905131304/tools/bin/../lib/gcc/arm-none-eabi/8.2.1/../../../../arm-none-eabi/lib/thumb/v7e-m+fp/hard/libcr_nohost_nf.a(__sys_write.o)

.ARM.attributes
                0x0000000000000000       0x32
 .ARM.attributes
                0x0000000000000000       0x34 ./startup/startup_mk64f12.o
 .ARM.attributes
                0x0000000000000034       0x34 ./source/FTM.o
 .ARM.attributes
                0x0000000000000068       0x34 ./source/GPIO.o
 .ARM.attributes
                0x000000000000009c       0x34 ./source/PORT.o
 .ARM.attributes
                0x00000000000000d0       0x34 ./source/hardware.o
 .ARM.attributes
                0x0000000000000104       0x34 ./source/main.o
 .ARM.attributes
                0x0000000000000138       0x34 ./CMSIS/system_MK64F12.o
 .ARM.attributes
                0x000000000000016c       0x34 /usr/local/mcuxpressoide-11.0.0_2516/ide/plugins/com.nxp.mcuxpresso.tools.linux_11.0.0.201905131304/tools/bin/../lib/gcc/arm-none-eabi/8.2.1/../../../../arm-none-eabi/lib/thumb/v7e-m+fp/hard/libcr_nohost_nf.a(_cr__main.o)
 .ARM.attributes
                0x00000000000001a0       0x34 /usr/local/mcuxpressoide-11.0.0_2516/ide/plugins/com.nxp.mcuxpresso.tools.linux_11.0.0.201905131304/tools/bin/../lib/gcc/arm-none-eabi/8.2.1/../../../../arm-none-eabi/lib/thumb/v7e-m+fp/hard/libcr_c.a(initio.o)
 .ARM.attributes
                0x00000000000001d4       0x34 /usr/local/mcuxpressoide-11.0.0_2516/ide/plugins/com.nxp.mcuxpresso.tools.linux_11.0.0.201905131304/tools/bin/../lib/gcc/arm-none-eabi/8.2.1/../../../../arm-none-eabi/lib/thumb/v7e-m+fp/hard/libcr_c.a(setvbuf.o)
 .ARM.attributes
                0x0000000000000208       0x34 /usr/local/mcuxpressoide-11.0.0_2516/ide/plugins/com.nxp.mcuxpresso.tools.linux_11.0.0.201905131304/tools/bin/../lib/gcc/arm-none-eabi/8.2.1/../../../../arm-none-eabi/lib/thumb/v7e-m+fp/hard/libcr_c.a(_fdopen.o)
 .ARM.attributes
                0x000000000000023c       0x34 /usr/local/mcuxpressoide-11.0.0_2516/ide/plugins/com.nxp.mcuxpresso.tools.linux_11.0.0.201905131304/tools/bin/../lib/gcc/arm-none-eabi/8.2.1/../../../../arm-none-eabi/lib/thumb/v7e-m+fp/hard/libcr_c.a(fclose.o)
 .ARM.attributes
                0x0000000000000270       0x34 /usr/local/mcuxpressoide-11.0.0_2516/ide/plugins/com.nxp.mcuxpresso.tools.linux_11.0.0.201905131304/tools/bin/../lib/gcc/arm-none-eabi/8.2.1/../../../../arm-none-eabi/lib/thumb/v7e-m+fp/hard/libcr_c.a(fflush.o)
 .ARM.attributes
                0x00000000000002a4       0x34 /usr/local/mcuxpressoide-11.0.0_2516/ide/plugins/com.nxp.mcuxpresso.tools.linux_11.0.0.201905131304/tools/bin/../lib/gcc/arm-none-eabi/8.2.1/../../../../arm-none-eabi/lib/thumb/v7e-m+fp/hard/libcr_c.a(fseek.o)
 .ARM.attributes
                0x00000000000002d8       0x34 /usr/local/mcuxpressoide-11.0.0_2516/ide/plugins/com.nxp.mcuxpresso.tools.linux_11.0.0.201905131304/tools/bin/../lib/gcc/arm-none-eabi/8.2.1/../../../../arm-none-eabi/lib/thumb/v7e-m+fp/hard/libcr_c.a(ftell.o)
 .ARM.attributes
                0x000000000000030c       0x34 /usr/local/mcuxpressoide-11.0.0_2516/ide/plugins/com.nxp.mcuxpresso.tools.linux_11.0.0.201905131304/tools/bin/../lib/gcc/arm-none-eabi/8.2.1/../../../../arm-none-eabi/lib/thumb/v7e-m+fp/hard/libcr_c.a(remove.o)
 .ARM.attributes
                0x0000000000000340       0x34 /usr/local/mcuxpressoide-11.0.0_2516/ide/plugins/com.nxp.mcuxpresso.tools.linux_11.0.0.201905131304/tools/bin/../lib/gcc/arm-none-eabi/8.2.1/../../../../arm-none-eabi/lib/thumb/v7e-m+fp/hard/libcr_c.a(strlen.o)
 .ARM.attributes
                0x0000000000000374       0x34 /usr/local/mcuxpressoide-11.0.0_2516/ide/plugins/com.nxp.mcuxpresso.tools.linux_11.0.0.201905131304/tools/bin/../lib/gcc/arm-none-eabi/8.2.1/../../../../arm-none-eabi/lib/thumb/v7e-m+fp/hard/libcr_c.a(memset.o)
 .ARM.attributes
                0x00000000000003a8       0x34 /usr/local/mcuxpressoide-11.0.0_2516/ide/plugins/com.nxp.mcuxpresso.tools.linux_11.0.0.201905131304/tools/bin/../lib/gcc/arm-none-eabi/8.2.1/../../../../arm-none-eabi/lib/thumb/v7e-m+fp/hard/libcr_c.a(_do_fflush.o)
 .ARM.attributes
                0x00000000000003dc       0x34 /usr/local/mcuxpressoide-11.0.0_2516/ide/plugins/com.nxp.mcuxpresso.tools.linux_11.0.0.201905131304/tools/bin/../lib/gcc/arm-none-eabi/8.2.1/../../../../arm-none-eabi/lib/thumb/v7e-m+fp/hard/libcr_c.a(_fflush.o)
 .ARM.attributes
                0x0000000000000410       0x34 /usr/local/mcuxpressoide-11.0.0_2516/ide/plugins/com.nxp.mcuxpresso.tools.linux_11.0.0.201905131304/tools/bin/../lib/gcc/arm-none-eabi/8.2.1/../../../../arm-none-eabi/lib/thumb/v7e-m+fp/hard/libcr_c.a(_writebuf.o)
 .ARM.attributes
                0x0000000000000444       0x34 /usr/local/mcuxpressoide-11.0.0_2516/ide/plugins/com.nxp.mcuxpresso.tools.linux_11.0.0.201905131304/tools/bin/../lib/gcc/arm-none-eabi/8.2.1/../../../../arm-none-eabi/lib/thumb/v7e-m+fp/hard/libcr_c.a(alloc.o)
 .ARM.attributes
                0x0000000000000478       0x39 /usr/local/mcuxpressoide-11.0.0_2516/ide/plugins/com.nxp.mcuxpresso.tools.linux_11.0.0.201905131304/tools/bin/../lib/gcc/arm-none-eabi/8.2.1/../../../../arm-none-eabi/lib/thumb/v7e-m+fp/hard/libcr_c.a(errno.o)
 .ARM.attributes
                0x00000000000004b1       0x34 /usr/local/mcuxpressoide-11.0.0_2516/ide/plugins/com.nxp.mcuxpresso.tools.linux_11.0.0.201905131304/tools/bin/../lib/gcc/arm-none-eabi/8.2.1/../../../../arm-none-eabi/lib/thumb/v7e-m+fp/hard/libcr_c.a(_deferredlazyseek.o)
 .ARM.attributes
                0x00000000000004e5       0x20 /usr/local/mcuxpressoide-11.0.0_2516/ide/plugins/com.nxp.mcuxpresso.tools.linux_11.0.0.201905131304/tools/bin/../lib/gcc/arm-none-eabi/8.2.1/thumb/v7e-m+fp/hard/libcr_eabihelpers.a(memcpy.o)
 .ARM.attributes
                0x0000000000000505       0x39 /usr/local/mcuxpressoide-11.0.0_2516/ide/plugins/com.nxp.mcuxpresso.tools.linux_11.0.0.201905131304/tools/bin/../lib/gcc/arm-none-eabi/8.2.1/../../../../arm-none-eabi/lib/thumb/v7e-m+fp/hard/libcr_nohost_nf.a(__ciob.o)
 .ARM.attributes
                0x000000000000053e       0x34 /usr/local/mcuxpressoide-11.0.0_2516/ide/plugins/com.nxp.mcuxpresso.tools.linux_11.0.0.201905131304/tools/bin/../lib/gcc/arm-none-eabi/8.2.1/../../../../arm-none-eabi/lib/thumb/v7e-m+fp/hard/libcr_nohost_nf.a(__sys_close.o)
 .ARM.attributes
                0x0000000000000572       0x34 /usr/local/mcuxpressoide-11.0.0_2516/ide/plugins/com.nxp.mcuxpresso.tools.linux_11.0.0.201905131304/tools/bin/../lib/gcc/arm-none-eabi/8.2.1/../../../../arm-none-eabi/lib/thumb/v7e-m+fp/hard/libcr_nohost_nf.a(__sys_flen.o)
 .ARM.attributes
                0x00000000000005a6       0x34 /usr/local/mcuxpressoide-11.0.0_2516/ide/plugins/com.nxp.mcuxpresso.tools.linux_11.0.0.201905131304/tools/bin/../lib/gcc/arm-none-eabi/8.2.1/../../../../arm-none-eabi/lib/thumb/v7e-m+fp/hard/libcr_nohost_nf.a(__sys_istty.o)
 .ARM.attributes
                0x00000000000005da       0x34 /usr/local/mcuxpressoide-11.0.0_2516/ide/plugins/com.nxp.mcuxpresso.tools.linux_11.0.0.201905131304/tools/bin/../lib/gcc/arm-none-eabi/8.2.1/../../../../arm-none-eabi/lib/thumb/v7e-m+fp/hard/libcr_nohost_nf.a(__sys_remove.o)
 .ARM.attributes
                0x000000000000060e       0x34 /usr/local/mcuxpressoide-11.0.0_2516/ide/plugins/com.nxp.mcuxpresso.tools.linux_11.0.0.201905131304/tools/bin/../lib/gcc/arm-none-eabi/8.2.1/../../../../arm-none-eabi/lib/thumb/v7e-m+fp/hard/libcr_nohost_nf.a(__sys_seek.o)
 .ARM.attributes
                0x0000000000000642       0x34 /usr/local/mcuxpressoide-11.0.0_2516/ide/plugins/com.nxp.mcuxpresso.tools.linux_11.0.0.201905131304/tools/bin/../lib/gcc/arm-none-eabi/8.2.1/../../../../arm-none-eabi/lib/thumb/v7e-m+fp/hard/libcr_nohost_nf.a(__sys_tmpnam.o)
 .ARM.attributes
                0x0000000000000676       0x34 /usr/local/mcuxpressoide-11.0.0_2516/ide/plugins/com.nxp.mcuxpresso.tools.linux_11.0.0.201905131304/tools/bin/../lib/gcc/arm-none-eabi/8.2.1/../../../../arm-none-eabi/lib/thumb/v7e-m+fp/hard/libcr_nohost_nf.a(__sys_write.o)

.debug_frame    0x0000000000000000     0x1414
 .debug_frame   0x0000000000000000      0xa60 ./startup/startup_mk64f12.o
 .debug_frame   0x0000000000000a60      0x414 ./source/FTM.o
 .debug_frame   0x0000000000000e74      0x14c ./source/GPIO.o
 .debug_frame   0x0000000000000fc0      0x284 ./source/PORT.o
 .debug_frame   0x0000000000001244       0x7c ./source/hardware.o
 .debug_frame   0x00000000000012c0       0xf4 ./source/main.o
 .debug_frame   0x00000000000013b4       0x60 ./CMSIS/system_MK64F12.o
