core_cm4.h:1626:22:NVIC_EnableIRQ	16	static
FTM.c:16:9:FTM0_IRQHandler	16	static
FTM.c:21:6:PWM_ISR	8	static
FTM.c:31:6:FTM_Init	8	static
FTM.c:61:6:PWM_Init	16	static
FTM.c:104:6:FTM_SetPrescaler	16	static
FTM.c:109:6:FTM_SetModulus	16	static
FTM.c:116:11:FTM_GetModulus	16	static
FTM.c:121:6:FTM_StartClock	16	static
FTM.c:126:6:FTM_StopClock	16	static
FTM.c:131:6:FTM_SetOverflowMode	16	static
FTM.c:136:6:FTM_IsOverflowPending	16	static
FTM.c:141:6:FTM_ClearOverflowFlag	16	static
FTM.c:146:6:FTM_SetWorkingMode	24	static
FTM.c:152:11:FTM_GetWorkingMode	16	static
FTM.c:157:6:FTM_SetInputCaptureEdge	24	static
FTM.c:163:11:FTM_GetInputCaptureEdge	16	static
FTM.c:168:6:FTM_SetOutputCompareEffect	24	static
FTM.c:174:13:FTM_GetOutputCompareEffect	16	static
FTM.c:179:6:FTM_SetPulseWidthModulationLogic	24	static
FTM.c:185:12:FTM_GetPulseWidthModulationLogic	16	static
FTM.c:190:6:FTM_SetCounter	24	static
FTM.c:195:11:FTM_GetCounter	16	static
FTM.c:200:6:FTM_SetInterruptMode	24	static
FTM.c:205:6:FTM_IsInterruptPending	16	static
FTM.c:210:6:FTM_ClearInterruptFlag	16	static
