Archive member included to satisfy reference by file (symbol)

/usr/local/mcuxpressoide-10.0.2_411/ide/tools/bin/../lib/gcc/arm-none-eabi/5.4.1/../../../../arm-none-eabi/lib/armv7e-m/fpu/libcr_nohost_nf.a(_cr__main.o)
                              ./startup/startup_mk64f12.o (__main)
/usr/local/mcuxpressoide-10.0.2_411/ide/tools/bin/../lib/gcc/arm-none-eabi/5.4.1/../../../../arm-none-eabi/lib/armv7e-m/fpu/libcr_c.a(initio.o)
                              /usr/local/mcuxpressoide-10.0.2_411/ide/tools/bin/../lib/gcc/arm-none-eabi/5.4.1/../../../../arm-none-eabi/lib/armv7e-m/fpu/libcr_nohost_nf.a(_cr__main.o) (_initio)
/usr/local/mcuxpressoide-10.0.2_411/ide/tools/bin/../lib/gcc/arm-none-eabi/5.4.1/../../../../arm-none-eabi/lib/armv7e-m/fpu/libcr_c.a(setvbuf.o)
                              /usr/local/mcuxpressoide-10.0.2_411/ide/tools/bin/../lib/gcc/arm-none-eabi/5.4.1/../../../../arm-none-eabi/lib/armv7e-m/fpu/libcr_c.a(initio.o) (setvbuf)
/usr/local/mcuxpressoide-10.0.2_411/ide/tools/bin/../lib/gcc/arm-none-eabi/5.4.1/../../../../arm-none-eabi/lib/armv7e-m/fpu/libcr_c.a(_fdopen.o)
                              /usr/local/mcuxpressoide-10.0.2_411/ide/tools/bin/../lib/gcc/arm-none-eabi/5.4.1/../../../../arm-none-eabi/lib/armv7e-m/fpu/libcr_c.a(initio.o) (_fdopen)
/usr/local/mcuxpressoide-10.0.2_411/ide/tools/bin/../lib/gcc/arm-none-eabi/5.4.1/../../../../arm-none-eabi/lib/armv7e-m/fpu/libcr_c.a(fclose.o)
                              /usr/local/mcuxpressoide-10.0.2_411/ide/tools/bin/../lib/gcc/arm-none-eabi/5.4.1/../../../../arm-none-eabi/lib/armv7e-m/fpu/libcr_c.a(initio.o) (fclose)
/usr/local/mcuxpressoide-10.0.2_411/ide/tools/bin/../lib/gcc/arm-none-eabi/5.4.1/../../../../arm-none-eabi/lib/armv7e-m/fpu/libcr_c.a(fflush.o)
                              /usr/local/mcuxpressoide-10.0.2_411/ide/tools/bin/../lib/gcc/arm-none-eabi/5.4.1/../../../../arm-none-eabi/lib/armv7e-m/fpu/libcr_c.a(fclose.o) (fflush)
/usr/local/mcuxpressoide-10.0.2_411/ide/tools/bin/../lib/gcc/arm-none-eabi/5.4.1/../../../../arm-none-eabi/lib/armv7e-m/fpu/libcr_c.a(fseek.o)
                              /usr/local/mcuxpressoide-10.0.2_411/ide/tools/bin/../lib/gcc/arm-none-eabi/5.4.1/../../../../arm-none-eabi/lib/armv7e-m/fpu/libcr_c.a(_fdopen.o) (fseek)
/usr/local/mcuxpressoide-10.0.2_411/ide/tools/bin/../lib/gcc/arm-none-eabi/5.4.1/../../../../arm-none-eabi/lib/armv7e-m/fpu/libcr_c.a(ftell.o)
                              /usr/local/mcuxpressoide-10.0.2_411/ide/tools/bin/../lib/gcc/arm-none-eabi/5.4.1/../../../../arm-none-eabi/lib/armv7e-m/fpu/libcr_c.a(fseek.o) (ftell)
/usr/local/mcuxpressoide-10.0.2_411/ide/tools/bin/../lib/gcc/arm-none-eabi/5.4.1/../../../../arm-none-eabi/lib/armv7e-m/fpu/libcr_c.a(remove.o)
                              /usr/local/mcuxpressoide-10.0.2_411/ide/tools/bin/../lib/gcc/arm-none-eabi/5.4.1/../../../../arm-none-eabi/lib/armv7e-m/fpu/libcr_c.a(fclose.o) (remove)
/usr/local/mcuxpressoide-10.0.2_411/ide/tools/bin/../lib/gcc/arm-none-eabi/5.4.1/../../../../arm-none-eabi/lib/armv7e-m/fpu/libcr_c.a(strlen.o)
                              /usr/local/mcuxpressoide-10.0.2_411/ide/tools/bin/../lib/gcc/arm-none-eabi/5.4.1/../../../../arm-none-eabi/lib/armv7e-m/fpu/libcr_c.a(remove.o) (strlen)
/usr/local/mcuxpressoide-10.0.2_411/ide/tools/bin/../lib/gcc/arm-none-eabi/5.4.1/../../../../arm-none-eabi/lib/armv7e-m/fpu/libcr_c.a(memset.o)
                              /usr/local/mcuxpressoide-10.0.2_411/ide/tools/bin/../lib/gcc/arm-none-eabi/5.4.1/../../../../arm-none-eabi/lib/armv7e-m/fpu/libcr_c.a(fclose.o) (memset)
/usr/local/mcuxpressoide-10.0.2_411/ide/tools/bin/../lib/gcc/arm-none-eabi/5.4.1/../../../../arm-none-eabi/lib/armv7e-m/fpu/libcr_c.a(_do_fflush.o)
                              /usr/local/mcuxpressoide-10.0.2_411/ide/tools/bin/../lib/gcc/arm-none-eabi/5.4.1/../../../../arm-none-eabi/lib/armv7e-m/fpu/libcr_c.a(fflush.o) (_do_fflush)
/usr/local/mcuxpressoide-10.0.2_411/ide/tools/bin/../lib/gcc/arm-none-eabi/5.4.1/../../../../arm-none-eabi/lib/armv7e-m/fpu/libcr_c.a(_fflush.o)
                              /usr/local/mcuxpressoide-10.0.2_411/ide/tools/bin/../lib/gcc/arm-none-eabi/5.4.1/../../../../arm-none-eabi/lib/armv7e-m/fpu/libcr_c.a(_do_fflush.o) (_fflush)
/usr/local/mcuxpressoide-10.0.2_411/ide/tools/bin/../lib/gcc/arm-none-eabi/5.4.1/../../../../arm-none-eabi/lib/armv7e-m/fpu/libcr_c.a(_writebuf.o)
                              /usr/local/mcuxpressoide-10.0.2_411/ide/tools/bin/../lib/gcc/arm-none-eabi/5.4.1/../../../../arm-none-eabi/lib/armv7e-m/fpu/libcr_c.a(_fflush.o) (_Cwritebuf)
/usr/local/mcuxpressoide-10.0.2_411/ide/tools/bin/../lib/gcc/arm-none-eabi/5.4.1/../../../../arm-none-eabi/lib/armv7e-m/fpu/libcr_c.a(alloc.o)
                              /usr/local/mcuxpressoide-10.0.2_411/ide/tools/bin/../lib/gcc/arm-none-eabi/5.4.1/../../../../arm-none-eabi/lib/armv7e-m/fpu/libcr_c.a(fclose.o) (free)
[...]
Memory Configuration

Name             Origin             Length             Attributes
PROGRAM_FLASH    0x00000000         0x00100000         xr
SRAM_UPPER       0x20000000         0x00030000         xrw
SRAM_LOWER       0x1fff0000         0x00010000         xrw
FLEX_RAM         0x14000000         0x00001000         xrw
*default*        0x00000000         0xffffffff

Linker script and memory map

LOAD ./startup/startup_mk64f12.o
LOAD ./source/App.o
LOAD ./source/GPIO.o
LOAD ./source/LED.o
LOAD ./source/PORT.o
LOAD ./source/SysTick.o
LOAD ./source/hardware.o
LOAD ./source/main.o
LOAD ./CMSIS/system_MK64F12.o
START GROUP
LOAD /usr/local/mcuxpressoide-10.0.2_411/ide/tools/bin/../lib/gcc/arm-none-eabi/5.4.1/../../../../arm-none-eabi/lib/armv7e-m/fpu/libcr_nohost_nf.a
LOAD /usr/local/mcuxpressoide-10.0.2_411/ide/tools/bin/../lib/gcc/arm-none-eabi/5.4.1/../../../../arm-none-eabi/lib/armv7e-m/fpu/libcr_c.a
LOAD /usr/local/mcuxpressoide-10.0.2_411/ide/tools/bin/../lib/gcc/arm-none-eabi/5.4.1/armv7e-m/fpu/libcr_eabihelpers.a
END GROUP
                0x00000000                __base_PROGRAM_FLASH = 0x0
                0x00000000                __base_Flash = 0x0
                0x00100000                __top_PROGRAM_FLASH = 0x100000
                0x00100000                __top_Flash = 0x100000
                0x20000000                __base_SRAM_UPPER = 0x20000000
                0x20000000                __base_RAM = 0x20000000
                0x20030000                __top_SRAM_UPPER = 0x20030000
                0x20030000                __top_RAM = 0x20030000
                0x1fff0000                __base_SRAM_LOWER = 0x1fff0000
                0x1fff0000                __base_RAM2 = 0x1fff0000
                0x20000000                __top_SRAM_LOWER = 0x20000000
                0x20000000                __top_RAM2 = 0x20000000
                0x14000000                __base_FLEX_RAM = 0x14000000
                0x14000000                __base_RAM3 = 0x14000000
                0x14001000                __top_FLEX_RAM = 0x14001000
                0x14001000                __top_RAM3 = 0x14001000

.text           0x00000000      0xf00
 FILL mask 0xff
                0x00000000                __vectors_start__ = ABSOLUTE (.)
 *(.isr_vector)
 .isr_vector    0x00000000      0x198 ./startup/startup_mk64f12.o
                0x00000000                __Vectors
                0x00000000                g_pfnVectors
                0x00000198                . = ALIGN (0x4)
                0x00000198                __section_table_start = .
                0x00000198                __data_section_table = .
                0x00000198        0x4 LONG 0xf00 LOADADDR (.data)
                0x0000019c        0x4 LONG 0x20000000 ADDR (.data)
                0x000001a0        0x4 LONG 0x88 SIZEOF (.data)
                0x000001a4        0x4 LONG 0xf00 LOADADDR (.data_RAM2)
                0x000001a8        0x4 LONG 0x1fff0000 ADDR (.data_RAM2)
                0x000001ac        0x4 LONG 0x0 SIZEOF (.data_RAM2)
                0x000001b0        0x4 LONG 0xf00 LOADADDR (.data_RAM3)
                0x000001b4        0x4 LONG 0x14000000 ADDR (.data_RAM3)
                0x000001b8        0x4 LONG 0x0 SIZEOF (.data_RAM3)
                0x000001bc                __data_section_table_end = .
                0x000001bc                __bss_section_table = .
                0x000001bc        0x4 LONG 0x20000088 ADDR (.bss)
                0x000001c0        0x4 LONG 0xbc SIZEOF (.bss)
                0x000001c4        0x4 LONG 0x1fff0000 ADDR (.bss_RAM2)
                0x000001c8        0x4 LONG 0x0 SIZEOF (.bss_RAM2)
                0x000001cc        0x4 LONG 0x14000000 ADDR (.bss_RAM3)
                0x000001d0        0x4 LONG 0x0 SIZEOF (.bss_RAM3)
                0x000001d4                __bss_section_table_end = .
                0x000001d4                __section_table_end = .
 *(.after_vectors*)
 .after_vectors.init_data
                0x000001d4       0x1c ./startup/startup_mk64f12.o
                0x000001d4                data_init
 .after_vectors.init_bss
                0x000001f0       0x14 ./startup/startup_mk64f12.o
                0x000001f0                bss_init
 .after_vectors.reset
                0x00000204       0x4c ./startup/startup_mk64f12.o
                0x00000204                ResetISR
 .after_vectors
                0x00000250       0x28 ./startup/startup_mk64f12.o
                0x00000250                NMI_Handler
                0x00000254                HardFault_Handler
                0x00000258                MemManage_Handler
                0x0000025c                BusFault_Handler
                0x00000260                UsageFault_Handler
                0x00000264                SVC_Handler
                0x00000268                DebugMon_Handler
                0x0000026c                PendSV_Handler
                0x00000274                DMA0_DriverIRQHandler
                0x00000274                PORTB_DriverIRQHandler
                0x00000274                DMA12_DriverIRQHandler
                0x00000274                SPI1_DriverIRQHandler
                0x00000274                LPTMR0_DriverIRQHandler
                0x00000274                DMA_Error_DriverIRQHandler
                0x00000274                FTM1_DriverIRQHandler
                0x00000274                FTM2_DriverIRQHandler
                0x00000274                PIT2_DriverIRQHandler
                0x00000274                SDHC_DriverIRQHandler
                0x00000274                I2S0_Tx_DriverIRQHandler
                0x00000274                RTC_Seconds_DriverIRQHandler
                0x00000274                DMA6_DriverIRQHandler
                0x00000274                LLWU_DriverIRQHandler
                0x00000274                MCM_DriverIRQHandler
                0x00000274                MCG_DriverIRQHandler
                0x00000274                ENET_1588_Timer_DriverIRQHandler
                0x00000274                I2C2_DriverIRQHandler
                0x00000274                DAC1_DriverIRQHandler
                0x00000274                CMP1_DriverIRQHandler
                0x00000274                UART5_RX_TX_DriverIRQHandler
                0x00000274                FTM0_DriverIRQHandler
                0x00000274                IntDefaultHandler
                0x00000274                USB0_DriverIRQHandler
                0x00000274                UART5_ERR_DriverIRQHandler
                0x00000274                PORTC_DriverIRQHandler
                0x00000274                DMA11_DriverIRQHandler
                0x00000274                DAC0_DriverIRQHandler
                0x00000274                DMA10_DriverIRQHandler
                0x00000274                CMP2_DriverIRQHandler
                0x00000274                UART2_ERR_DriverIRQHandler
                0x00000274                SPI2_DriverIRQHandler
                0x00000274                LVD_LVW_DriverIRQHandler
                0x00000274                PIT0_DriverIRQHandler
                0x00000274                RNG_DriverIRQHandler
                0x00000274                DMA5_DriverIRQHandler
                0x00000274                DMA4_DriverIRQHandler
                0x00000274                UART2_RX_TX_DriverIRQHandler
                0x00000274                USBDCD_DriverIRQHandler
                0x00000274                UART3_ERR_DriverIRQHandler
                0x00000274                DMA3_DriverIRQHandler
                0x00000274                DMA8_DriverIRQHandler
                0x00000274                DMA9_DriverIRQHandler
                0x00000274                UART0_ERR_DriverIRQHandler
                0x00000274                CMT_DriverIRQHandler
                0x00000274                Reserved71_DriverIRQHandler
                0x00000274                ADC1_DriverIRQHandler
                0x00000274                PORTA_DriverIRQHandler
                0x00000274                DMA14_DriverIRQHandler
                0x00000274                PIT3_DriverIRQHandler
                0x00000274                PIT1_DriverIRQHandler
                0x00000274                WDOG_EWM_DriverIRQHandler
                0x00000274                PDB0_DriverIRQHandler
                0x00000274                RTC_DriverIRQHandler
                0x00000274                I2S0_Rx_DriverIRQHandler
                0x00000274                Read_Collision_DriverIRQHandler
                0x00000274                SWI_DriverIRQHandler
                0x00000274                UART4_RX_TX_DriverIRQHandler
                0x00000274                UART4_ERR_DriverIRQHandler
                0x00000274                UART0_LON_DriverIRQHandler
                0x00000274                DMA1_DriverIRQHandler
                0x00000274                I2C1_DriverIRQHandler
                0x00000274                UART3_RX_TX_DriverIRQHandler
                0x00000274                ENET_Receive_DriverIRQHandler
                0x00000274                DMA13_DriverIRQHandler
                0x00000274                ENET_Error_DriverIRQHandler
                0x00000274                DMA15_DriverIRQHandler
                0x00000274                UART0_RX_TX_DriverIRQHandler
                0x00000274                SPI0_DriverIRQHandler
                0x00000274                ADC0_DriverIRQHandler
                0x00000274                CMP0_DriverIRQHandler
                0x00000274                CAN0_DriverIRQHandler
                0x00000274                FTM3_DriverIRQHandler
                0x00000274                UART1_ERR_DriverIRQHandler
                0x00000274                DMA2_DriverIRQHandler
                0x00000274                ENET_Transmit_DriverIRQHandler
                0x00000274                PORTD_DriverIRQHandler
                0x00000274                PORTE_DriverIRQHandler
                0x00000274                FTFE_DriverIRQHandler
                0x00000274                I2C0_DriverIRQHandler
                0x00000274                DMA7_DriverIRQHandler
                0x00000274                UART1_RX_TX_DriverIRQHandler
                0x00000400                . = 0x400
 *fill*         0x00000278      0x188 ff
                0x00000400                PROVIDE (__FLASH_CONFIG_START__, .)
 *(.FlashConfig)
 .FlashConfig   0x00000400       0x10 ./startup/startup_mk64f12.o
                0x00000400                Flash_Config
                0x00000410                PROVIDE (__FLASH_CONFIG_END__, .)
                0x00000001                ASSERT (! ((__FLASH_CONFIG_START__ == __FLASH_CONFIG_END__)), Linker Flash Config Support Enabled, but no .FlashConfig section provided within application)
 *(.text*)
 .text.DMA0_IRQHandler
                0x00000410        0x8 ./startup/startup_mk64f12.o
                0x00000410                DMA0_IRQHandler
 .text.DMA1_IRQHandler
                0x00000418        0x8 ./startup/startup_mk64f12.o
                0x00000418                DMA1_IRQHandler
 .text.DMA2_IRQHandler
                0x00000420        0x8 ./startup/startup_mk64f12.o
                0x00000420                DMA2_IRQHandler
 .text.DMA3_IRQHandler
                0x00000428        0x8 ./startup/startup_mk64f12.o
                0x00000428                DMA3_IRQHandler
 .text.DMA4_IRQHandler
                0x00000430        0x8 ./startup/startup_mk64f12.o
                0x00000430                DMA4_IRQHandler
 .text.DMA5_IRQHandler
                0x00000438        0x8 ./startup/startup_mk64f12.o
                0x00000438                DMA5_IRQHandler
 .text.DMA6_IRQHandler
                0x00000440        0x8 ./startup/startup_mk64f12.o
                0x00000440                DMA6_IRQHandler
 .text.DMA7_IRQHandler
                0x00000448        0x8 ./startup/startup_mk64f12.o
                0x00000448                DMA7_IRQHandler
 .text.DMA8_IRQHandler
                0x00000450        0x8 ./startup/startup_mk64f12.o
                0x00000450                DMA8_IRQHandler
 .text.DMA9_IRQHandler
                0x00000458        0x8 ./startup/startup_mk64f12.o
                0x00000458                DMA9_IRQHandler
 .text.DMA10_IRQHandler
                0x00000460        0x8 ./startup/startup_mk64f12.o
                0x00000460                DMA10_IRQHandler
 .text.DMA11_IRQHandler
                0x00000468        0x8 ./startup/startup_mk64f12.o
                0x00000468                DMA11_IRQHandler
 .text.DMA12_IRQHandler
                0x00000470        0x8 ./startup/startup_mk64f12.o
                0x00000470                DMA12_IRQHandler
 .text.DMA13_IRQHandler
                0x00000478        0x8 ./startup/startup_mk64f12.o
                0x00000478                DMA13_IRQHandler
 .text.DMA14_IRQHandler
                0x00000480        0x8 ./startup/startup_mk64f12.o
                0x00000480                DMA14_IRQHandler
 .text.DMA15_IRQHandler
                0x00000488        0x8 ./startup/startup_mk64f12.o
                0x00000488                DMA15_IRQHandler
 .text.DMA_Error_IRQHandler
                0x00000490        0x8 ./startup/startup_mk64f12.o
                0x00000490                DMA_Error_IRQHandler
 .text.MCM_IRQHandler
                0x00000498        0x8 ./startup/startup_mk64f12.o
                0x00000498                MCM_IRQHandler
 .text.FTFE_IRQHandler
                0x000004a0        0x8 ./startup/startup_mk64f12.o
                0x000004a0                FTFE_IRQHandler
 .text.Read_Collision_IRQHandler
                0x000004a8        0x8 ./startup/startup_mk64f12.o
                0x000004a8                Read_Collision_IRQHandler
 .text.LVD_LVW_IRQHandler
                0x000004b0        0x8 ./startup/startup_mk64f12.o
                0x000004b0                LVD_LVW_IRQHandler
 .text.LLWU_IRQHandler
                0x000004b8        0x8 ./startup/startup_mk64f12.o
                0x000004b8                LLWU_IRQHandler
 .text.WDOG_EWM_IRQHandler
                0x000004c0        0x8 ./startup/startup_mk64f12.o
                0x000004c0                WDOG_EWM_IRQHandler
 .text.RNG_IRQHandler
                0x000004c8        0x8 ./startup/startup_mk64f12.o
                0x000004c8                RNG_IRQHandler
 .text.I2C0_IRQHandler
                0x000004d0        0x8 ./startup/startup_mk64f12.o
                0x000004d0                I2C0_IRQHandler
 .text.I2C1_IRQHandler
                0x000004d8        0x8 ./startup/startup_mk64f12.o
                0x000004d8                I2C1_IRQHandler
 .text.SPI0_IRQHandler
                0x000004e0        0x8 ./startup/startup_mk64f12.o
                0x000004e0                SPI0_IRQHandler
 .text.SPI1_IRQHandler
                0x000004e8        0x8 ./startup/startup_mk64f12.o
                0x000004e8                SPI1_IRQHandler
 .text.I2S0_Tx_IRQHandler
                0x000004f0        0x8 ./startup/startup_mk64f12.o
                0x000004f0                I2S0_Tx_IRQHandler
 .text.I2S0_Rx_IRQHandler
                0x000004f8        0x8 ./startup/startup_mk64f12.o
                0x000004f8                I2S0_Rx_IRQHandler
 .text.UART0_LON_IRQHandler
                0x00000500        0x8 ./startup/startup_mk64f12.o
                0x00000500                UART0_LON_IRQHandler
 .text.UART0_RX_TX_IRQHandler
                0x00000508        0x8 ./startup/startup_mk64f12.o
                0x00000508                UART0_RX_TX_IRQHandler
 .text.UART0_ERR_IRQHandler
                0x00000510        0x8 ./startup/startup_mk64f12.o
                0x00000510                UART0_ERR_IRQHandler
 .text.UART1_RX_TX_IRQHandler
                0x00000518        0x8 ./startup/startup_mk64f12.o
                0x00000518                UART1_RX_TX_IRQHandler
 .text.UART1_ERR_IRQHandler
                0x00000520        0x8 ./startup/startup_mk64f12.o
                0x00000520                UART1_ERR_IRQHandler
 .text.UART2_RX_TX_IRQHandler
                0x00000528        0x8 ./startup/startup_mk64f12.o
                0x00000528                UART2_RX_TX_IRQHandler
 .text.UART2_ERR_IRQHandler
                0x00000530        0x8 ./startup/startup_mk64f12.o
                0x00000530                UART2_ERR_IRQHandler
 .text.UART3_RX_TX_IRQHandler
                0x00000538        0x8 ./startup/startup_mk64f12.o
                0x00000538                UART3_RX_TX_IRQHandler
 .text.UART3_ERR_IRQHandler
                0x00000540        0x8 ./startup/startup_mk64f12.o
                0x00000540                UART3_ERR_IRQHandler
 .text.ADC0_IRQHandler
                0x00000548        0x8 ./startup/startup_mk64f12.o
                0x00000548                ADC0_IRQHandler
 .text.CMP0_IRQHandler
                0x00000550        0x8 ./startup/startup_mk64f12.o
                0x00000550                CMP0_IRQHandler
 .text.CMP1_IRQHandler
                0x00000558        0x8 ./startup/startup_mk64f12.o
                0x00000558                CMP1_IRQHandler
 .text.FTM0_IRQHandler
                0x00000560        0x8 ./startup/startup_mk64f12.o
                0x00000560                FTM0_IRQHandler
 .text.FTM1_IRQHandler
                0x00000568        0x8 ./startup/startup_mk64f12.o
                0x00000568                FTM1_IRQHandler
 .text.FTM2_IRQHandler
                0x00000570        0x8 ./startup/startup_mk64f12.o
                0x00000570                FTM2_IRQHandler
 .text.CMT_IRQHandler
                0x00000578        0x8 ./startup/startup_mk64f12.o
                0x00000578                CMT_IRQHandler
 .text.RTC_IRQHandler
                0x00000580        0x8 ./startup/startup_mk64f12.o
                0x00000580                RTC_IRQHandler
 .text.RTC_Seconds_IRQHandler
                0x00000588        0x8 ./startup/startup_mk64f12.o
                0x00000588                RTC_Seconds_IRQHandler
 .text.PIT0_IRQHandler
                0x00000590        0x8 ./startup/startup_mk64f12.o
                0x00000590                PIT0_IRQHandler
 .text.PIT1_IRQHandler
                0x00000598        0x8 ./startup/startup_mk64f12.o
                0x00000598                PIT1_IRQHandler
 .text.PIT2_IRQHandler
                0x000005a0        0x8 ./startup/startup_mk64f12.o
                0x000005a0                PIT2_IRQHandler
 .text.PIT3_IRQHandler
                0x000005a8        0x8 ./startup/startup_mk64f12.o
                0x000005a8                PIT3_IRQHandler
 .text.PDB0_IRQHandler
                0x000005b0        0x8 ./startup/startup_mk64f12.o
                0x000005b0                PDB0_IRQHandler
 .text.USB0_IRQHandler
                0x000005b8        0x8 ./startup/startup_mk64f12.o
                0x000005b8                USB0_IRQHandler
 .text.USBDCD_IRQHandler
                0x000005c0        0x8 ./startup/startup_mk64f12.o
                0x000005c0                USBDCD_IRQHandler
 .text.Reserved71_IRQHandler
                0x000005c8        0x8 ./startup/startup_mk64f12.o
                0x000005c8                Reserved71_IRQHandler
 .text.DAC0_IRQHandler
                0x000005d0        0x8 ./startup/startup_mk64f12.o
                0x000005d0                DAC0_IRQHandler
 .text.MCG_IRQHandler
                0x000005d8        0x8 ./startup/startup_mk64f12.o
                0x000005d8                MCG_IRQHandler
 .text.LPTMR0_IRQHandler
                0x000005e0        0x8 ./startup/startup_mk64f12.o
                0x000005e0                LPTMR0_IRQHandler
 .text.PORTA_IRQHandler
                0x000005e8        0x8 ./startup/startup_mk64f12.o
                0x000005e8                PORTA_IRQHandler
 .text.PORTB_IRQHandler
                0x000005f0        0x8 ./startup/startup_mk64f12.o
                0x000005f0                PORTB_IRQHandler
 .text.PORTC_IRQHandler
                0x000005f8        0x8 ./startup/startup_mk64f12.o
                0x000005f8                PORTC_IRQHandler
 .text.PORTD_IRQHandler
                0x00000600        0x8 ./startup/startup_mk64f12.o
                0x00000600                PORTD_IRQHandler
 .text.PORTE_IRQHandler
                0x00000608        0x8 ./startup/startup_mk64f12.o
                0x00000608                PORTE_IRQHandler
 .text.SWI_IRQHandler
                0x00000610        0x8 ./startup/startup_mk64f12.o
                0x00000610                SWI_IRQHandler
 .text.SPI2_IRQHandler
                0x00000618        0x8 ./startup/startup_mk64f12.o
                0x00000618                SPI2_IRQHandler
 .text.UART4_RX_TX_IRQHandler
                0x00000620        0x8 ./startup/startup_mk64f12.o
                0x00000620                UART4_RX_TX_IRQHandler
 .text.UART4_ERR_IRQHandler
                0x00000628        0x8 ./startup/startup_mk64f12.o
                0x00000628                UART4_ERR_IRQHandler
 .text.UART5_RX_TX_IRQHandler
                0x00000630        0x8 ./startup/startup_mk64f12.o
                0x00000630                UART5_RX_TX_IRQHandler
 .text.UART5_ERR_IRQHandler
                0x00000638        0x8 ./startup/startup_mk64f12.o
                0x00000638                UART5_ERR_IRQHandler
 .text.CMP2_IRQHandler
                0x00000640        0x8 ./startup/startup_mk64f12.o
                0x00000640                CMP2_IRQHandler
 .text.FTM3_IRQHandler
                0x00000648        0x8 ./startup/startup_mk64f12.o
                0x00000648                FTM3_IRQHandler
 .text.DAC1_IRQHandler
                0x00000650        0x8 ./startup/startup_mk64f12.o
                0x00000650                DAC1_IRQHandler
 .text.ADC1_IRQHandler
                0x00000658        0x8 ./startup/startup_mk64f12.o
                0x00000658                ADC1_IRQHandler
 .text.I2C2_IRQHandler
                0x00000660        0x8 ./startup/startup_mk64f12.o
                0x00000660                I2C2_IRQHandler
 .text.CAN0_ORed_Message_buffer_IRQHandler
                0x00000668        0x8 ./startup/startup_mk64f12.o
                0x00000668                CAN0_ORed_Message_buffer_IRQHandler
 .text.CAN0_Bus_Off_IRQHandler
                0x00000670        0x8 ./startup/startup_mk64f12.o
                0x00000670                CAN0_Bus_Off_IRQHandler
 .text.CAN0_Error_IRQHandler
                0x00000678        0x8 ./startup/startup_mk64f12.o
                0x00000678                CAN0_Error_IRQHandler
 .text.CAN0_Tx_Warning_IRQHandler
                0x00000680        0x8 ./startup/startup_mk64f12.o
                0x00000680                CAN0_Tx_Warning_IRQHandler
 .text.CAN0_Rx_Warning_IRQHandler
                0x00000688        0x8 ./startup/startup_mk64f12.o
                0x00000688                CAN0_Rx_Warning_IRQHandler
 .text.CAN0_Wake_Up_IRQHandler
                0x00000690        0x8 ./startup/startup_mk64f12.o
                0x00000690                CAN0_Wake_Up_IRQHandler
 .text.SDHC_IRQHandler
                0x00000698        0x8 ./startup/startup_mk64f12.o
                0x00000698                SDHC_IRQHandler
 .text.ENET_1588_Timer_IRQHandler
                0x000006a0        0x8 ./startup/startup_mk64f12.o
                0x000006a0                ENET_1588_Timer_IRQHandler
 .text.ENET_Transmit_IRQHandler
                0x000006a8        0x8 ./startup/startup_mk64f12.o
                0x000006a8                ENET_Transmit_IRQHandler
 .text.ENET_Receive_IRQHandler
                0x000006b0        0x8 ./startup/startup_mk64f12.o
                0x000006b0                ENET_Receive_IRQHandler
 .text.ENET_Error_IRQHandler
                0x000006b8        0x8 ./startup/startup_mk64f12.o
                0x000006b8                ENET_Error_IRQHandler
 .text.GPIO_Write
                0x000006c0       0x3c ./source/GPIO.o
                0x000006c0                GPIO_Write
 .text.GPIO_Read
                0x000006fc       0x24 ./source/GPIO.o
                0x000006fc                GPIO_Read
 .text.LED_PISR
                0x00000720       0xcc ./source/LED.o
                0x00000720                LED_PISR
 .text.SysTick_Handler
                0x000007ec       0x1c ./source/SysTick.o
                0x000007ec                SysTick_Handler
 .text.main     0x00000808      0x144 ./source/main.o
                0x00000808                main
 .text.delayLoop
                0x0000094c       0x20 ./source/main.o
                0x0000094c                delayLoop
 .text.SystemInit
                0x0000096c       0x40 ./CMSIS/system_MK64F12.o
                0x0000096c                SystemInit
 .text.__main   0x000009ac        0xe /usr/local/mcuxpressoide-10.0.2_411/ide/tools/bin/../lib/gcc/arm-none-eabi/5.4.1/../../../../arm-none-eabi/lib/armv7e-m/fpu/libcr_nohost_nf.a(_cr__main.o)
                0x000009ac                __main
 *fill*         0x000009ba        0x2 ff
 .text._initio  0x000009bc       0x78 /usr/local/mcuxpressoide-10.0.2_411/ide/tools/bin/../lib/gcc/arm-none-eabi/5.4.1/../../../../arm-none-eabi/lib/armv7e-m/fpu/libcr_c.a(initio.o)
                0x000009bc                _initio
 .text.setvbuf  0x00000a34       0x44 /usr/local/mcuxpressoide-10.0.2_411/ide/tools/bin/../lib/gcc/arm-none-eabi/5.4.1/../../../../arm-none-eabi/lib/armv7e-m/fpu/libcr_c.a(setvbuf.o)
                0x00000a34                setvbuf
 .text._fdopen  0x00000a78       0x6a /usr/local/mcuxpressoide-10.0.2_411/ide/tools/bin/../lib/gcc/arm-none-eabi/5.4.1/../../../../arm-none-eabi/lib/armv7e-m/fpu/libcr_c.a(_fdopen.o)
                0x00000a78                _fdopen
 .text.fclose   0x00000ae2       0x58 /usr/local/mcuxpressoide-10.0.2_411/ide/tools/bin/../lib/gcc/arm-none-eabi/5.4.1/../../../../arm-none-eabi/lib/armv7e-m/fpu/libcr_c.a(fclose.o)
                0x00000ae2                fclose
 *fill*         0x00000b3a        0x2 ff
 .text.fflush   0x00000b3c       0x48 /usr/local/mcuxpressoide-10.0.2_411/ide/tools/bin/../lib/gcc/arm-none-eabi/5.4.1/../../../../arm-none-eabi/lib/armv7e-m/fpu/libcr_c.a(fflush.o)
                0x00000b3c                fflush
 .text.fseek    0x00000b84      0x100 /usr/local/mcuxpressoide-10.0.2_411/ide/tools/bin/../lib/gcc/arm-none-eabi/5.4.1/../../../../arm-none-eabi/lib/armv7e-m/fpu/libcr_c.a(fseek.o)
                0x00000b84                fseek
 .text.ftell    0x00000c84       0x48 /usr/local/mcuxpressoide-10.0.2_411/ide/tools/bin/../lib/gcc/arm-none-eabi/5.4.1/../../../../arm-none-eabi/lib/armv7e-m/fpu/libcr_c.a(ftell.o)
                0x00000c84                ftell
 .text.remove   0x00000ccc       0x14 /usr/local/mcuxpressoide-10.0.2_411/ide/tools/bin/../lib/gcc/arm-none-eabi/5.4.1/../../../../arm-none-eabi/lib/armv7e-m/fpu/libcr_c.a(remove.o)
                0x00000ccc                remove
 .text.strlen   0x00000ce0       0x4a /usr/local/mcuxpressoide-10.0.2_411/ide/tools/bin/../lib/gcc/arm-none-eabi/5.4.1/../../../../arm-none-eabi/lib/armv7e-m/fpu/libcr_c.a(strlen.o)
                0x00000ce0                strlen
 .text.memset   0x00000d2a        0x4 /usr/local/mcuxpressoide-10.0.2_411/ide/tools/bin/../lib/gcc/arm-none-eabi/5.4.1/../../../../arm-none-eabi/lib/armv7e-m/fpu/libcr_c.a(memset.o)
                0x00000d2a                memset
 .text._do_fflush
                0x00000d2e       0x42 /usr/local/mcuxpressoide-10.0.2_411/ide/tools/bin/../lib/gcc/arm-none-eabi/5.4.1/../../../../arm-none-eabi/lib/armv7e-m/fpu/libcr_c.a(_do_fflush.o)
                0x00000d2e                _do_fflush
 .text._fflush  0x00000d70       0x54 /usr/local/mcuxpressoide-10.0.2_411/ide/tools/bin/../lib/gcc/arm-none-eabi/5.4.1/../../../../arm-none-eabi/lib/armv7e-m/fpu/libcr_c.a(_fflush.o)
                0x00000d70                _fflush
 .text._Cwritebuf
                0x00000dc4       0x68 /usr/local/mcuxpressoide-10.0.2_411/ide/tools/bin/../lib/gcc/arm-none-eabi/5.4.1/../../../../arm-none-eabi/lib/armv7e-m/fpu/libcr_c.a(_writebuf.o)
                0x00000dc4                _Cwritebuf
 .text.free     0x00000e2c       0x30 /usr/local/mcuxpressoide-10.0.2_411/ide/tools/bin/../lib/gcc/arm-none-eabi/5.4.1/../../../../arm-none-eabi/lib/armv7e-m/fpu/libcr_c.a(alloc.o)
                0x00000e2c                free
 .text._deferredlazyseek
                0x00000e5c       0x40 /usr/local/mcuxpressoide-10.0.2_411/ide/tools/bin/../lib/gcc/arm-none-eabi/5.4.1/../../../../arm-none-eabi/lib/armv7e-m/fpu/libcr_c.a(_deferredlazyseek.o)
                0x00000e5c                _deferredlazyseek
 .text.__aeabi_memset_lowlevel
                0x00000e9c       0x32 /usr/local/mcuxpressoide-10.0.2_411/ide/tools/bin/../lib/gcc/arm-none-eabi/5.4.1/armv7e-m/fpu/libcr_eabihelpers.a(memcpy.o)
                0x00000e9c                __aeabi_lowlevel_memset
 .text.__sys_close
                0x00000ece        0x6 /usr/local/mcuxpressoide-10.0.2_411/ide/tools/bin/../lib/gcc/arm-none-eabi/5.4.1/../../../../arm-none-eabi/lib/armv7e-m/fpu/libcr_nohost_nf.a(__sys_close.o)
                0x00000ece                __sys_close
 .text.__sys_flen
                0x00000ed4        0x6 /usr/local/mcuxpressoide-10.0.2_411/ide/tools/bin/../lib/gcc/arm-none-eabi/5.4.1/../../../../arm-none-eabi/lib/armv7e-m/fpu/libcr_nohost_nf.a(__sys_flen.o)
                0x00000ed4                __sys_flen
 .text.__sys_istty
                0x00000eda        0x6 /usr/local/mcuxpressoide-10.0.2_411/ide/tools/bin/../lib/gcc/arm-none-eabi/5.4.1/../../../../arm-none-eabi/lib/armv7e-m/fpu/libcr_nohost_nf.a(__sys_istty.o)
                0x00000eda                __sys_istty
 .text.__sys_remove
                0x00000ee0        0x6 /usr/local/mcuxpressoide-10.0.2_411/ide/tools/bin/../lib/gcc/arm-none-eabi/5.4.1/../../../../arm-none-eabi/lib/armv7e-m/fpu/libcr_nohost_nf.a(__sys_remove.o)
                0x00000ee0                __sys_remove
 .text.__sys_seek
                0x00000ee6        0x6 /usr/local/mcuxpressoide-10.0.2_411/ide/tools/bin/../lib/gcc/arm-none-eabi/5.4.1/../../../../arm-none-eabi/lib/armv7e-m/fpu/libcr_nohost_nf.a(__sys_seek.o)
                0x00000ee6                __sys_seek
 .text.__sys_tmpnam
                0x00000eec        0x6 /usr/local/mcuxpressoide-10.0.2_411/ide/tools/bin/../lib/gcc/arm-none-eabi/5.4.1/../../../../arm-none-eabi/lib/armv7e-m/fpu/libcr_nohost_nf.a(__sys_tmpnam.o)
                0x00000eec                __sys_tmpnam
 .text.__sys_write
                0x00000ef2        0x4 /usr/local/mcuxpressoide-10.0.2_411/ide/tools/bin/../lib/gcc/arm-none-eabi/5.4.1/../../../../arm-none-eabi/lib/armv7e-m/fpu/libcr_nohost_nf.a(__sys_write.o)
                0x00000ef2                __sys_write
 *(.rodata .rodata.* .constdata .constdata.*)
 .rodata.str1.1
                0x00000ef6        0x4 /usr/local/mcuxpressoide-10.0.2_411/ide/tools/bin/../lib/gcc/arm-none-eabi/5.4.1/../../../../arm-none-eabi/lib/armv7e-m/fpu/libcr_c.a(initio.o)
 *fill*         0x00000efa        0x2 ff
 .rodata.__num_Ciob_streams
                0x00000efc        0x4 /usr/local/mcuxpressoide-10.0.2_411/ide/tools/bin/../lib/gcc/arm-none-eabi/5.4.1/../../../../arm-none-eabi/lib/armv7e-m/fpu/libcr_nohost_nf.a(__ciob.o)
                0x00000efc                __num_Ciob_streams
                0x00000f00                . = ALIGN (0x4)

.glue_7         0x00000f00        0x0
 .glue_7        0x00000f00        0x0 linker stubs

.glue_7t        0x00000f00        0x0
 .glue_7t       0x00000f00        0x0 linker stubs

.vfp11_veneer   0x00000f00        0x0
 .vfp11_veneer  0x00000f00        0x0 linker stubs

.v4_bx          0x00000f00        0x0
 .v4_bx         0x00000f00        0x0 linker stubs

.iplt           0x00000f00        0x0
 .iplt          0x00000f00        0x0 ./startup/startup_mk64f12.o

.rel.dyn        0x00000f00        0x0
 .rel.iplt      0x00000f00        0x0 ./startup/startup_mk64f12.o

.ARM.extab
 *(.ARM.extab* .gnu.linkonce.armextab.*)
                0x00000f00                __exidx_start = .

.ARM.exidx
 *(.ARM.exidx* .gnu.linkonce.armexidx.*)
                0x00000f00                __exidx_end = .
                0x00000f00                _etext = .

.m_usb_data
 *(m_usb_bdt)

.data_RAM2      0x1fff0000        0x0 load address 0x00000f00
 FILL mask 0xff
                [!provide]                PROVIDE (__start_data_RAM2, .)
 *(.ramfunc.$RAM2)
 *(.ramfunc.$SRAM_LOWER)
 *(.data.$RAM2*)
 *(.data.$SRAM_LOWER*)
                0x1fff0000                . = ALIGN (0x4)
                [!provide]                PROVIDE (__end_data_RAM2, .)

.data_RAM3      0x14000000        0x0 load address 0x00000f00
 FILL mask 0xff
                [!provide]                PROVIDE (__start_data_RAM3, .)
 *(.ramfunc.$RAM3)
 *(.ramfunc.$FLEX_RAM)
 *(.data.$RAM3*)
 *(.data.$FLEX_RAM*)
                0x14000000                . = ALIGN (0x4)
                [!provide]                PROVIDE (__end_data_RAM3, .)

.uninit_RESERVED
                0x20000000        0x0
 *(.bss.$RESERVED*)
                0x20000000                . = ALIGN (0x4)
                0x20000000                _end_uninit_RESERVED = .

.data           0x20000000       0x88 load address 0x00000f00
 FILL mask 0xff
                0x20000000                _data = .
 *(vtable)
 *(.ramfunc*)
 *(.data*)
 .data.ledrgb   0x20000000       0x24 ./source/LED.o
                0x20000000                ledrgb
 .data.Led_States
                0x20000024       0x60 ./source/LED.o
                0x20000024                Led_States
 .data.speed.5852
                0x20000084        0x4 ./source/LED.o
                0x20000088                . = ALIGN (0x4)
                0x20000088                _edata = .

.igot.plt       0x20000088        0x0 load address 0x00000f88
 .igot.plt      0x20000088        0x0 ./startup/startup_mk64f12.o

.bss_RAM2       0x1fff0000        0x0
                [!provide]                PROVIDE (__start_bss_RAM2, .)
 *(.bss.$RAM2*)
 *(.bss.$SRAM_LOWER*)
                0x1fff0000                . = ALIGN ((. != 0x0)?0x4:0x1)
                [!provide]                PROVIDE (__end_bss_RAM2, .)

.bss_RAM3       0x14000000        0x0
                [!provide]                PROVIDE (__start_bss_RAM3, .)
 *(.bss.$RAM3*)
 *(.bss.$FLEX_RAM*)
                0x14000000                . = ALIGN ((. != 0x0)?0x4:0x1)
                [!provide]                PROVIDE (__end_bss_RAM3, .)

.bss            0x20000088       0xbc
                0x20000088                _bss = .
 *(.bss*)
 .bss.count     0x20000088        0x4 ./source/LED.o
 .bss.errno     0x2000008c        0x4 /usr/local/mcuxpressoide-10.0.2_411/ide/tools/bin/../lib/gcc/arm-none-eabi/5.4.1/../../../../arm-none-eabi/lib/armv7e-m/fpu/libcr_c.a(errno.o)
                0x2000008c                errno
 .bss.__Ciob    0x20000090       0xb4 /usr/local/mcuxpressoide-10.0.2_411/ide/tools/bin/../lib/gcc/arm-none-eabi/5.4.1/../../../../arm-none-eabi/lib/armv7e-m/fpu/libcr_nohost_nf.a(__ciob.o)
                0x20000090                __Ciob
 *(COMMON)
                0x20000144                . = ALIGN (0x4)
                0x20000144                _ebss = .
                [!provide]                PROVIDE (end, .)

.noinit_RAM2    0x1fff0000        0x0
 *(.noinit.$RAM2*)
 *(.noinit.$SRAM_LOWER*)
                0x1fff0000                . = ALIGN (0x4)

.noinit_RAM3    0x14000000        0x0
 *(.noinit.$RAM3*)
 *(.noinit.$FLEX_RAM*)
                0x14000000                . = ALIGN (0x4)

.noinit         0x20000144        0x0
                0x20000144                _noinit = .
 *(.noinit*)
                0x20000144                . = ALIGN (0x4)
                0x20000144                _end_noinit = .

.heap           0x20000144     0x1000
                0x20000144                _pvHeapStart = .
                0x20001144                . = (. + 0x1000)
 *fill*         0x20000144     0x1000 
                0x20001144                . = ALIGN (0x4)
                0x20001144                _pvHeapLimit = .

.heap2stackfill
                0x20001144     0x1000
                0x20002144                . = (. + 0x1000)
 *fill*         0x20001144     0x1000 

.stack          0x2002f000        0x0
                0x2002f000                _vStackBase = .
                0x2002f000                . = ALIGN (0x4)
                0x20030000                _vStackTop = (. + 0x1000)
OUTPUT(ports.axf elf32-littlearm)

.debug_info     0x00000000     0x1b96
 .debug_info    0x00000000      0x8b3 ./startup/startup_mk64f12.o
 .debug_info    0x000008b3      0x2d1 ./source/GPIO.o
 .debug_info    0x00000b84      0x4d6 ./source/LED.o
 .debug_info    0x0000105a      0x114 ./source/SysTick.o
 .debug_info    0x0000116e      0x43e ./source/main.o
 .debug_info    0x000015ac      0x5ea ./CMSIS/system_MK64F12.o

.debug_abbrev   0x00000000      0x6e9
 .debug_abbrev  0x00000000      0x142 ./startup/startup_mk64f12.o
 .debug_abbrev  0x00000142       0xf7 ./source/GPIO.o
 .debug_abbrev  0x00000239      0x17a ./source/LED.o
 .debug_abbrev  0x000003b3       0xc1 ./source/SysTick.o
 .debug_abbrev  0x00000474      0x15b ./source/main.o
 .debug_abbrev  0x000005cf      0x11a ./CMSIS/system_MK64F12.o

.debug_aranges  0x00000000      0x430
 .debug_aranges
                0x00000000      0x330 ./startup/startup_mk64f12.o
 .debug_aranges
                0x00000330       0x58 ./source/GPIO.o
 .debug_aranges
                0x00000388       0x28 ./source/LED.o
 .debug_aranges
                0x000003b0       0x28 ./source/SysTick.o
 .debug_aranges
                0x000003d8       0x30 ./source/main.o
 .debug_aranges
                0x00000408       0x28 ./CMSIS/system_MK64F12.o

.debug_ranges   0x00000000      0x3d0
 .debug_ranges  0x00000000      0x320 ./startup/startup_mk64f12.o
 .debug_ranges  0x00000320       0x48 ./source/GPIO.o
 .debug_ranges  0x00000368       0x18 ./source/LED.o
 .debug_ranges  0x00000380       0x18 ./source/SysTick.o
 .debug_ranges  0x00000398       0x20 ./source/main.o
 .debug_ranges  0x000003b8       0x18 ./CMSIS/system_MK64F12.o

.debug_macro    0x00000000      0xd63
 .debug_macro   0x00000000       0x29 ./startup/startup_mk64f12.o
 .debug_macro   0x00000029      0x8b6 ./startup/startup_mk64f12.o
 .debug_macro   0x000008df       0xca ./source/GPIO.o
 .debug_macro   0x000009a9       0x28 ./source/GPIO.o
 .debug_macro   0x000009d1      0x132 ./source/LED.o
 .debug_macro   0x00000b03       0xe2 ./source/SysTick.o
 .debug_macro   0x00000be5       0xdf ./source/main.o
 .debug_macro   0x00000cc4       0x9f ./CMSIS/system_MK64F12.o

.debug_line     0x00000000     0x11ed
 .debug_line    0x00000000      0x67d ./startup/startup_mk64f12.o
 .debug_line    0x0000067d      0x280 ./source/GPIO.o
 .debug_line    0x000008fd      0x250 ./source/LED.o
 .debug_line    0x00000b4d      0x23f ./source/SysTick.o
 .debug_line    0x00000d8c      0x24d ./source/main.o
 .debug_line    0x00000fd9      0x214 ./CMSIS/system_MK64F12.o

.debug_str      0x00000000    0x77c98
 .debug_str     0x00000000     0x2db9 ./startup/startup_mk64f12.o
                               0x2e11 (size before relaxing)
 .debug_str     0x00002db9    0x74892 ./source/GPIO.o
                              0x76ea5 (size before relaxing)
 .debug_str     0x0007764b      0x361 ./source/LED.o
                              0x7715b (size before relaxing)
 .debug_str     0x000779ac       0x52 ./source/SysTick.o
                              0x76e46 (size before relaxing)
 .debug_str     0x000779fe      0x161 ./source/main.o
                              0x76f35 (size before relaxing)
 .debug_str     0x00077b5f      0x139 ./CMSIS/system_MK64F12.o
                              0x76e87 (size before relaxing)

.comment        0x00000000       0x6e
 .comment       0x00000000       0x6e ./startup/startup_mk64f12.o
                                 0x6f (size before relaxing)
 .comment       0x0000006e       0x6f ./source/GPIO.o
 .comment       0x0000006e       0x6f ./source/LED.o
 .comment       0x0000006e       0x6f ./source/SysTick.o
 .comment       0x0000006e       0x6f ./source/main.o
 .comment       0x0000006e       0x6f ./CMSIS/system_MK64F12.o
 .comment       0x0000006e       0x6f /usr/local/mcuxpressoide-10.0.2_411/ide/tools/bin/../lib/gcc/arm-none-eabi/5.4.1/../../../../arm-none-eabi/lib/armv7e-m/fpu/libcr_nohost_nf.a(_cr__main.o)
 .comment       0x0000006e       0x6f /usr/local/mcuxpressoide-10.0.2_411/ide/tools/bin/../lib/gcc/arm-none-eabi/5.4.1/../../../../arm-none-eabi/lib/armv7e-m/fpu/libcr_c.a(initio.o)
 .comment       0x0000006e       0x6f /usr/local/mcuxpressoide-10.0.2_411/ide/tools/bin/../lib/gcc/arm-none-eabi/5.4.1/../../../../arm-none-eabi/lib/armv7e-m/fpu/libcr_c.a(setvbuf.o)
 .comment       0x0000006e       0x6f /usr/local/mcuxpressoide-10.0.2_411/ide/tools/bin/../lib/gcc/arm-none-eabi/5.4.1/../../../../arm-none-eabi/lib/armv7e-m/fpu/libcr_c.a(_fdopen.o)
 .comment       0x0000006e       0x6f /usr/local/mcuxpressoide-10.0.2_411/ide/tools/bin/../lib/gcc/arm-none-eabi/5.4.1/../../../../arm-none-eabi/lib/armv7e-m/fpu/libcr_c.a(fclose.o)
 .comment       0x0000006e       0x6f /usr/local/mcuxpressoide-10.0.2_411/ide/tools/bin/../lib/gcc/arm-none-eabi/5.4.1/../../../../arm-none-eabi/lib/armv7e-m/fpu/libcr_c.a(fflush.o)
 .comment       0x0000006e       0x6f /usr/local/mcuxpressoide-10.0.2_411/ide/tools/bin/../lib/gcc/arm-none-eabi/5.4.1/../../../../arm-none-eabi/lib/armv7e-m/fpu/libcr_c.a(fseek.o)
 .comment       0x0000006e       0x6f /usr/local/mcuxpressoide-10.0.2_411/ide/tools/bin/../lib/gcc/arm-none-eabi/5.4.1/../../../../arm-none-eabi/lib/armv7e-m/fpu/libcr_c.a(ftell.o)
 .comment       0x0000006e       0x6f /usr/local/mcuxpressoide-10.0.2_411/ide/tools/bin/../lib/gcc/arm-none-eabi/5.4.1/../../../../arm-none-eabi/lib/armv7e-m/fpu/libcr_c.a(remove.o)
 .comment       0x0000006e       0x6f /usr/local/mcuxpressoide-10.0.2_411/ide/tools/bin/../lib/gcc/arm-none-eabi/5.4.1/../../../../arm-none-eabi/lib/armv7e-m/fpu/libcr_c.a(strlen.o)
 .comment       0x0000006e       0x6f /usr/local/mcuxpressoide-10.0.2_411/ide/tools/bin/../lib/gcc/arm-none-eabi/5.4.1/../../../../arm-none-eabi/lib/armv7e-m/fpu/libcr_c.a(memset.o)
 .comment       0x0000006e       0x6f /usr/local/mcuxpressoide-10.0.2_411/ide/tools/bin/../lib/gcc/arm-none-eabi/5.4.1/../../../../arm-none-eabi/lib/armv7e-m/fpu/libcr_c.a(_do_fflush.o)
 .comment       0x0000006e       0x6f /usr/local/mcuxpressoide-10.0.2_411/ide/tools/bin/../lib/gcc/arm-none-eabi/5.4.1/../../../../arm-none-eabi/lib/armv7e-m/fpu/libcr_c.a(_fflush.o)
 .comment       0x0000006e       0x6f /usr/local/mcuxpressoide-10.0.2_411/ide/tools/bin/../lib/gcc/arm-none-eabi/5.4.1/../../../../arm-none-eabi/lib/armv7e-m/fpu/libcr_c.a(_writebuf.o)
 .comment       0x0000006e       0x6f /usr/local/mcuxpressoide-10.0.2_411/ide/tools/bin/../lib/gcc/arm-none-eabi/5.4.1/../../../../arm-none-eabi/lib/armv7e-m/fpu/libcr_c.a(alloc.o)
 .comment       0x0000006e       0x6f /usr/local/mcuxpressoide-10.0.2_411/ide/tools/bin/../lib/gcc/arm-none-eabi/5.4.1/../../../../arm-none-eabi/lib/armv7e-m/fpu/libcr_c.a(errno.o)
 .comment       0x0000006e       0x6f /usr/local/mcuxpressoide-10.0.2_411/ide/tools/bin/../lib/gcc/arm-none-eabi/5.4.1/../../../../arm-none-eabi/lib/armv7e-m/fpu/libcr_c.a(_deferredlazyseek.o)
 .comment       0x0000006e       0x6f /usr/local/mcuxpressoide-10.0.2_411/ide/tools/bin/../lib/gcc/arm-none-eabi/5.4.1/../../../../arm-none-eabi/lib/armv7e-m/fpu/libcr_nohost_nf.a(__ciob.o)
 .comment       0x0000006e       0x6f /usr/local/mcuxpressoide-10.0.2_411/ide/tools/bin/../lib/gcc/arm-none-eabi/5.4.1/../../../../arm-none-eabi/lib/armv7e-m/fpu/libcr_nohost_nf.a(__sys_close.o)
 .comment       0x0000006e       0x6f /usr/local/mcuxpressoide-10.0.2_411/ide/tools/bin/../lib/gcc/arm-none-eabi/5.4.1/../../../../arm-none-eabi/lib/armv7e-m/fpu/libcr_nohost_nf.a(__sys_flen.o)
 .comment       0x0000006e       0x6f /usr/local/mcuxpressoide-10.0.2_411/ide/tools/bin/../lib/gcc/arm-none-eabi/5.4.1/../../../../arm-none-eabi/lib/armv7e-m/fpu/libcr_nohost_nf.a(__sys_istty.o)
 .comment       0x0000006e       0x6f /usr/local/mcuxpressoide-10.0.2_411/ide/tools/bin/../lib/gcc/arm-none-eabi/5.4.1/../../../../arm-none-eabi/lib/armv7e-m/fpu/libcr_nohost_nf.a(__sys_remove.o)
 .comment       0x0000006e       0x6f /usr/local/mcuxpressoide-10.0.2_411/ide/tools/bin/../lib/gcc/arm-none-eabi/5.4.1/../../../../arm-none-eabi/lib/armv7e-m/fpu/libcr_nohost_nf.a(__sys_seek.o)
 .comment       0x0000006e       0x6f /usr/local/mcuxpressoide-10.0.2_411/ide/tools/bin/../lib/gcc/arm-none-eabi/5.4.1/../../../../arm-none-eabi/lib/armv7e-m/fpu/libcr_nohost_nf.a(__sys_tmpnam.o)
 .comment       0x0000006e       0x6f /usr/local/mcuxpressoide-10.0.2_411/ide/tools/bin/../lib/gcc/arm-none-eabi/5.4.1/../../../../arm-none-eabi/lib/armv7e-m/fpu/libcr_nohost_nf.a(__sys_write.o)

.ARM.attributes
                0x00000000       0x37
 .ARM.attributes
                0x00000000       0x39 ./startup/startup_mk64f12.o
 .ARM.attributes
                0x00000039       0x39 ./source/GPIO.o
 .ARM.attributes
                0x00000072       0x39 ./source/LED.o
 .ARM.attributes
                0x000000ab       0x39 ./source/SysTick.o
 .ARM.attributes
                0x000000e4       0x39 ./source/main.o
 .ARM.attributes
                0x0000011d       0x39 ./CMSIS/system_MK64F12.o
 .ARM.attributes
                0x00000156       0x39 /usr/local/mcuxpressoide-10.0.2_411/ide/tools/bin/../lib/gcc/arm-none-eabi/5.4.1/../../../../arm-none-eabi/lib/armv7e-m/fpu/libcr_nohost_nf.a(_cr__main.o)
 .ARM.attributes
                0x0000018f       0x39 /usr/local/mcuxpressoide-10.0.2_411/ide/tools/bin/../lib/gcc/arm-none-eabi/5.4.1/../../../../arm-none-eabi/lib/armv7e-m/fpu/libcr_c.a(initio.o)
 .ARM.attributes
                0x000001c8       0x39 /usr/local/mcuxpressoide-10.0.2_411/ide/tools/bin/../lib/gcc/arm-none-eabi/5.4.1/../../../../arm-none-eabi/lib/armv7e-m/fpu/libcr_c.a(setvbuf.o)
 .ARM.attributes
                0x00000201       0x39 /usr/local/mcuxpressoide-10.0.2_411/ide/tools/bin/../lib/gcc/arm-none-eabi/5.4.1/../../../../arm-none-eabi/lib/armv7e-m/fpu/libcr_c.a(_fdopen.o)
 .ARM.attributes
                0x0000023a       0x39 /usr/local/mcuxpressoide-10.0.2_411/ide/tools/bin/../lib/gcc/arm-none-eabi/5.4.1/../../../../arm-none-eabi/lib/armv7e-m/fpu/libcr_c.a(fclose.o)
 .ARM.attributes
                0x00000273       0x39 /usr/local/mcuxpressoide-10.0.2_411/ide/tools/bin/../lib/gcc/arm-none-eabi/5.4.1/../../../../arm-none-eabi/lib/armv7e-m/fpu/libcr_c.a(fflush.o)
 .ARM.attributes
                0x000002ac       0x39 /usr/local/mcuxpressoide-10.0.2_411/ide/tools/bin/../lib/gcc/arm-none-eabi/5.4.1/../../../../arm-none-eabi/lib/armv7e-m/fpu/libcr_c.a(fseek.o)
 .ARM.attributes
                0x000002e5       0x39 /usr/local/mcuxpressoide-10.0.2_411/ide/tools/bin/../lib/gcc/arm-none-eabi/5.4.1/../../../../arm-none-eabi/lib/armv7e-m/fpu/libcr_c.a(ftell.o)
 .ARM.attributes
                0x0000031e       0x39 /usr/local/mcuxpressoide-10.0.2_411/ide/tools/bin/../lib/gcc/arm-none-eabi/5.4.1/../../../../arm-none-eabi/lib/armv7e-m/fpu/libcr_c.a(remove.o)
 .ARM.attributes
                0x00000357       0x39 /usr/local/mcuxpressoide-10.0.2_411/ide/tools/bin/../lib/gcc/arm-none-eabi/5.4.1/../../../../arm-none-eabi/lib/armv7e-m/fpu/libcr_c.a(strlen.o)
 .ARM.attributes
                0x00000390       0x39 /usr/local/mcuxpressoide-10.0.2_411/ide/tools/bin/../lib/gcc/arm-none-eabi/5.4.1/../../../../arm-none-eabi/lib/armv7e-m/fpu/libcr_c.a(memset.o)
 .ARM.attributes
                0x000003c9       0x39 /usr/local/mcuxpressoide-10.0.2_411/ide/tools/bin/../lib/gcc/arm-none-eabi/5.4.1/../../../../arm-none-eabi/lib/armv7e-m/fpu/libcr_c.a(_do_fflush.o)
 .ARM.attributes
                0x00000402       0x39 /usr/local/mcuxpressoide-10.0.2_411/ide/tools/bin/../lib/gcc/arm-none-eabi/5.4.1/../../../../arm-none-eabi/lib/armv7e-m/fpu/libcr_c.a(_fflush.o)
 .ARM.attributes
                0x0000043b       0x39 /usr/local/mcuxpressoide-10.0.2_411/ide/tools/bin/../lib/gcc/arm-none-eabi/5.4.1/../../../../arm-none-eabi/lib/armv7e-m/fpu/libcr_c.a(_writebuf.o)
 .ARM.attributes
                0x00000474       0x39 /usr/local/mcuxpressoide-10.0.2_411/ide/tools/bin/../lib/gcc/arm-none-eabi/5.4.1/../../../../arm-none-eabi/lib/armv7e-m/fpu/libcr_c.a(alloc.o)
 .ARM.attributes
                0x000004ad       0x39 /usr/local/mcuxpressoide-10.0.2_411/ide/tools/bin/../lib/gcc/arm-none-eabi/5.4.1/../../../../arm-none-eabi/lib/armv7e-m/fpu/libcr_c.a(errno.o)
 .ARM.attributes
                0x000004e6       0x39 /usr/local/mcuxpressoide-10.0.2_411/ide/tools/bin/../lib/gcc/arm-none-eabi/5.4.1/../../../../arm-none-eabi/lib/armv7e-m/fpu/libcr_c.a(_deferredlazyseek.o)
 .ARM.attributes
                0x0000051f       0x25 /usr/local/mcuxpressoide-10.0.2_411/ide/tools/bin/../lib/gcc/arm-none-eabi/5.4.1/armv7e-m/fpu/libcr_eabihelpers.a(memcpy.o)
 .ARM.attributes
                0x00000544       0x39 /usr/local/mcuxpressoide-10.0.2_411/ide/tools/bin/../lib/gcc/arm-none-eabi/5.4.1/../../../../arm-none-eabi/lib/armv7e-m/fpu/libcr_nohost_nf.a(__ciob.o)
 .ARM.attributes
                0x0000057d       0x39 /usr/local/mcuxpressoide-10.0.2_411/ide/tools/bin/../lib/gcc/arm-none-eabi/5.4.1/../../../../arm-none-eabi/lib/armv7e-m/fpu/libcr_nohost_nf.a(__sys_close.o)
 .ARM.attributes
                0x000005b6       0x39 /usr/local/mcuxpressoide-10.0.2_411/ide/tools/bin/../lib/gcc/arm-none-eabi/5.4.1/../../../../arm-none-eabi/lib/armv7e-m/fpu/libcr_nohost_nf.a(__sys_flen.o)
 .ARM.attributes
                0x000005ef       0x39 /usr/local/mcuxpressoide-10.0.2_411/ide/tools/bin/../lib/gcc/arm-none-eabi/5.4.1/../../../../arm-none-eabi/lib/armv7e-m/fpu/libcr_nohost_nf.a(__sys_istty.o)
 .ARM.attributes
                0x00000628       0x39 /usr/local/mcuxpressoide-10.0.2_411/ide/tools/bin/../lib/gcc/arm-none-eabi/5.4.1/../../../../arm-none-eabi/lib/armv7e-m/fpu/libcr_nohost_nf.a(__sys_remove.o)
 .ARM.attributes
                0x00000661       0x39 /usr/local/mcuxpressoide-10.0.2_411/ide/tools/bin/../lib/gcc/arm-none-eabi/5.4.1/../../../../arm-none-eabi/lib/armv7e-m/fpu/libcr_nohost_nf.a(__sys_seek.o)
 .ARM.attributes
                0x0000069a       0x39 /usr/local/mcuxpressoide-10.0.2_411/ide/tools/bin/../lib/gcc/arm-none-eabi/5.4.1/../../../../arm-none-eabi/lib/armv7e-m/fpu/libcr_nohost_nf.a(__sys_tmpnam.o)
 .ARM.attributes
                0x000006d3       0x39 /usr/local/mcuxpressoide-10.0.2_411/ide/tools/bin/../lib/gcc/arm-none-eabi/5.4.1/../../../../arm-none-eabi/lib/armv7e-m/fpu/libcr_nohost_nf.a(__sys_write.o)

.debug_frame    0x00000000      0xd4c
 .debug_frame   0x00000000      0xa60 ./startup/startup_mk64f12.o
 .debug_frame   0x00000a60      0x14c ./source/GPIO.o
 .debug_frame   0x00000bac       0x5c ./source/LED.o
 .debug_frame   0x00000c08       0x68 ./source/SysTick.o
 .debug_frame   0x00000c70       0x7c ./source/main.o
 .debug_frame   0x00000cec       0x60 ./CMSIS/system_MK64F12.o
