core_cm4.h:1626:22:NVIC_EnableIRQ	16	static
FTM.c:19:9:FTM0_IRQHandler	16	static
FTM.c:26:9:FTM3_IRQHandler	16	static
FTM.c:31:6:OC_ISR	8	static
FTM.c:38:6:IC_ISR	8	static
FTM.c:62:6:FTM_Init	8	static
FTM.c:93:6:IC_Init	16	static
FTM.c:160:6:FTM_SetPrescaler	16	static
FTM.c:165:6:FTM_SetModulus	16	static
FTM.c:172:11:FTM_GetModulus	16	static
FTM.c:177:6:FTM_StartClock	16	static
FTM.c:182:6:FTM_StopClock	16	static
FTM.c:187:6:FTM_SetOverflowMode	16	static
FTM.c:192:6:FTM_IsOverflowPending	16	static
FTM.c:197:6:FTM_ClearOverflowFlag	16	static
FTM.c:202:6:FTM_SetWorkingMode	24	static
FTM.c:208:11:FTM_GetWorkingMode	16	static
FTM.c:213:6:FTM_SetInputCaptureEdge	24	static
FTM.c:219:11:FTM_GetInputCaptureEdge	16	static
FTM.c:224:6:FTM_SetOutputCompareEffect	24	static
FTM.c:230:13:FTM_GetOutputCompareEffect	16	static
FTM.c:235:6:FTM_SetPulseWidthModulationLogic	24	static
FTM.c:241:12:FTM_GetPulseWidthModulationLogic	16	static
FTM.c:246:6:FTM_SetCounter	24	static
FTM.c:251:11:FTM_GetCounter	16	static
FTM.c:256:6:FTM_SetInterruptMode	24	static
FTM.c:261:6:FTM_IsInterruptPending	16	static
FTM.c:266:6:FTM_ClearInterruptFlag	16	static
