core_cm4.h:1626:22:NVIC_EnableIRQ	16	static
FTM.c:14:9:FTM0_IRQHandler	16	static
FTM.c:19:6:OVF_ISR	8	static
FTM.c:27:6:FTM_Init	8	static
FTM.c:57:6:OVF_Init	16	static
FTM.c:100:6:FTM_SetPrescaler	16	static
FTM.c:105:6:FTM_SetModulus	16	static
FTM.c:112:11:FTM_GetModulus	16	static
FTM.c:117:6:FTM_StartClock	16	static
FTM.c:122:6:FTM_StopClock	16	static
FTM.c:127:6:FTM_SetOverflowMode	16	static
FTM.c:132:6:FTM_IsOverflowPending	16	static
FTM.c:137:6:FTM_ClearOverflowFlag	16	static
FTM.c:142:6:FTM_SetWorkingMode	24	static
FTM.c:148:11:FTM_GetWorkingMode	16	static
FTM.c:153:6:FTM_SetInputCaptureEdge	24	static
FTM.c:159:11:FTM_GetInputCaptureEdge	16	static
FTM.c:164:6:FTM_SetOutputCompareEffect	24	static
FTM.c:170:13:FTM_GetOutputCompareEffect	16	static
FTM.c:175:6:FTM_SetPulseWidthModulationLogic	24	static
FTM.c:181:12:FTM_GetPulseWidthModulationLogic	16	static
FTM.c:186:6:FTM_SetCounter	24	static
FTM.c:191:11:FTM_GetCounter	16	static
FTM.c:196:6:FTM_SetInterruptMode	24	static
FTM.c:201:6:FTM_IsInterruptPending	16	static
FTM.c:206:6:FTM_ClearInterruptFlag	16	static
