core_cm4.h:1626:22:NVIC_EnableIRQ	16	static
FTM.c:17:9:FTM0_IRQHandler	16	static
FTM.c:24:6:OC_ISR	8	static
FTM.c:31:6:FTM_Init	8	static
FTM.c:61:6:OC_Init	16	static
FTM.c:112:6:FTM_SetPrescaler	16	static
FTM.c:117:6:FTM_SetModulus	16	static
FTM.c:124:11:FTM_GetModulus	16	static
FTM.c:129:6:FTM_StartClock	16	static
FTM.c:134:6:FTM_StopClock	16	static
FTM.c:139:6:FTM_SetOverflowMode	16	static
FTM.c:144:6:FTM_IsOverflowPending	16	static
FTM.c:149:6:FTM_ClearOverflowFlag	16	static
FTM.c:154:6:FTM_SetWorkingMode	24	static
FTM.c:160:11:FTM_GetWorkingMode	16	static
FTM.c:165:6:FTM_SetInputCaptureEdge	24	static
FTM.c:171:11:FTM_GetInputCaptureEdge	16	static
FTM.c:176:6:FTM_SetOutputCompareEffect	24	static
FTM.c:182:13:FTM_GetOutputCompareEffect	16	static
FTM.c:187:6:FTM_SetPulseWidthModulationLogic	24	static
FTM.c:193:12:FTM_GetPulseWidthModulationLogic	16	static
FTM.c:198:6:FTM_SetCounter	24	static
FTM.c:203:11:FTM_GetCounter	16	static
FTM.c:208:6:FTM_SetInterruptMode	24	static
FTM.c:213:6:FTM_IsInterruptPending	16	static
FTM.c:218:6:FTM_ClearInterruptFlag	16	static
