Archive member included to satisfy reference by file (symbol)

/usr/local/mcuxpressoide-10.0.2_411/ide/tools/bin/../lib/gcc/arm-none-eabi/5.4.1/../../../../arm-none-eabi/lib/armv7e-m/fpu/libcr_nohost_nf.a(_cr__main.o)
                              ./startup/startup_mk64f12.o (__main)
/usr/local/mcuxpressoide-10.0.2_411/ide/tools/bin/../lib/gcc/arm-none-eabi/5.4.1/../../../../arm-none-eabi/lib/armv7e-m/fpu/libcr_c.a(initio.o)
                              /usr/local/mcuxpressoide-10.0.2_411/ide/tools/bin/../lib/gcc/arm-none-eabi/5.4.1/../../../../arm-none-eabi/lib/armv7e-m/fpu/libcr_nohost_nf.a(_cr__main.o) (_initio)
/usr/local/mcuxpressoide-10.0.2_411/ide/tools/bin/../lib/gcc/arm-none-eabi/5.4.1/../../../../arm-none-eabi/lib/armv7e-m/fpu/libcr_c.a(setvbuf.o)
                              /usr/local/mcuxpressoide-10.0.2_411/ide/tools/bin/../lib/gcc/arm-none-eabi/5.4.1/../../../../arm-none-eabi/lib/armv7e-m/fpu/libcr_c.a(initio.o) (setvbuf)
/usr/local/mcuxpressoide-10.0.2_411/ide/tools/bin/../lib/gcc/arm-none-eabi/5.4.1/../../../../arm-none-eabi/lib/armv7e-m/fpu/libcr_c.a(_fdopen.o)
                              /usr/local/mcuxpressoide-10.0.2_411/ide/tools/bin/../lib/gcc/arm-none-eabi/5.4.1/../../../../arm-none-eabi/lib/armv7e-m/fpu/libcr_c.a(initio.o) (_fdopen)
/usr/local/mcuxpressoide-10.0.2_411/ide/tools/bin/../lib/gcc/arm-none-eabi/5.4.1/../../../../arm-none-eabi/lib/armv7e-m/fpu/libcr_c.a(fclose.o)
                              /usr/local/mcuxpressoide-10.0.2_411/ide/tools/bin/../lib/gcc/arm-none-eabi/5.4.1/../../../../arm-none-eabi/lib/armv7e-m/fpu/libcr_c.a(initio.o) (fclose)
/usr/local/mcuxpressoide-10.0.2_411/ide/tools/bin/../lib/gcc/arm-none-eabi/5.4.1/../../../../arm-none-eabi/lib/armv7e-m/fpu/libcr_c.a(fflush.o)
                              /usr/local/mcuxpressoide-10.0.2_411/ide/tools/bin/../lib/gcc/arm-none-eabi/5.4.1/../../../../arm-none-eabi/lib/armv7e-m/fpu/libcr_c.a(fclose.o) (fflush)
/usr/local/mcuxpressoide-10.0.2_411/ide/tools/bin/../lib/gcc/arm-none-eabi/5.4.1/../../../../arm-none-eabi/lib/armv7e-m/fpu/libcr_c.a(fseek.o)
                              /usr/local/mcuxpressoide-10.0.2_411/ide/tools/bin/../lib/gcc/arm-none-eabi/5.4.1/../../../../arm-none-eabi/lib/armv7e-m/fpu/libcr_c.a(_fdopen.o) (fseek)
/usr/local/mcuxpressoide-10.0.2_411/ide/tools/bin/../lib/gcc/arm-none-eabi/5.4.1/../../../../arm-none-eabi/lib/armv7e-m/fpu/libcr_c.a(ftell.o)
                              /usr/local/mcuxpressoide-10.0.2_411/ide/tools/bin/../lib/gcc/arm-none-eabi/5.4.1/../../../../arm-none-eabi/lib/armv7e-m/fpu/libcr_c.a(fseek.o) (ftell)
/usr/local/mcuxpressoide-10.0.2_411/ide/tools/bin/../lib/gcc/arm-none-eabi/5.4.1/../../../../arm-none-eabi/lib/armv7e-m/fpu/libcr_c.a(remove.o)
                              /usr/local/mcuxpressoide-10.0.2_411/ide/tools/bin/../lib/gcc/arm-none-eabi/5.4.1/../../../../arm-none-eabi/lib/armv7e-m/fpu/libcr_c.a(fclose.o) (remove)
/usr/local/mcuxpressoide-10.0.2_411/ide/tools/bin/../lib/gcc/arm-none-eabi/5.4.1/../../../../arm-none-eabi/lib/armv7e-m/fpu/libcr_c.a(strlen.o)
                              /usr/local/mcuxpressoide-10.0.2_411/ide/tools/bin/../lib/gcc/arm-none-eabi/5.4.1/../../../../arm-none-eabi/lib/armv7e-m/fpu/libcr_c.a(remove.o) (strlen)
/usr/local/mcuxpressoide-10.0.2_411/ide/tools/bin/../lib/gcc/arm-none-eabi/5.4.1/../../../../arm-none-eabi/lib/armv7e-m/fpu/libcr_c.a(memset.o)
                              /usr/local/mcuxpressoide-10.0.2_411/ide/tools/bin/../lib/gcc/arm-none-eabi/5.4.1/../../../../arm-none-eabi/lib/armv7e-m/fpu/libcr_c.a(fclose.o) (memset)
/usr/local/mcuxpressoide-10.0.2_411/ide/tools/bin/../lib/gcc/arm-none-eabi/5.4.1/../../../../arm-none-eabi/lib/armv7e-m/fpu/libcr_c.a(_do_fflush.o)
                              /usr/local/mcuxpressoide-10.0.2_411/ide/tools/bin/../lib/gcc/arm-none-eabi/5.4.1/../../../../arm-none-eabi/lib/armv7e-m/fpu/libcr_c.a(fflush.o) (_do_fflush)
/usr/local/mcuxpressoide-10.0.2_411/ide/tools/bin/../lib/gcc/arm-none-eabi/5.4.1/../../../../arm-none-eabi/lib/armv7e-m/fpu/libcr_c.a(_fflush.o)
                              /usr/local/mcuxpressoide-10.0.2_411/ide/tools/bin/../lib/gcc/arm-none-eabi/5.4.1/../../../../arm-none-eabi/lib/armv7e-m/fpu/libcr_c.a(_do_fflush.o) (_fflush)
/usr/local/mcuxpressoide-10.0.2_411/ide/tools/bin/../lib/gcc/arm-none-eabi/5.4.1/../../../../arm-none-eabi/lib/armv7e-m/fpu/libcr_c.a(_writebuf.o)
                              /usr/local/mcuxpressoide-10.0.2_411/ide/tools/bin/../lib/gcc/arm-none-eabi/5.4.1/../../../../arm-none-eabi/lib/armv7e-m/fpu/libcr_c.a(_fflush.o) (_Cwritebuf)
/usr/local/mcuxpressoide-10.0.2_411/ide/tools/bin/../lib/gcc/arm-none-eabi/5.4.1/../../../../arm-none-eabi/lib/armv7e-m/fpu/libcr_c.a(alloc.o)
                              /usr/local/mcuxpressoide-10.0.2_411/ide/tools/bin/../lib/gcc/arm-none-eabi/5.4.1/../../../../arm-none-eabi/lib/armv7e-m/fpu/libcr_c.a(fclose.o) (free)
/usr/local/mcuxpressoide-10.0.2_411/ide/tools/bin/../lib/gcc/arm-none-eabi/5.4.1/../../../../arm-none-eabi/lib/armv7e-m/fpu/libcr_c.a(errno.o)
                              /usr/local/mcuxpressoide-10.0.2_411/ide/tools/bin/../lib/gcc/arm-none-eabi/5.4.1/../../../../arm-none-eabi/lib/armv7e-m/fpu/libcr_c.a(ftell.o) (errno)
/usr/local/mcuxpressoide-10.0.2_411/ide/tools/bin/../lib/gcc/arm-none-eabi/5.4.1/../../../../arm-none-eabi/lib/armv7e-m/fpu/libcr_c.a(memcpy.o)
                              /usr/local/mcuxpressoide-10.0.2_411/ide/tools/bin/../lib/gcc/arm-none-eabi/5.4.1/../../../../arm-none-eabi/lib/armv7e-m/fpu/libcr_c.a(alloc.o) (memcpy)
/usr/local/mcuxpressoide-10.0.2_411/ide/tools/bin/../lib/gcc/arm-none-eabi/5.4.1/../../../../arm-none-eabi/lib/armv7e-m/fpu/libcr_c.a(__init_alloc.o)
                              /usr/local/mcuxpressoide-10.0.2_411/ide/tools/bin/../lib/gcc/arm-none-eabi/5.4.1/../../../../arm-none-eabi/lib/armv7e-m/fpu/libcr_c.a(alloc.o) (__heaps)
/usr/local/mcuxpressoide-10.0.2_411/ide/tools/bin/../lib/gcc/arm-none-eabi/5.4.1/../../../../arm-none-eabi/lib/armv7e-m/fpu/libcr_c.a(_cr_sbrk.o)
                              /usr/local/mcuxpressoide-10.0.2_411/ide/tools/bin/../lib/gcc/arm-none-eabi/5.4.1/../../../../arm-none-eabi/lib/armv7e-m/fpu/libcr_c.a(alloc.o) (_sbrk)
/usr/local/mcuxpressoide-10.0.2_411/ide/tools/bin/../lib/gcc/arm-none-eabi/5.4.1/../../../../arm-none-eabi/lib/armv7e-m/fpu/libcr_c.a(_deferredlazyseek.o)
                              /usr/local/mcuxpressoide-10.0.2_411/ide/tools/bin/../lib/gcc/arm-none-eabi/5.4.1/../../../../arm-none-eabi/lib/armv7e-m/fpu/libcr_c.a(_do_fflush.o) (_deferredlazyseek)
/usr/local/mcuxpressoide-10.0.2_411/ide/tools/bin/../lib/gcc/arm-none-eabi/5.4.1/../../../../arm-none-eabi/lib/armv7e-m/fpu/libcr_c.a(_cr_check_heap.o)
                              /usr/local/mcuxpressoide-10.0.2_411/ide/tools/bin/../lib/gcc/arm-none-eabi/5.4.1/../../../../arm-none-eabi/lib/armv7e-m/fpu/libcr_c.a(_cr_sbrk.o) (__check_heap_overflow)
/usr/local/mcuxpressoide-10.0.2_411/ide/tools/bin/../lib/gcc/arm-none-eabi/5.4.1/armv7e-m/fpu/libcr_eabihelpers.a(memcpy.o)
                              /usr/local/mcuxpressoide-10.0.2_411/ide/tools/bin/../lib/gcc/arm-none-eabi/5.4.1/../../../../arm-none-eabi/lib/armv7e-m/fpu/libcr_c.a(memcpy.o) (__aeabi_memcpy)
/usr/local/mcuxpressoide-10.0.2_411/ide/tools/bin/../lib/gcc/arm-none-eabi/5.4.1/../../../../arm-none-eabi/lib/armv7e-m/fpu/libcr_nohost_nf.a(__ciob.o)
                              /usr/local/mcuxpressoide-10.0.2_411/ide/tools/bin/../lib/gcc/arm-none-eabi/5.4.1/../../../../arm-none-eabi/lib/armv7e-m/fpu/libcr_c.a(initio.o) (__Ciob)
/usr/local/mcuxpressoide-10.0.2_411/ide/tools/bin/../lib/gcc/arm-none-eabi/5.4.1/../../../../arm-none-eabi/lib/armv7e-m/fpu/libcr_nohost_nf.a(__sys_appexit.o)
                              /usr/local/mcuxpressoide-10.0.2_411/ide/tools/bin/../lib/gcc/arm-none-eabi/5.4.1/../../../../arm-none-eabi/lib/armv7e-m/fpu/libcr_c.a(alloc.o) (__sys_appexit)
/usr/local/mcuxpressoide-10.0.2_411/ide/tools/bin/../lib/gcc/arm-none-eabi/5.4.1/../../../../arm-none-eabi/lib/armv7e-m/fpu/libcr_nohost_nf.a(__sys_close.o)
                              /usr/local/mcuxpressoide-10.0.2_411/ide/tools/bin/../lib/gcc/arm-none-eabi/5.4.1/../../../../arm-none-eabi/lib/armv7e-m/fpu/libcr_c.a(fclose.o) (__sys_close)
/usr/local/mcuxpressoide-10.0.2_411/ide/tools/bin/../lib/gcc/arm-none-eabi/5.4.1/../../../../arm-none-eabi/lib/armv7e-m/fpu/libcr_nohost_nf.a(__sys_flen.o)
                              /usr/local/mcuxpressoide-10.0.2_411/ide/tools/bin/../lib/gcc/arm-none-eabi/5.4.1/../../../../arm-none-eabi/lib/armv7e-m/fpu/libcr_c.a(fseek.o) (__sys_flen)
/usr/local/mcuxpressoide-10.0.2_411/ide/tools/bin/../lib/gcc/arm-none-eabi/5.4.1/../../../../arm-none-eabi/lib/armv7e-m/fpu/libcr_nohost_nf.a(__sys_istty.o)
                              /usr/local/mcuxpressoide-10.0.2_411/ide/tools/bin/../lib/gcc/arm-none-eabi/5.4.1/../../../../arm-none-eabi/lib/armv7e-m/fpu/libcr_c.a(fseek.o) (__sys_istty)
/usr/local/mcuxpressoide-10.0.2_411/ide/tools/bin/../lib/gcc/arm-none-eabi/5.4.1/../../../../arm-none-eabi/lib/armv7e-m/fpu/libcr_nohost_nf.a(__sys_remove.o)
                              /usr/local/mcuxpressoide-10.0.2_411/ide/tools/bin/../lib/gcc/arm-none-eabi/5.4.1/../../../../arm-none-eabi/lib/armv7e-m/fpu/libcr_c.a(remove.o) (__sys_remove)
/usr/local/mcuxpressoide-10.0.2_411/ide/tools/bin/../lib/gcc/arm-none-eabi/5.4.1/../../../../arm-none-eabi/lib/armv7e-m/fpu/libcr_nohost_nf.a(__sys_rename.o)
                              /usr/local/mcuxpressoide-10.0.2_411/ide/tools/bin/../lib/gcc/arm-none-eabi/5.4.1/../../../../arm-none-eabi/lib/armv7e-m/fpu/libcr_c.a(remove.o) (__sys_rename)
/usr/local/mcuxpressoide-10.0.2_411/ide/tools/bin/../lib/gcc/arm-none-eabi/5.4.1/../../../../arm-none-eabi/lib/armv7e-m/fpu/libcr_nohost_nf.a(__sys_seek.o)
                              /usr/local/mcuxpressoide-10.0.2_411/ide/tools/bin/../lib/gcc/arm-none-eabi/5.4.1/../../../../arm-none-eabi/lib/armv7e-m/fpu/libcr_c.a(_writebuf.o) (__sys_seek)
/usr/local/mcuxpressoide-10.0.2_411/ide/tools/bin/../lib/gcc/arm-none-eabi/5.4.1/../../../../arm-none-eabi/lib/armv7e-m/fpu/libcr_nohost_nf.a(__sys_tmpnam.o)
                              /usr/local/mcuxpressoide-10.0.2_411/ide/tools/bin/../lib/gcc/arm-none-eabi/5.4.1/../../../../arm-none-eabi/lib/armv7e-m/fpu/libcr_c.a(fclose.o) (__sys_tmpnam)
/usr/local/mcuxpressoide-10.0.2_411/ide/tools/bin/../lib/gcc/arm-none-eabi/5.4.1/../../../../arm-none-eabi/lib/armv7e-m/fpu/libcr_nohost_nf.a(__sys_write.o)
                              /usr/local/mcuxpressoide-10.0.2_411/ide/tools/bin/../lib/gcc/arm-none-eabi/5.4.1/../../../../arm-none-eabi/lib/armv7e-m/fpu/libcr_c.a(_writebuf.o) (__sys_write)

Discarded input sections

 .group         0x00000000        0x8 ./startup/startup_mk64f12.o
 .text          0x00000000        0x0 ./startup/startup_mk64f12.o
 .data          0x00000000        0x0 ./startup/startup_mk64f12.o
 .bss           0x00000000        0x0 ./startup/startup_mk64f12.o
 .text.PORTA_IRQHandler
                0x00000000        0x8 ./startup/startup_mk64f12.o
 .group         0x00000000        0x8 ./source/hardware.o
 .group         0x00000000        0x8 ./source/hardware.o
 .group         0x00000000        0x8 ./source/hardware.o
 .group         0x00000000        0x8 ./source/hardware.o
 .group         0x00000000        0x8 ./source/hardware.o
 .group         0x00000000        0x8 ./source/hardware.o
 .group         0x00000000        0x8 ./source/hardware.o
 .group         0x00000000        0x8 ./source/hardware.o
 .group         0x00000000        0x8 ./source/hardware.o
 .group         0x00000000        0x8 ./source/hardware.o
 .group         0x00000000        0x8 ./source/hardware.o
 .group         0x00000000        0x8 ./source/hardware.o
 .group         0x00000000        0x8 ./source/hardware.o
 .group         0x00000000        0x8 ./source/hardware.o
 .text          0x00000000        0x0 ./source/hardware.o
 .data          0x00000000        0x0 ./source/hardware.o
 .bss           0x00000000        0x0 ./source/hardware.o
 .text.hw_DisableInterrupts
                0x00000000       0x20 ./source/hardware.o
 .debug_macro   0x00000000      0x8b6 ./source/hardware.o
 .group         0x00000000        0x8 ./source/main.o
 .group         0x00000000        0x8 ./source/main.o
 .group         0x00000000        0x8 ./source/main.o
 .group         0x00000000        0x8 ./source/main.o
 .group         0x00000000        0x8 ./source/main.o
 .group         0x00000000        0x8 ./source/main.o
 .group         0x00000000        0x8 ./source/main.o
 .group         0x00000000        0x8 ./source/main.o
 .group         0x00000000        0x8 ./source/main.o
 .group         0x00000000        0x8 ./source/main.o
 .group         0x00000000        0x8 ./source/main.o
 .group         0x00000000        0x8 ./source/main.o
 .group         0x00000000        0x8 ./source/main.o
 .group         0x00000000        0x8 ./source/main.o
 .text          0x00000000        0x0 ./source/main.o
 .data          0x00000000        0x0 ./source/main.o
 .bss           0x00000000        0x0 ./source/main.o
 .text.delayLoop
                0x00000000       0x20 ./source/main.o
 .debug_macro   0x00000000      0x8b6 ./source/main.o
 .debug_macro   0x00000000       0x10 ./source/main.o
 .debug_macro   0x00000000      0x12d ./source/main.o
 .debug_macro   0x00000000      0x5b2 ./source/main.o
 .debug_macro   0x00000000       0x22 ./source/main.o
 .debug_macro   0x00000000       0x10 ./source/main.o
 .debug_macro   0x00000000       0x5b ./source/main.o
 .debug_macro   0x00000000       0x3b ./source/main.o
 .debug_macro   0x00000000       0x50 ./source/main.o
 .debug_macro   0x00000000      0xd40 ./source/main.o
 .debug_macro   0x00000000       0x44 ./source/main.o
 .debug_macro   0x00000000     0xe07b ./source/main.o
 .debug_macro   0x00000000     0x13c7 ./source/main.o
 .debug_macro   0x00000000       0x16 ./source/main.o
 .group         0x00000000        0x8 ./CMSIS/system_MK64F12.o
 .group         0x00000000        0x8 ./CMSIS/system_MK64F12.o
 .group         0x00000000        0x8 ./CMSIS/system_MK64F12.o
 .group         0x00000000        0x8 ./CMSIS/system_MK64F12.o
 .group         0x00000000        0x8 ./CMSIS/system_MK64F12.o
 .group         0x00000000        0x8 ./CMSIS/system_MK64F12.o
 .group         0x00000000        0x8 ./CMSIS/system_MK64F12.o
 .group         0x00000000        0x8 ./CMSIS/system_MK64F12.o
 .group         0x00000000        0x8 ./CMSIS/system_MK64F12.o
 .group         0x00000000        0x8 ./CMSIS/system_MK64F12.o
 .group         0x00000000        0x8 ./CMSIS/system_MK64F12.o
 .group         0x00000000        0x8 ./CMSIS/system_MK64F12.o
 .text          0x00000000        0x0 ./CMSIS/system_MK64F12.o
 .data          0x00000000        0x0 ./CMSIS/system_MK64F12.o
 .bss           0x00000000        0x0 ./CMSIS/system_MK64F12.o
 .data.SystemCoreClock
                0x00000000        0x4 ./CMSIS/system_MK64F12.o
 .text.SystemCoreClockUpdate
                0x00000000      0x278 ./CMSIS/system_MK64F12.o
 .debug_macro   0x00000000      0x8b6 ./CMSIS/system_MK64F12.o
 .debug_macro   0x00000000       0x10 ./CMSIS/system_MK64F12.o
 .debug_macro   0x00000000      0x12d ./CMSIS/system_MK64F12.o
 .debug_macro   0x00000000      0x5b2 ./CMSIS/system_MK64F12.o
 .debug_macro   0x00000000       0x10 ./CMSIS/system_MK64F12.o
 .debug_macro   0x00000000       0x5b ./CMSIS/system_MK64F12.o
 .debug_macro   0x00000000       0x3b ./CMSIS/system_MK64F12.o
 .debug_macro   0x00000000       0x50 ./CMSIS/system_MK64F12.o
 .debug_macro   0x00000000      0xd40 ./CMSIS/system_MK64F12.o
 .debug_macro   0x00000000       0x44 ./CMSIS/system_MK64F12.o
 .debug_macro   0x00000000     0xe07b ./CMSIS/system_MK64F12.o
 .debug_macro   0x00000000     0x13c7 ./CMSIS/system_MK64F12.o
 .text          0x00000000        0x0 /usr/local/mcuxpressoide-10.0.2_411/ide/tools/bin/../lib/gcc/arm-none-eabi/5.4.1/../../../../arm-none-eabi/lib/armv7e-m/fpu/libcr_nohost_nf.a(_cr__main.o)
 .data          0x00000000        0x0 /usr/local/mcuxpressoide-10.0.2_411/ide/tools/bin/../lib/gcc/arm-none-eabi/5.4.1/../../../../arm-none-eabi/lib/armv7e-m/fpu/libcr_nohost_nf.a(_cr__main.o)
 .bss           0x00000000        0x0 /usr/local/mcuxpressoide-10.0.2_411/ide/tools/bin/../lib/gcc/arm-none-eabi/5.4.1/../../../../arm-none-eabi/lib/armv7e-m/fpu/libcr_nohost_nf.a(_cr__main.o)
 .text          0x00000000        0x0 /usr/local/mcuxpressoide-10.0.2_411/ide/tools/bin/../lib/gcc/arm-none-eabi/5.4.1/../../../../arm-none-eabi/lib/armv7e-m/fpu/libcr_c.a(initio.o)
 .data          0x00000000        0x0 /usr/local/mcuxpressoide-10.0.2_411/ide/tools/bin/../lib/gcc/arm-none-eabi/5.4.1/../../../../arm-none-eabi/lib/armv7e-m/fpu/libcr_c.a(initio.o)
 .bss           0x00000000        0x0 /usr/local/mcuxpressoide-10.0.2_411/ide/tools/bin/../lib/gcc/arm-none-eabi/5.4.1/../../../../arm-none-eabi/lib/armv7e-m/fpu/libcr_c.a(initio.o)
 .text._terminateio
                0x00000000       0x50 /usr/local/mcuxpressoide-10.0.2_411/ide/tools/bin/../lib/gcc/arm-none-eabi/5.4.1/../../../../arm-none-eabi/lib/armv7e-m/fpu/libcr_c.a(initio.o)
 .text          0x00000000        0x0 /usr/local/mcuxpressoide-10.0.2_411/ide/tools/bin/../lib/gcc/arm-none-eabi/5.4.1/../../../../arm-none-eabi/lib/armv7e-m/fpu/libcr_c.a(setvbuf.o)
 .data          0x00000000        0x0 /usr/local/mcuxpressoide-10.0.2_411/ide/tools/bin/../lib/gcc/arm-none-eabi/5.4.1/../../../../arm-none-eabi/lib/armv7e-m/fpu/libcr_c.a(setvbuf.o)
 .bss           0x00000000        0x0 /usr/local/mcuxpressoide-10.0.2_411/ide/tools/bin/../lib/gcc/arm-none-eabi/5.4.1/../../../../arm-none-eabi/lib/armv7e-m/fpu/libcr_c.a(setvbuf.o)
 .text          0x00000000        0x0 /usr/local/mcuxpressoide-10.0.2_411/ide/tools/bin/../lib/gcc/arm-none-eabi/5.4.1/../../../../arm-none-eabi/lib/armv7e-m/fpu/libcr_c.a(_fdopen.o)
 .data          0x00000000        0x0 /usr/local/mcuxpressoide-10.0.2_411/ide/tools/bin/../lib/gcc/arm-none-eabi/5.4.1/../../../../arm-none-eabi/lib/armv7e-m/fpu/libcr_c.a(_fdopen.o)
 .bss           0x00000000        0x0 /usr/local/mcuxpressoide-10.0.2_411/ide/tools/bin/../lib/gcc/arm-none-eabi/5.4.1/../../../../arm-none-eabi/lib/armv7e-m/fpu/libcr_c.a(_fdopen.o)
 .text          0x00000000        0x0 /usr/local/mcuxpressoide-10.0.2_411/ide/tools/bin/../lib/gcc/arm-none-eabi/5.4.1/../../../../arm-none-eabi/lib/armv7e-m/fpu/libcr_c.a(fclose.o)
 .data          0x00000000        0x0 /usr/local/mcuxpressoide-10.0.2_411/ide/tools/bin/../lib/gcc/arm-none-eabi/5.4.1/../../../../arm-none-eabi/lib/armv7e-m/fpu/libcr_c.a(fclose.o)
 .bss           0x00000000        0x0 /usr/local/mcuxpressoide-10.0.2_411/ide/tools/bin/../lib/gcc/arm-none-eabi/5.4.1/../../../../arm-none-eabi/lib/armv7e-m/fpu/libcr_c.a(fclose.o)
 .text          0x00000000        0x0 /usr/local/mcuxpressoide-10.0.2_411/ide/tools/bin/../lib/gcc/arm-none-eabi/5.4.1/../../../../arm-none-eabi/lib/armv7e-m/fpu/libcr_c.a(fflush.o)
 .data          0x00000000        0x0 /usr/local/mcuxpressoide-10.0.2_411/ide/tools/bin/../lib/gcc/arm-none-eabi/5.4.1/../../../../arm-none-eabi/lib/armv7e-m/fpu/libcr_c.a(fflush.o)
 .bss           0x00000000        0x0 /usr/local/mcuxpressoide-10.0.2_411/ide/tools/bin/../lib/gcc/arm-none-eabi/5.4.1/../../../../arm-none-eabi/lib/armv7e-m/fpu/libcr_c.a(fflush.o)
 .text          0x00000000        0x0 /usr/local/mcuxpressoide-10.0.2_411/ide/tools/bin/../lib/gcc/arm-none-eabi/5.4.1/../../../../arm-none-eabi/lib/armv7e-m/fpu/libcr_c.a(fseek.o)
 .data          0x00000000        0x0 /usr/local/mcuxpressoide-10.0.2_411/ide/tools/bin/../lib/gcc/arm-none-eabi/5.4.1/../../../../arm-none-eabi/lib/armv7e-m/fpu/libcr_c.a(fseek.o)
 .bss           0x00000000        0x0 /usr/local/mcuxpressoide-10.0.2_411/ide/tools/bin/../lib/gcc/arm-none-eabi/5.4.1/../../../../arm-none-eabi/lib/armv7e-m/fpu/libcr_c.a(fseek.o)
 .text          0x00000000        0x0 /usr/local/mcuxpressoide-10.0.2_411/ide/tools/bin/../lib/gcc/arm-none-eabi/5.4.1/../../../../arm-none-eabi/lib/armv7e-m/fpu/libcr_c.a(ftell.o)
 .data          0x00000000        0x0 /usr/local/mcuxpressoide-10.0.2_411/ide/tools/bin/../lib/gcc/arm-none-eabi/5.4.1/../../../../arm-none-eabi/lib/armv7e-m/fpu/libcr_c.a(ftell.o)
 .bss           0x00000000        0x0 /usr/local/mcuxpressoide-10.0.2_411/ide/tools/bin/../lib/gcc/arm-none-eabi/5.4.1/../../../../arm-none-eabi/lib/armv7e-m/fpu/libcr_c.a(ftell.o)
 .text          0x00000000        0x0 /usr/local/mcuxpressoide-10.0.2_411/ide/tools/bin/../lib/gcc/arm-none-eabi/5.4.1/../../../../arm-none-eabi/lib/armv7e-m/fpu/libcr_c.a(remove.o)
 .data          0x00000000        0x0 /usr/local/mcuxpressoide-10.0.2_411/ide/tools/bin/../lib/gcc/arm-none-eabi/5.4.1/../../../../arm-none-eabi/lib/armv7e-m/fpu/libcr_c.a(remove.o)
 .bss           0x00000000        0x0 /usr/local/mcuxpressoide-10.0.2_411/ide/tools/bin/../lib/gcc/arm-none-eabi/5.4.1/../../../../arm-none-eabi/lib/armv7e-m/fpu/libcr_c.a(remove.o)
 .text.rename   0x00000000       0x28 /usr/local/mcuxpressoide-10.0.2_411/ide/tools/bin/../lib/gcc/arm-none-eabi/5.4.1/../../../../arm-none-eabi/lib/armv7e-m/fpu/libcr_c.a(remove.o)
 .text          0x00000000        0x0 /usr/local/mcuxpressoide-10.0.2_411/ide/tools/bin/../lib/gcc/arm-none-eabi/5.4.1/../../../../arm-none-eabi/lib/armv7e-m/fpu/libcr_c.a(strlen.o)
 .data          0x00000000        0x0 /usr/local/mcuxpressoide-10.0.2_411/ide/tools/bin/../lib/gcc/arm-none-eabi/5.4.1/../../../../arm-none-eabi/lib/armv7e-m/fpu/libcr_c.a(strlen.o)
 .bss           0x00000000        0x0 /usr/local/mcuxpressoide-10.0.2_411/ide/tools/bin/../lib/gcc/arm-none-eabi/5.4.1/../../../../arm-none-eabi/lib/armv7e-m/fpu/libcr_c.a(strlen.o)
 .text          0x00000000        0x0 /usr/local/mcuxpressoide-10.0.2_411/ide/tools/bin/../lib/gcc/arm-none-eabi/5.4.1/../../../../arm-none-eabi/lib/armv7e-m/fpu/libcr_c.a(memset.o)
 .data          0x00000000        0x0 /usr/local/mcuxpressoide-10.0.2_411/ide/tools/bin/../lib/gcc/arm-none-eabi/5.4.1/../../../../arm-none-eabi/lib/armv7e-m/fpu/libcr_c.a(memset.o)
 .bss           0x00000000        0x0 /usr/local/mcuxpressoide-10.0.2_411/ide/tools/bin/../lib/gcc/arm-none-eabi/5.4.1/../../../../arm-none-eabi/lib/armv7e-m/fpu/libcr_c.a(memset.o)
 .text          0x00000000        0x0 /usr/local/mcuxpressoide-10.0.2_411/ide/tools/bin/../lib/gcc/arm-none-eabi/5.4.1/../../../../arm-none-eabi/lib/armv7e-m/fpu/libcr_c.a(_do_fflush.o)
 .data          0x00000000        0x0 /usr/local/mcuxpressoide-10.0.2_411/ide/tools/bin/../lib/gcc/arm-none-eabi/5.4.1/../../../../arm-none-eabi/lib/armv7e-m/fpu/libcr_c.a(_do_fflush.o)
 .bss           0x00000000        0x0 /usr/local/mcuxpressoide-10.0.2_411/ide/tools/bin/../lib/gcc/arm-none-eabi/5.4.1/../../../../arm-none-eabi/lib/armv7e-m/fpu/libcr_c.a(_do_fflush.o)
 .text          0x00000000        0x0 /usr/local/mcuxpressoide-10.0.2_411/ide/tools/bin/../lib/gcc/arm-none-eabi/5.4.1/../../../../arm-none-eabi/lib/armv7e-m/fpu/libcr_c.a(_fflush.o)
 .data          0x00000000        0x0 /usr/local/mcuxpressoide-10.0.2_411/ide/tools/bin/../lib/gcc/arm-none-eabi/5.4.1/../../../../arm-none-eabi/lib/armv7e-m/fpu/libcr_c.a(_fflush.o)
 .bss           0x00000000        0x0 /usr/local/mcuxpressoide-10.0.2_411/ide/tools/bin/../lib/gcc/arm-none-eabi/5.4.1/../../../../arm-none-eabi/lib/armv7e-m/fpu/libcr_c.a(_fflush.o)
 .text          0x00000000        0x0 /usr/local/mcuxpressoide-10.0.2_411/ide/tools/bin/../lib/gcc/arm-none-eabi/5.4.1/../../../../arm-none-eabi/lib/armv7e-m/fpu/libcr_c.a(_writebuf.o)
 .data          0x00000000        0x0 /usr/local/mcuxpressoide-10.0.2_411/ide/tools/bin/../lib/gcc/arm-none-eabi/5.4.1/../../../../arm-none-eabi/lib/armv7e-m/fpu/libcr_c.a(_writebuf.o)
 .bss           0x00000000        0x0 /usr/local/mcuxpressoide-10.0.2_411/ide/tools/bin/../lib/gcc/arm-none-eabi/5.4.1/../../../../arm-none-eabi/lib/armv7e-m/fpu/libcr_c.a(_writebuf.o)
 .text          0x00000000        0x0 /usr/local/mcuxpressoide-10.0.2_411/ide/tools/bin/../lib/gcc/arm-none-eabi/5.4.1/../../../../arm-none-eabi/lib/armv7e-m/fpu/libcr_c.a(alloc.o)
 .data          0x00000000        0x0 /usr/local/mcuxpressoide-10.0.2_411/ide/tools/bin/../lib/gcc/arm-none-eabi/5.4.1/../../../../arm-none-eabi/lib/armv7e-m/fpu/libcr_c.a(alloc.o)
 .bss           0x00000000        0x0 /usr/local/mcuxpressoide-10.0.2_411/ide/tools/bin/../lib/gcc/arm-none-eabi/5.4.1/../../../../arm-none-eabi/lib/armv7e-m/fpu/libcr_c.a(alloc.o)
 .text.malloc   0x00000000       0xc8 /usr/local/mcuxpressoide-10.0.2_411/ide/tools/bin/../lib/gcc/arm-none-eabi/5.4.1/../../../../arm-none-eabi/lib/armv7e-m/fpu/libcr_c.a(alloc.o)
 .text.calloc   0x00000000       0x50 /usr/local/mcuxpressoide-10.0.2_411/ide/tools/bin/../lib/gcc/arm-none-eabi/5.4.1/../../../../arm-none-eabi/lib/armv7e-m/fpu/libcr_c.a(alloc.o)
 .text._Csys_alloc
                0x00000000       0x20 /usr/local/mcuxpressoide-10.0.2_411/ide/tools/bin/../lib/gcc/arm-none-eabi/5.4.1/../../../../arm-none-eabi/lib/armv7e-m/fpu/libcr_c.a(alloc.o)
 .text.realloc  0x00000000       0x24 /usr/local/mcuxpressoide-10.0.2_411/ide/tools/bin/../lib/gcc/arm-none-eabi/5.4.1/../../../../arm-none-eabi/lib/armv7e-m/fpu/libcr_c.a(alloc.o)
 .rodata.str1.1
                0x00000000       0x18 /usr/local/mcuxpressoide-10.0.2_411/ide/tools/bin/../lib/gcc/arm-none-eabi/5.4.1/../../../../arm-none-eabi/lib/armv7e-m/fpu/libcr_c.a(alloc.o)
 .text          0x00000000        0x0 /usr/local/mcuxpressoide-10.0.2_411/ide/tools/bin/../lib/gcc/arm-none-eabi/5.4.1/../../../../arm-none-eabi/lib/armv7e-m/fpu/libcr_c.a(errno.o)
 .data          0x00000000        0x0 /usr/local/mcuxpressoide-10.0.2_411/ide/tools/bin/../lib/gcc/arm-none-eabi/5.4.1/../../../../arm-none-eabi/lib/armv7e-m/fpu/libcr_c.a(errno.o)
 .bss           0x00000000        0x0 /usr/local/mcuxpressoide-10.0.2_411/ide/tools/bin/../lib/gcc/arm-none-eabi/5.4.1/../../../../arm-none-eabi/lib/armv7e-m/fpu/libcr_c.a(errno.o)
 .text          0x00000000        0x0 /usr/local/mcuxpressoide-10.0.2_411/ide/tools/bin/../lib/gcc/arm-none-eabi/5.4.1/../../../../arm-none-eabi/lib/armv7e-m/fpu/libcr_c.a(memcpy.o)
 .data          0x00000000        0x0 /usr/local/mcuxpressoide-10.0.2_411/ide/tools/bin/../lib/gcc/arm-none-eabi/5.4.1/../../../../arm-none-eabi/lib/armv7e-m/fpu/libcr_c.a(memcpy.o)
 .bss           0x00000000        0x0 /usr/local/mcuxpressoide-10.0.2_411/ide/tools/bin/../lib/gcc/arm-none-eabi/5.4.1/../../../../arm-none-eabi/lib/armv7e-m/fpu/libcr_c.a(memcpy.o)
 .text.memcpy   0x00000000        0x4 /usr/local/mcuxpressoide-10.0.2_411/ide/tools/bin/../lib/gcc/arm-none-eabi/5.4.1/../../../../arm-none-eabi/lib/armv7e-m/fpu/libcr_c.a(memcpy.o)
 .comment       0x00000000       0x6f /usr/local/mcuxpressoide-10.0.2_411/ide/tools/bin/../lib/gcc/arm-none-eabi/5.4.1/../../../../arm-none-eabi/lib/armv7e-m/fpu/libcr_c.a(memcpy.o)
 .ARM.attributes
                0x00000000       0x39 /usr/local/mcuxpressoide-10.0.2_411/ide/tools/bin/../lib/gcc/arm-none-eabi/5.4.1/../../../../arm-none-eabi/lib/armv7e-m/fpu/libcr_c.a(memcpy.o)
 .text          0x00000000        0x0 /usr/local/mcuxpressoide-10.0.2_411/ide/tools/bin/../lib/gcc/arm-none-eabi/5.4.1/../../../../arm-none-eabi/lib/armv7e-m/fpu/libcr_c.a(__init_alloc.o)
 .data          0x00000000        0x0 /usr/local/mcuxpressoide-10.0.2_411/ide/tools/bin/../lib/gcc/arm-none-eabi/5.4.1/../../../../arm-none-eabi/lib/armv7e-m/fpu/libcr_c.a(__init_alloc.o)
 .bss           0x00000000        0x0 /usr/local/mcuxpressoide-10.0.2_411/ide/tools/bin/../lib/gcc/arm-none-eabi/5.4.1/../../../../arm-none-eabi/lib/armv7e-m/fpu/libcr_c.a(__init_alloc.o)
 .text._init_alloc
                0x00000000       0x14 /usr/local/mcuxpressoide-10.0.2_411/ide/tools/bin/../lib/gcc/arm-none-eabi/5.4.1/../../../../arm-none-eabi/lib/armv7e-m/fpu/libcr_c.a(__init_alloc.o)
 .bss.__heaps   0x00000000        0x4 /usr/local/mcuxpressoide-10.0.2_411/ide/tools/bin/../lib/gcc/arm-none-eabi/5.4.1/../../../../arm-none-eabi/lib/armv7e-m/fpu/libcr_c.a(__init_alloc.o)
 .bss.__end_of_heap
                0x00000000        0x4 /usr/local/mcuxpressoide-10.0.2_411/ide/tools/bin/../lib/gcc/arm-none-eabi/5.4.1/../../../../arm-none-eabi/lib/armv7e-m/fpu/libcr_c.a(__init_alloc.o)
 .comment       0x00000000       0x6f /usr/local/mcuxpressoide-10.0.2_411/ide/tools/bin/../lib/gcc/arm-none-eabi/5.4.1/../../../../arm-none-eabi/lib/armv7e-m/fpu/libcr_c.a(__init_alloc.o)
 .ARM.attributes
                0x00000000       0x39 /usr/local/mcuxpressoide-10.0.2_411/ide/tools/bin/../lib/gcc/arm-none-eabi/5.4.1/../../../../arm-none-eabi/lib/armv7e-m/fpu/libcr_c.a(__init_alloc.o)
 .text          0x00000000        0x0 /usr/local/mcuxpressoide-10.0.2_411/ide/tools/bin/../lib/gcc/arm-none-eabi/5.4.1/../../../../arm-none-eabi/lib/armv7e-m/fpu/libcr_c.a(_cr_sbrk.o)
 .data          0x00000000        0x0 /usr/local/mcuxpressoide-10.0.2_411/ide/tools/bin/../lib/gcc/arm-none-eabi/5.4.1/../../../../arm-none-eabi/lib/armv7e-m/fpu/libcr_c.a(_cr_sbrk.o)
 .bss           0x00000000        0x0 /usr/local/mcuxpressoide-10.0.2_411/ide/tools/bin/../lib/gcc/arm-none-eabi/5.4.1/../../../../arm-none-eabi/lib/armv7e-m/fpu/libcr_c.a(_cr_sbrk.o)
 .text._sbrk    0x00000000       0x40 /usr/local/mcuxpressoide-10.0.2_411/ide/tools/bin/../lib/gcc/arm-none-eabi/5.4.1/../../../../arm-none-eabi/lib/armv7e-m/fpu/libcr_c.a(_cr_sbrk.o)
 .comment       0x00000000       0x6f /usr/local/mcuxpressoide-10.0.2_411/ide/tools/bin/../lib/gcc/arm-none-eabi/5.4.1/../../../../arm-none-eabi/lib/armv7e-m/fpu/libcr_c.a(_cr_sbrk.o)
 .ARM.attributes
                0x00000000       0x39 /usr/local/mcuxpressoide-10.0.2_411/ide/tools/bin/../lib/gcc/arm-none-eabi/5.4.1/../../../../arm-none-eabi/lib/armv7e-m/fpu/libcr_c.a(_cr_sbrk.o)
 .text          0x00000000        0x0 /usr/local/mcuxpressoide-10.0.2_411/ide/tools/bin/../lib/gcc/arm-none-eabi/5.4.1/../../../../arm-none-eabi/lib/armv7e-m/fpu/libcr_c.a(_deferredlazyseek.o)
 .data          0x00000000        0x0 /usr/local/mcuxpressoide-10.0.2_411/ide/tools/bin/../lib/gcc/arm-none-eabi/5.4.1/../../../../arm-none-eabi/lib/armv7e-m/fpu/libcr_c.a(_deferredlazyseek.o)
 .bss           0x00000000        0x0 /usr/local/mcuxpressoide-10.0.2_411/ide/tools/bin/../lib/gcc/arm-none-eabi/5.4.1/../../../../arm-none-eabi/lib/armv7e-m/fpu/libcr_c.a(_deferredlazyseek.o)
 .text.__flsbuf
                0x00000000      0x13e /usr/local/mcuxpressoide-10.0.2_411/ide/tools/bin/../lib/gcc/arm-none-eabi/5.4.1/../../../../arm-none-eabi/lib/armv7e-m/fpu/libcr_c.a(_deferredlazyseek.o)
 .text          0x00000000        0x0 /usr/local/mcuxpressoide-10.0.2_411/ide/tools/bin/../lib/gcc/arm-none-eabi/5.4.1/../../../../arm-none-eabi/lib/armv7e-m/fpu/libcr_c.a(_cr_check_heap.o)
 .data          0x00000000        0x0 /usr/local/mcuxpressoide-10.0.2_411/ide/tools/bin/../lib/gcc/arm-none-eabi/5.4.1/../../../../arm-none-eabi/lib/armv7e-m/fpu/libcr_c.a(_cr_check_heap.o)
 .bss           0x00000000        0x0 /usr/local/mcuxpressoide-10.0.2_411/ide/tools/bin/../lib/gcc/arm-none-eabi/5.4.1/../../../../arm-none-eabi/lib/armv7e-m/fpu/libcr_c.a(_cr_check_heap.o)
 .text.__check_heap_overflow
                0x00000000       0x18 /usr/local/mcuxpressoide-10.0.2_411/ide/tools/bin/../lib/gcc/arm-none-eabi/5.4.1/../../../../arm-none-eabi/lib/armv7e-m/fpu/libcr_c.a(_cr_check_heap.o)
 .comment       0x00000000       0x6f /usr/local/mcuxpressoide-10.0.2_411/ide/tools/bin/../lib/gcc/arm-none-eabi/5.4.1/../../../../arm-none-eabi/lib/armv7e-m/fpu/libcr_c.a(_cr_check_heap.o)
 .ARM.attributes
                0x00000000       0x39 /usr/local/mcuxpressoide-10.0.2_411/ide/tools/bin/../lib/gcc/arm-none-eabi/5.4.1/../../../../arm-none-eabi/lib/armv7e-m/fpu/libcr_c.a(_cr_check_heap.o)
 .text          0x00000000        0x0 /usr/local/mcuxpressoide-10.0.2_411/ide/tools/bin/../lib/gcc/arm-none-eabi/5.4.1/armv7e-m/fpu/libcr_eabihelpers.a(memcpy.o)
 .data          0x00000000        0x0 /usr/local/mcuxpressoide-10.0.2_411/ide/tools/bin/../lib/gcc/arm-none-eabi/5.4.1/armv7e-m/fpu/libcr_eabihelpers.a(memcpy.o)
 .bss           0x00000000        0x0 /usr/local/mcuxpressoide-10.0.2_411/ide/tools/bin/../lib/gcc/arm-none-eabi/5.4.1/armv7e-m/fpu/libcr_eabihelpers.a(memcpy.o)
 .text.__aeabi_memcpy
                0x00000000       0x34 /usr/local/mcuxpressoide-10.0.2_411/ide/tools/bin/../lib/gcc/arm-none-eabi/5.4.1/armv7e-m/fpu/libcr_eabihelpers.a(memcpy.o)
 .text.__aeabi_memmove
                0x00000000       0x1c /usr/local/mcuxpressoide-10.0.2_411/ide/tools/bin/../lib/gcc/arm-none-eabi/5.4.1/armv7e-m/fpu/libcr_eabihelpers.a(memcpy.o)
 .text.__aeabi_memclr
                0x00000000        0x8 /usr/local/mcuxpressoide-10.0.2_411/ide/tools/bin/../lib/gcc/arm-none-eabi/5.4.1/armv7e-m/fpu/libcr_eabihelpers.a(memcpy.o)
 .text.__aeabi_memset
                0x00000000        0xa /usr/local/mcuxpressoide-10.0.2_411/ide/tools/bin/../lib/gcc/arm-none-eabi/5.4.1/armv7e-m/fpu/libcr_eabihelpers.a(memcpy.o)
 .text          0x00000000        0x0 /usr/local/mcuxpressoide-10.0.2_411/ide/tools/bin/../lib/gcc/arm-none-eabi/5.4.1/../../../../arm-none-eabi/lib/armv7e-m/fpu/libcr_nohost_nf.a(__ciob.o)
 .data          0x00000000        0x0 /usr/local/mcuxpressoide-10.0.2_411/ide/tools/bin/../lib/gcc/arm-none-eabi/5.4.1/../../../../arm-none-eabi/lib/armv7e-m/fpu/libcr_nohost_nf.a(__ciob.o)
 .bss           0x00000000        0x0 /usr/local/mcuxpressoide-10.0.2_411/ide/tools/bin/../lib/gcc/arm-none-eabi/5.4.1/../../../../arm-none-eabi/lib/armv7e-m/fpu/libcr_nohost_nf.a(__ciob.o)
 .text          0x00000000        0x0 /usr/local/mcuxpressoide-10.0.2_411/ide/tools/bin/../lib/gcc/arm-none-eabi/5.4.1/../../../../arm-none-eabi/lib/armv7e-m/fpu/libcr_nohost_nf.a(__sys_appexit.o)
 .data          0x00000000        0x0 /usr/local/mcuxpressoide-10.0.2_411/ide/tools/bin/../lib/gcc/arm-none-eabi/5.4.1/../../../../arm-none-eabi/lib/armv7e-m/fpu/libcr_nohost_nf.a(__sys_appexit.o)
 .bss           0x00000000        0x0 /usr/local/mcuxpressoide-10.0.2_411/ide/tools/bin/../lib/gcc/arm-none-eabi/5.4.1/../../../../arm-none-eabi/lib/armv7e-m/fpu/libcr_nohost_nf.a(__sys_appexit.o)
 .text.__sys_appexit
                0x00000000        0x2 /usr/local/mcuxpressoide-10.0.2_411/ide/tools/bin/../lib/gcc/arm-none-eabi/5.4.1/../../../../arm-none-eabi/lib/armv7e-m/fpu/libcr_nohost_nf.a(__sys_appexit.o)
 .comment       0x00000000       0x6f /usr/local/mcuxpressoide-10.0.2_411/ide/tools/bin/../lib/gcc/arm-none-eabi/5.4.1/../../../../arm-none-eabi/lib/armv7e-m/fpu/libcr_nohost_nf.a(__sys_appexit.o)
 .ARM.attributes
                0x00000000       0x39 /usr/local/mcuxpressoide-10.0.2_411/ide/tools/bin/../lib/gcc/arm-none-eabi/5.4.1/../../../../arm-none-eabi/lib/armv7e-m/fpu/libcr_nohost_nf.a(__sys_appexit.o)
 .text          0x00000000        0x0 /usr/local/mcuxpressoide-10.0.2_411/ide/tools/bin/../lib/gcc/arm-none-eabi/5.4.1/../../../../arm-none-eabi/lib/armv7e-m/fpu/libcr_nohost_nf.a(__sys_close.o)
 .data          0x00000000        0x0 /usr/local/mcuxpressoide-10.0.2_411/ide/tools/bin/../lib/gcc/arm-none-eabi/5.4.1/../../../../arm-none-eabi/lib/armv7e-m/fpu/libcr_nohost_nf.a(__sys_close.o)
 .bss           0x00000000        0x0 /usr/local/mcuxpressoide-10.0.2_411/ide/tools/bin/../lib/gcc/arm-none-eabi/5.4.1/../../../../arm-none-eabi/lib/armv7e-m/fpu/libcr_nohost_nf.a(__sys_close.o)
 .text          0x00000000        0x0 /usr/local/mcuxpressoide-10.0.2_411/ide/tools/bin/../lib/gcc/arm-none-eabi/5.4.1/../../../../arm-none-eabi/lib/armv7e-m/fpu/libcr_nohost_nf.a(__sys_flen.o)
 .data          0x00000000        0x0 /usr/local/mcuxpressoide-10.0.2_411/ide/tools/bin/../lib/gcc/arm-none-eabi/5.4.1/../../../../arm-none-eabi/lib/armv7e-m/fpu/libcr_nohost_nf.a(__sys_flen.o)
 .bss           0x00000000        0x0 /usr/local/mcuxpressoide-10.0.2_411/ide/tools/bin/../lib/gcc/arm-none-eabi/5.4.1/../../../../arm-none-eabi/lib/armv7e-m/fpu/libcr_nohost_nf.a(__sys_flen.o)
 .text          0x00000000        0x0 /usr/local/mcuxpressoide-10.0.2_411/ide/tools/bin/../lib/gcc/arm-none-eabi/5.4.1/../../../../arm-none-eabi/lib/armv7e-m/fpu/libcr_nohost_nf.a(__sys_istty.o)
 .data          0x00000000        0x0 /usr/local/mcuxpressoide-10.0.2_411/ide/tools/bin/../lib/gcc/arm-none-eabi/5.4.1/../../../../arm-none-eabi/lib/armv7e-m/fpu/libcr_nohost_nf.a(__sys_istty.o)
 .bss           0x00000000        0x0 /usr/local/mcuxpressoide-10.0.2_411/ide/tools/bin/../lib/gcc/arm-none-eabi/5.4.1/../../../../arm-none-eabi/lib/armv7e-m/fpu/libcr_nohost_nf.a(__sys_istty.o)
 .text          0x00000000        0x0 /usr/local/mcuxpressoide-10.0.2_411/ide/tools/bin/../lib/gcc/arm-none-eabi/5.4.1/../../../../arm-none-eabi/lib/armv7e-m/fpu/libcr_nohost_nf.a(__sys_remove.o)
 .data          0x00000000        0x0 /usr/local/mcuxpressoide-10.0.2_411/ide/tools/bin/../lib/gcc/arm-none-eabi/5.4.1/../../../../arm-none-eabi/lib/armv7e-m/fpu/libcr_nohost_nf.a(__sys_remove.o)
 .bss           0x00000000        0x0 /usr/local/mcuxpressoide-10.0.2_411/ide/tools/bin/../lib/gcc/arm-none-eabi/5.4.1/../../../../arm-none-eabi/lib/armv7e-m/fpu/libcr_nohost_nf.a(__sys_remove.o)
 .text          0x00000000        0x0 /usr/local/mcuxpressoide-10.0.2_411/ide/tools/bin/../lib/gcc/arm-none-eabi/5.4.1/../../../../arm-none-eabi/lib/armv7e-m/fpu/libcr_nohost_nf.a(__sys_rename.o)
 .data          0x00000000        0x0 /usr/local/mcuxpressoide-10.0.2_411/ide/tools/bin/../lib/gcc/arm-none-eabi/5.4.1/../../../../arm-none-eabi/lib/armv7e-m/fpu/libcr_nohost_nf.a(__sys_rename.o)
 .bss           0x00000000        0x0 /usr/local/mcuxpressoide-10.0.2_411/ide/tools/bin/../lib/gcc/arm-none-eabi/5.4.1/../../../../arm-none-eabi/lib/armv7e-m/fpu/libcr_nohost_nf.a(__sys_rename.o)
 .text.__sys_rename
                0x00000000        0x6 /usr/local/mcuxpressoide-10.0.2_411/ide/tools/bin/../lib/gcc/arm-none-eabi/5.4.1/../../../../arm-none-eabi/lib/armv7e-m/fpu/libcr_nohost_nf.a(__sys_rename.o)
 .comment       0x00000000       0x6f /usr/local/mcuxpressoide-10.0.2_411/ide/tools/bin/../lib/gcc/arm-none-eabi/5.4.1/../../../../arm-none-eabi/lib/armv7e-m/fpu/libcr_nohost_nf.a(__sys_rename.o)
 .ARM.attributes
                0x00000000       0x39 /usr/local/mcuxpressoide-10.0.2_411/ide/tools/bin/../lib/gcc/arm-none-eabi/5.4.1/../../../../arm-none-eabi/lib/armv7e-m/fpu/libcr_nohost_nf.a(__sys_rename.o)
 .text          0x00000000        0x0 /usr/local/mcuxpressoide-10.0.2_411/ide/tools/bin/../lib/gcc/arm-none-eabi/5.4.1/../../../../arm-none-eabi/lib/armv7e-m/fpu/libcr_nohost_nf.a(__sys_seek.o)
 .data          0x00000000        0x0 /usr/local/mcuxpressoide-10.0.2_411/ide/tools/bin/../lib/gcc/arm-none-eabi/5.4.1/../../../../arm-none-eabi/lib/armv7e-m/fpu/libcr_nohost_nf.a(__sys_seek.o)
 .bss           0x00000000        0x0 /usr/local/mcuxpressoide-10.0.2_411/ide/tools/bin/../lib/gcc/arm-none-eabi/5.4.1/../../../../arm-none-eabi/lib/armv7e-m/fpu/libcr_nohost_nf.a(__sys_seek.o)
 .text          0x00000000        0x0 /usr/local/mcuxpressoide-10.0.2_411/ide/tools/bin/../lib/gcc/arm-none-eabi/5.4.1/../../../../arm-none-eabi/lib/armv7e-m/fpu/libcr_nohost_nf.a(__sys_tmpnam.o)
 .data          0x00000000        0x0 /usr/local/mcuxpressoide-10.0.2_411/ide/tools/bin/../lib/gcc/arm-none-eabi/5.4.1/../../../../arm-none-eabi/lib/armv7e-m/fpu/libcr_nohost_nf.a(__sys_tmpnam.o)
 .bss           0x00000000        0x0 /usr/local/mcuxpressoide-10.0.2_411/ide/tools/bin/../lib/gcc/arm-none-eabi/5.4.1/../../../../arm-none-eabi/lib/armv7e-m/fpu/libcr_nohost_nf.a(__sys_tmpnam.o)
 .text          0x00000000        0x0 /usr/local/mcuxpressoide-10.0.2_411/ide/tools/bin/../lib/gcc/arm-none-eabi/5.4.1/../../../../arm-none-eabi/lib/armv7e-m/fpu/libcr_nohost_nf.a(__sys_write.o)
 .data          0x00000000        0x0 /usr/local/mcuxpressoide-10.0.2_411/ide/tools/bin/../lib/gcc/arm-none-eabi/5.4.1/../../../../arm-none-eabi/lib/armv7e-m/fpu/libcr_nohost_nf.a(__sys_write.o)
 .bss           0x00000000        0x0 /usr/local/mcuxpressoide-10.0.2_411/ide/tools/bin/../lib/gcc/arm-none-eabi/5.4.1/../../../../arm-none-eabi/lib/armv7e-m/fpu/libcr_nohost_nf.a(__sys_write.o)

Memory Configuration

Name             Origin             Length             Attributes
PROGRAM_FLASH    0x00000000         0x00100000         xr
SRAM_UPPER       0x20000000         0x00030000         xrw
SRAM_LOWER       0x1fff0000         0x00010000         xrw
FLEX_RAM         0x14000000         0x00001000         xrw
*default*        0x00000000         0xffffffff

Linker script and memory map

LOAD ./startup/startup_mk64f12.o
LOAD ./source/hardware.o
LOAD ./source/main.o
LOAD ./CMSIS/system_MK64F12.o
START GROUP
LOAD /usr/local/mcuxpressoide-10.0.2_411/ide/tools/bin/../lib/gcc/arm-none-eabi/5.4.1/../../../../arm-none-eabi/lib/armv7e-m/fpu/libcr_nohost_nf.a
LOAD /usr/local/mcuxpressoide-10.0.2_411/ide/tools/bin/../lib/gcc/arm-none-eabi/5.4.1/../../../../arm-none-eabi/lib/armv7e-m/fpu/libcr_c.a
LOAD /usr/local/mcuxpressoide-10.0.2_411/ide/tools/bin/../lib/gcc/arm-none-eabi/5.4.1/armv7e-m/fpu/libcr_eabihelpers.a
END GROUP
                0x00000000                __base_PROGRAM_FLASH = 0x0
                0x00000000                __base_Flash = 0x0
                0x00100000                __top_PROGRAM_FLASH = 0x100000
                0x00100000                __top_Flash = 0x100000
                0x20000000                __base_SRAM_UPPER = 0x20000000
                0x20000000                __base_RAM = 0x20000000
                0x20030000                __top_SRAM_UPPER = 0x20030000
                0x20030000                __top_RAM = 0x20030000
                0x1fff0000                __base_SRAM_LOWER = 0x1fff0000
                0x1fff0000                __base_RAM2 = 0x1fff0000
                0x20000000                __top_SRAM_LOWER = 0x20000000
                0x20000000                __top_RAM2 = 0x20000000
                0x14000000                __base_FLEX_RAM = 0x14000000
                0x14000000                __base_RAM3 = 0x14000000
                0x14001000                __top_FLEX_RAM = 0x14001000
                0x14001000                __top_RAM3 = 0x14001000

.text           0x00000000      0xf38
 FILL mask 0xff
                0x00000000                __vectors_start__ = ABSOLUTE (.)
 *(.isr_vector)
 .isr_vector    0x00000000      0x198 ./startup/startup_mk64f12.o
                0x00000000                __Vectors
                0x00000000                g_pfnVectors
                0x00000198                . = ALIGN (0x4)
                0x00000198                __section_table_start = .
                0x00000198                __data_section_table = .
                0x00000198        0x4 LONG 0xf38 LOADADDR (.data)
                0x0000019c        0x4 LONG 0x20000000 ADDR (.data)
                0x000001a0        0x4 LONG 0x4 SIZEOF (.data)
                0x000001a4        0x4 LONG 0xf38 LOADADDR (.data_RAM2)
                0x000001a8        0x4 LONG 0x1fff0000 ADDR (.data_RAM2)
                0x000001ac        0x4 LONG 0x0 SIZEOF (.data_RAM2)
                0x000001b0        0x4 LONG 0xf38 LOADADDR (.data_RAM3)
                0x000001b4        0x4 LONG 0x14000000 ADDR (.data_RAM3)
                0x000001b8        0x4 LONG 0x0 SIZEOF (.data_RAM3)
                0x000001bc                __data_section_table_end = .
                0x000001bc                __bss_section_table = .
                0x000001bc        0x4 LONG 0x20000004 ADDR (.bss)
                0x000001c0        0x4 LONG 0xbc SIZEOF (.bss)
                0x000001c4        0x4 LONG 0x1fff0000 ADDR (.bss_RAM2)
                0x000001c8        0x4 LONG 0x0 SIZEOF (.bss_RAM2)
                0x000001cc        0x4 LONG 0x14000000 ADDR (.bss_RAM3)
                0x000001d0        0x4 LONG 0x0 SIZEOF (.bss_RAM3)
                0x000001d4                __bss_section_table_end = .
                0x000001d4                __section_table_end = .
 *(.after_vectors*)
 .after_vectors.init_data
                0x000001d4       0x1c ./startup/startup_mk64f12.o
                0x000001d4                data_init
 .after_vectors.init_bss
                0x000001f0       0x14 ./startup/startup_mk64f12.o
                0x000001f0                bss_init
 .after_vectors.reset
                0x00000204       0x4c ./startup/startup_mk64f12.o
                0x00000204                ResetISR
 .after_vectors
                0x00000250       0x28 ./startup/startup_mk64f12.o
                0x00000250                NMI_Handler
                0x00000254                HardFault_Handler
                0x00000258                MemManage_Handler
                0x0000025c                BusFault_Handler
                0x00000260                UsageFault_Handler
                0x00000264                SVC_Handler
                0x00000268                DebugMon_Handler
                0x0000026c                PendSV_Handler
                0x00000274                DMA0_DriverIRQHandler
                0x00000274                PORTB_DriverIRQHandler
                0x00000274                DMA12_DriverIRQHandler
                0x00000274                SPI1_DriverIRQHandler
                0x00000274                LPTMR0_DriverIRQHandler
                0x00000274                DMA_Error_DriverIRQHandler
                0x00000274                FTM1_DriverIRQHandler
                0x00000274                FTM2_DriverIRQHandler
                0x00000274                PIT2_DriverIRQHandler
                0x00000274                SDHC_DriverIRQHandler
                0x00000274                I2S0_Tx_DriverIRQHandler
                0x00000274                RTC_Seconds_DriverIRQHandler
                0x00000274                DMA6_DriverIRQHandler
                0x00000274                LLWU_DriverIRQHandler
                0x00000274                MCM_DriverIRQHandler
                0x00000274                MCG_DriverIRQHandler
                0x00000274                ENET_1588_Timer_DriverIRQHandler
                0x00000274                I2C2_DriverIRQHandler
                0x00000274                DAC1_DriverIRQHandler
                0x00000274                CMP1_DriverIRQHandler
                0x00000274                UART5_RX_TX_DriverIRQHandler
                0x00000274                FTM0_DriverIRQHandler
                0x00000274                IntDefaultHandler
                0x00000274                USB0_DriverIRQHandler
                0x00000274                UART5_ERR_DriverIRQHandler
                0x00000274                PORTC_DriverIRQHandler
                0x00000274                DMA11_DriverIRQHandler
                0x00000274                DAC0_DriverIRQHandler
                0x00000274                DMA10_DriverIRQHandler
                0x00000274                CMP2_DriverIRQHandler
                0x00000274                UART2_ERR_DriverIRQHandler
                0x00000274                SPI2_DriverIRQHandler
                0x00000274                LVD_LVW_DriverIRQHandler
                0x00000274                PIT0_DriverIRQHandler
                0x00000274                RNG_DriverIRQHandler
                0x00000274                DMA5_DriverIRQHandler
                0x00000274                DMA4_DriverIRQHandler
                0x00000274                UART2_RX_TX_DriverIRQHandler
                0x00000274                USBDCD_DriverIRQHandler
                0x00000274                UART3_ERR_DriverIRQHandler
                0x00000274                DMA3_DriverIRQHandler
                0x00000274                DMA8_DriverIRQHandler
                0x00000274                DMA9_DriverIRQHandler
                0x00000274                UART0_ERR_DriverIRQHandler
                0x00000274                CMT_DriverIRQHandler
                0x00000274                Reserved71_DriverIRQHandler
                0x00000274                ADC1_DriverIRQHandler
                0x00000274                PORTA_DriverIRQHandler
                0x00000274                DMA14_DriverIRQHandler
                0x00000274                PIT3_DriverIRQHandler
                0x00000274                PIT1_DriverIRQHandler
                0x00000274                WDOG_EWM_DriverIRQHandler
                0x00000274                PDB0_DriverIRQHandler
                0x00000274                RTC_DriverIRQHandler
                0x00000274                I2S0_Rx_DriverIRQHandler
                0x00000274                Read_Collision_DriverIRQHandler
                0x00000274                SWI_DriverIRQHandler
                0x00000274                UART4_RX_TX_DriverIRQHandler
                0x00000274                UART4_ERR_DriverIRQHandler
                0x00000274                UART0_LON_DriverIRQHandler
                0x00000274                DMA1_DriverIRQHandler
                0x00000274                I2C1_DriverIRQHandler
                0x00000274                UART3_RX_TX_DriverIRQHandler
                0x00000274                ENET_Receive_DriverIRQHandler
                0x00000274                DMA13_DriverIRQHandler
                0x00000274                ENET_Error_DriverIRQHandler
                0x00000274                DMA15_DriverIRQHandler
                0x00000274                UART0_RX_TX_DriverIRQHandler
                0x00000274                SPI0_DriverIRQHandler
                0x00000274                ADC0_DriverIRQHandler
                0x00000274                CMP0_DriverIRQHandler
                0x00000274                CAN0_DriverIRQHandler
                0x00000274                FTM3_DriverIRQHandler
                0x00000274                UART1_ERR_DriverIRQHandler
                0x00000274                DMA2_DriverIRQHandler
                0x00000274                ENET_Transmit_DriverIRQHandler
                0x00000274                PORTD_DriverIRQHandler
                0x00000274                PORTE_DriverIRQHandler
                0x00000274                FTFE_DriverIRQHandler
                0x00000274                I2C0_DriverIRQHandler
                0x00000274                DMA7_DriverIRQHandler
                0x00000274                UART1_RX_TX_DriverIRQHandler
                0x00000400                . = 0x400
 *fill*         0x00000278      0x188 ff
                0x00000400                PROVIDE (__FLASH_CONFIG_START__, .)
 *(.FlashConfig)
 .FlashConfig   0x00000400       0x10 ./startup/startup_mk64f12.o
                0x00000400                Flash_Config
                0x00000410                PROVIDE (__FLASH_CONFIG_END__, .)
                0x00000001                ASSERT (! ((__FLASH_CONFIG_START__ == __FLASH_CONFIG_END__)), Linker Flash Config Support Enabled, but no .FlashConfig section provided within application)
 *(.text*)
 .text.DMA0_IRQHandler
                0x00000410        0x8 ./startup/startup_mk64f12.o
                0x00000410                DMA0_IRQHandler
 .text.DMA1_IRQHandler
                0x00000418        0x8 ./startup/startup_mk64f12.o
                0x00000418                DMA1_IRQHandler
 .text.DMA2_IRQHandler
                0x00000420        0x8 ./startup/startup_mk64f12.o
                0x00000420                DMA2_IRQHandler
 .text.DMA3_IRQHandler
                0x00000428        0x8 ./startup/startup_mk64f12.o
                0x00000428                DMA3_IRQHandler
 .text.DMA4_IRQHandler
                0x00000430        0x8 ./startup/startup_mk64f12.o
                0x00000430                DMA4_IRQHandler
 .text.DMA5_IRQHandler
                0x00000438        0x8 ./startup/startup_mk64f12.o
                0x00000438                DMA5_IRQHandler
 .text.DMA6_IRQHandler
                0x00000440        0x8 ./startup/startup_mk64f12.o
                0x00000440                DMA6_IRQHandler
 .text.DMA7_IRQHandler
                0x00000448        0x8 ./startup/startup_mk64f12.o
                0x00000448                DMA7_IRQHandler
 .text.DMA8_IRQHandler
                0x00000450        0x8 ./startup/startup_mk64f12.o
                0x00000450                DMA8_IRQHandler
 .text.DMA9_IRQHandler
                0x00000458        0x8 ./startup/startup_mk64f12.o
                0x00000458                DMA9_IRQHandler
 .text.DMA10_IRQHandler
                0x00000460        0x8 ./startup/startup_mk64f12.o
                0x00000460                DMA10_IRQHandler
 .text.DMA11_IRQHandler
                0x00000468        0x8 ./startup/startup_mk64f12.o
                0x00000468                DMA11_IRQHandler
 .text.DMA12_IRQHandler
                0x00000470        0x8 ./startup/startup_mk64f12.o
                0x00000470                DMA12_IRQHandler
 .text.DMA13_IRQHandler
                0x00000478        0x8 ./startup/startup_mk64f12.o
                0x00000478                DMA13_IRQHandler
 .text.DMA14_IRQHandler
                0x00000480        0x8 ./startup/startup_mk64f12.o
                0x00000480                DMA14_IRQHandler
 .text.DMA15_IRQHandler
                0x00000488        0x8 ./startup/startup_mk64f12.o
                0x00000488                DMA15_IRQHandler
 .text.DMA_Error_IRQHandler
                0x00000490        0x8 ./startup/startup_mk64f12.o
                0x00000490                DMA_Error_IRQHandler
 .text.MCM_IRQHandler
                0x00000498        0x8 ./startup/startup_mk64f12.o
                0x00000498                MCM_IRQHandler
 .text.FTFE_IRQHandler
                0x000004a0        0x8 ./startup/startup_mk64f12.o
                0x000004a0                FTFE_IRQHandler
 .text.Read_Collision_IRQHandler
                0x000004a8        0x8 ./startup/startup_mk64f12.o
                0x000004a8                Read_Collision_IRQHandler
 .text.LVD_LVW_IRQHandler
                0x000004b0        0x8 ./startup/startup_mk64f12.o
                0x000004b0                LVD_LVW_IRQHandler
 .text.LLWU_IRQHandler
                0x000004b8        0x8 ./startup/startup_mk64f12.o
                0x000004b8                LLWU_IRQHandler
 .text.WDOG_EWM_IRQHandler
                0x000004c0        0x8 ./startup/startup_mk64f12.o
                0x000004c0                WDOG_EWM_IRQHandler
 .text.RNG_IRQHandler
                0x000004c8        0x8 ./startup/startup_mk64f12.o
                0x000004c8                RNG_IRQHandler
 .text.I2C0_IRQHandler
                0x000004d0        0x8 ./startup/startup_mk64f12.o
                0x000004d0                I2C0_IRQHandler
 .text.I2C1_IRQHandler
                0x000004d8        0x8 ./startup/startup_mk64f12.o
                0x000004d8                I2C1_IRQHandler
 .text.SPI0_IRQHandler
                0x000004e0        0x8 ./startup/startup_mk64f12.o
                0x000004e0                SPI0_IRQHandler
 .text.SPI1_IRQHandler
                0x000004e8        0x8 ./startup/startup_mk64f12.o
                0x000004e8                SPI1_IRQHandler
 .text.I2S0_Tx_IRQHandler
                0x000004f0        0x8 ./startup/startup_mk64f12.o
                0x000004f0                I2S0_Tx_IRQHandler
 .text.I2S0_Rx_IRQHandler
                0x000004f8        0x8 ./startup/startup_mk64f12.o
                0x000004f8                I2S0_Rx_IRQHandler
 .text.UART0_LON_IRQHandler
                0x00000500        0x8 ./startup/startup_mk64f12.o
                0x00000500                UART0_LON_IRQHandler
 .text.UART0_RX_TX_IRQHandler
                0x00000508        0x8 ./startup/startup_mk64f12.o
                0x00000508                UART0_RX_TX_IRQHandler
 .text.UART0_ERR_IRQHandler
                0x00000510        0x8 ./startup/startup_mk64f12.o
                0x00000510                UART0_ERR_IRQHandler
 .text.UART1_RX_TX_IRQHandler
                0x00000518        0x8 ./startup/startup_mk64f12.o
                0x00000518                UART1_RX_TX_IRQHandler
 .text.UART1_ERR_IRQHandler
                0x00000520        0x8 ./startup/startup_mk64f12.o
                0x00000520                UART1_ERR_IRQHandler
 .text.UART2_RX_TX_IRQHandler
                0x00000528        0x8 ./startup/startup_mk64f12.o
                0x00000528                UART2_RX_TX_IRQHandler
 .text.UART2_ERR_IRQHandler
                0x00000530        0x8 ./startup/startup_mk64f12.o
                0x00000530                UART2_ERR_IRQHandler
 .text.UART3_RX_TX_IRQHandler
                0x00000538        0x8 ./startup/startup_mk64f12.o
                0x00000538                UART3_RX_TX_IRQHandler
 .text.UART3_ERR_IRQHandler
                0x00000540        0x8 ./startup/startup_mk64f12.o
                0x00000540                UART3_ERR_IRQHandler
 .text.ADC0_IRQHandler
                0x00000548        0x8 ./startup/startup_mk64f12.o
                0x00000548                ADC0_IRQHandler
 .text.CMP0_IRQHandler
                0x00000550        0x8 ./startup/startup_mk64f12.o
                0x00000550                CMP0_IRQHandler
 .text.CMP1_IRQHandler
                0x00000558        0x8 ./startup/startup_mk64f12.o
                0x00000558                CMP1_IRQHandler
 .text.FTM0_IRQHandler
                0x00000560        0x8 ./startup/startup_mk64f12.o
                0x00000560                FTM0_IRQHandler
 .text.FTM1_IRQHandler
                0x00000568        0x8 ./startup/startup_mk64f12.o
                0x00000568                FTM1_IRQHandler
 .text.FTM2_IRQHandler
                0x00000570        0x8 ./startup/startup_mk64f12.o
                0x00000570                FTM2_IRQHandler
 .text.CMT_IRQHandler
                0x00000578        0x8 ./startup/startup_mk64f12.o
                0x00000578                CMT_IRQHandler
 .text.RTC_IRQHandler
                0x00000580        0x8 ./startup/startup_mk64f12.o
                0x00000580                RTC_IRQHandler
 .text.RTC_Seconds_IRQHandler
                0x00000588        0x8 ./startup/startup_mk64f12.o
                0x00000588                RTC_Seconds_IRQHandler
 .text.PIT0_IRQHandler
                0x00000590        0x8 ./startup/startup_mk64f12.o
                0x00000590                PIT0_IRQHandler
 .text.PIT1_IRQHandler
                0x00000598        0x8 ./startup/startup_mk64f12.o
                0x00000598                PIT1_IRQHandler
 .text.PIT2_IRQHandler
                0x000005a0        0x8 ./startup/startup_mk64f12.o
                0x000005a0                PIT2_IRQHandler
 .text.PIT3_IRQHandler
                0x000005a8        0x8 ./startup/startup_mk64f12.o
                0x000005a8                PIT3_IRQHandler
 .text.PDB0_IRQHandler
                0x000005b0        0x8 ./startup/startup_mk64f12.o
                0x000005b0                PDB0_IRQHandler
 .text.USB0_IRQHandler
                0x000005b8        0x8 ./startup/startup_mk64f12.o
                0x000005b8                USB0_IRQHandler
 .text.USBDCD_IRQHandler
                0x000005c0        0x8 ./startup/startup_mk64f12.o
                0x000005c0                USBDCD_IRQHandler
 .text.Reserved71_IRQHandler
                0x000005c8        0x8 ./startup/startup_mk64f12.o
                0x000005c8                Reserved71_IRQHandler
 .text.DAC0_IRQHandler
                0x000005d0        0x8 ./startup/startup_mk64f12.o
                0x000005d0                DAC0_IRQHandler
 .text.MCG_IRQHandler
                0x000005d8        0x8 ./startup/startup_mk64f12.o
                0x000005d8                MCG_IRQHandler
 .text.LPTMR0_IRQHandler
                0x000005e0        0x8 ./startup/startup_mk64f12.o
                0x000005e0                LPTMR0_IRQHandler
 .text.PORTB_IRQHandler
                0x000005e8        0x8 ./startup/startup_mk64f12.o
                0x000005e8                PORTB_IRQHandler
 .text.PORTC_IRQHandler
                0x000005f0        0x8 ./startup/startup_mk64f12.o
                0x000005f0                PORTC_IRQHandler
 .text.PORTD_IRQHandler
                0x000005f8        0x8 ./startup/startup_mk64f12.o
                0x000005f8                PORTD_IRQHandler
 .text.PORTE_IRQHandler
                0x00000600        0x8 ./startup/startup_mk64f12.o
                0x00000600                PORTE_IRQHandler
 .text.SWI_IRQHandler
                0x00000608        0x8 ./startup/startup_mk64f12.o
                0x00000608                SWI_IRQHandler
 .text.SPI2_IRQHandler
                0x00000610        0x8 ./startup/startup_mk64f12.o
                0x00000610                SPI2_IRQHandler
 .text.UART4_RX_TX_IRQHandler
                0x00000618        0x8 ./startup/startup_mk64f12.o
                0x00000618                UART4_RX_TX_IRQHandler
 .text.UART4_ERR_IRQHandler
                0x00000620        0x8 ./startup/startup_mk64f12.o
                0x00000620                UART4_ERR_IRQHandler
 .text.UART5_RX_TX_IRQHandler
                0x00000628        0x8 ./startup/startup_mk64f12.o
                0x00000628                UART5_RX_TX_IRQHandler
 .text.UART5_ERR_IRQHandler
                0x00000630        0x8 ./startup/startup_mk64f12.o
                0x00000630                UART5_ERR_IRQHandler
 .text.CMP2_IRQHandler
                0x00000638        0x8 ./startup/startup_mk64f12.o
                0x00000638                CMP2_IRQHandler
 .text.FTM3_IRQHandler
                0x00000640        0x8 ./startup/startup_mk64f12.o
                0x00000640                FTM3_IRQHandler
 .text.DAC1_IRQHandler
                0x00000648        0x8 ./startup/startup_mk64f12.o
                0x00000648                DAC1_IRQHandler
 .text.ADC1_IRQHandler
                0x00000650        0x8 ./startup/startup_mk64f12.o
                0x00000650                ADC1_IRQHandler
 .text.I2C2_IRQHandler
                0x00000658        0x8 ./startup/startup_mk64f12.o
                0x00000658                I2C2_IRQHandler
 .text.CAN0_ORed_Message_buffer_IRQHandler
                0x00000660        0x8 ./startup/startup_mk64f12.o
                0x00000660                CAN0_ORed_Message_buffer_IRQHandler
 .text.CAN0_Bus_Off_IRQHandler
                0x00000668        0x8 ./startup/startup_mk64f12.o
                0x00000668                CAN0_Bus_Off_IRQHandler
 .text.CAN0_Error_IRQHandler
                0x00000670        0x8 ./startup/startup_mk64f12.o
                0x00000670                CAN0_Error_IRQHandler
 .text.CAN0_Tx_Warning_IRQHandler
                0x00000678        0x8 ./startup/startup_mk64f12.o
                0x00000678                CAN0_Tx_Warning_IRQHandler
 .text.CAN0_Rx_Warning_IRQHandler
                0x00000680        0x8 ./startup/startup_mk64f12.o
                0x00000680                CAN0_Rx_Warning_IRQHandler
 .text.CAN0_Wake_Up_IRQHandler
                0x00000688        0x8 ./startup/startup_mk64f12.o
                0x00000688                CAN0_Wake_Up_IRQHandler
 .text.SDHC_IRQHandler
                0x00000690        0x8 ./startup/startup_mk64f12.o
                0x00000690                SDHC_IRQHandler
 .text.ENET_1588_Timer_IRQHandler
                0x00000698        0x8 ./startup/startup_mk64f12.o
                0x00000698                ENET_1588_Timer_IRQHandler
 .text.ENET_Transmit_IRQHandler
                0x000006a0        0x8 ./startup/startup_mk64f12.o
                0x000006a0                ENET_Transmit_IRQHandler
 .text.ENET_Receive_IRQHandler
                0x000006a8        0x8 ./startup/startup_mk64f12.o
                0x000006a8                ENET_Receive_IRQHandler
 .text.ENET_Error_IRQHandler
                0x000006b0        0x8 ./startup/startup_mk64f12.o
                0x000006b0                ENET_Error_IRQHandler
 .text.hw_Init  0x000006b8       0xf4 ./source/hardware.o
                0x000006b8                hw_Init
 .text.hw_EnableInterrupts
                0x000007ac       0x30 ./source/hardware.o
                0x000007ac                hw_EnableInterrupts
 .text.NVIC_EnableIRQ
                0x000007dc       0x34 ./source/main.o
 .text.main     0x00000810       0xe0 ./source/main.o
                0x00000810                main
 .text.PORTA_IRQHandler
                0x000008f0       0x34 ./source/main.o
                0x000008f0                PORTA_IRQHandler
 .text.idle     0x00000924       0x10 ./source/main.o
                0x00000924                idle
 .text.SysTick_Handler
                0x00000934       0x40 ./source/main.o
                0x00000934                SysTick_Handler
 .text.SysTick_Init
                0x00000974       0x30 ./source/main.o
                0x00000974                SysTick_Init
 .text.SystemInit
                0x000009a4       0x40 ./CMSIS/system_MK64F12.o
                0x000009a4                SystemInit
 .text.__main   0x000009e4        0xe /usr/local/mcuxpressoide-10.0.2_411/ide/tools/bin/../lib/gcc/arm-none-eabi/5.4.1/../../../../arm-none-eabi/lib/armv7e-m/fpu/libcr_nohost_nf.a(_cr__main.o)
                0x000009e4                __main
 *fill*         0x000009f2        0x2 ff
 .text._initio  0x000009f4       0x78 /usr/local/mcuxpressoide-10.0.2_411/ide/tools/bin/../lib/gcc/arm-none-eabi/5.4.1/../../../../arm-none-eabi/lib/armv7e-m/fpu/libcr_c.a(initio.o)
                0x000009f4                _initio
 .text.setvbuf  0x00000a6c       0x44 /usr/local/mcuxpressoide-10.0.2_411/ide/tools/bin/../lib/gcc/arm-none-eabi/5.4.1/../../../../arm-none-eabi/lib/armv7e-m/fpu/libcr_c.a(setvbuf.o)
                0x00000a6c                setvbuf
 .text._fdopen  0x00000ab0       0x6a /usr/local/mcuxpressoide-10.0.2_411/ide/tools/bin/../lib/gcc/arm-none-eabi/5.4.1/../../../../arm-none-eabi/lib/armv7e-m/fpu/libcr_c.a(_fdopen.o)
                0x00000ab0                _fdopen
 .text.fclose   0x00000b1a       0x58 /usr/local/mcuxpressoide-10.0.2_411/ide/tools/bin/../lib/gcc/arm-none-eabi/5.4.1/../../../../arm-none-eabi/lib/armv7e-m/fpu/libcr_c.a(fclose.o)
                0x00000b1a                fclose
 *fill*         0x00000b72        0x2 ff
 .text.fflush   0x00000b74       0x48 /usr/local/mcuxpressoide-10.0.2_411/ide/tools/bin/../lib/gcc/arm-none-eabi/5.4.1/../../../../arm-none-eabi/lib/armv7e-m/fpu/libcr_c.a(fflush.o)
                0x00000b74                fflush
 .text.fseek    0x00000bbc      0x100 /usr/local/mcuxpressoide-10.0.2_411/ide/tools/bin/../lib/gcc/arm-none-eabi/5.4.1/../../../../arm-none-eabi/lib/armv7e-m/fpu/libcr_c.a(fseek.o)
                0x00000bbc                fseek
 .text.ftell    0x00000cbc       0x48 /usr/local/mcuxpressoide-10.0.2_411/ide/tools/bin/../lib/gcc/arm-none-eabi/5.4.1/../../../../arm-none-eabi/lib/armv7e-m/fpu/libcr_c.a(ftell.o)
                0x00000cbc                ftell
 .text.remove   0x00000d04       0x14 /usr/local/mcuxpressoide-10.0.2_411/ide/tools/bin/../lib/gcc/arm-none-eabi/5.4.1/../../../../arm-none-eabi/lib/armv7e-m/fpu/libcr_c.a(remove.o)
                0x00000d04                remove
 .text.strlen   0x00000d18       0x4a /usr/local/mcuxpressoide-10.0.2_411/ide/tools/bin/../lib/gcc/arm-none-eabi/5.4.1/../../../../arm-none-eabi/lib/armv7e-m/fpu/libcr_c.a(strlen.o)
                0x00000d18                strlen
 .text.memset   0x00000d62        0x4 /usr/local/mcuxpressoide-10.0.2_411/ide/tools/bin/../lib/gcc/arm-none-eabi/5.4.1/../../../../arm-none-eabi/lib/armv7e-m/fpu/libcr_c.a(memset.o)
                0x00000d62                memset
 .text._do_fflush
                0x00000d66       0x42 /usr/local/mcuxpressoide-10.0.2_411/ide/tools/bin/../lib/gcc/arm-none-eabi/5.4.1/../../../../arm-none-eabi/lib/armv7e-m/fpu/libcr_c.a(_do_fflush.o)
                0x00000d66                _do_fflush
 .text._fflush  0x00000da8       0x54 /usr/local/mcuxpressoide-10.0.2_411/ide/tools/bin/../lib/gcc/arm-none-eabi/5.4.1/../../../../arm-none-eabi/lib/armv7e-m/fpu/libcr_c.a(_fflush.o)
                0x00000da8                _fflush
 .text._Cwritebuf
                0x00000dfc       0x68 /usr/local/mcuxpressoide-10.0.2_411/ide/tools/bin/../lib/gcc/arm-none-eabi/5.4.1/../../../../arm-none-eabi/lib/armv7e-m/fpu/libcr_c.a(_writebuf.o)
                0x00000dfc                _Cwritebuf
 .text.free     0x00000e64       0x30 /usr/local/mcuxpressoide-10.0.2_411/ide/tools/bin/../lib/gcc/arm-none-eabi/5.4.1/../../../../arm-none-eabi/lib/armv7e-m/fpu/libcr_c.a(alloc.o)
                0x00000e64                free
 .text._deferredlazyseek
                0x00000e94       0x40 /usr/local/mcuxpressoide-10.0.2_411/ide/tools/bin/../lib/gcc/arm-none-eabi/5.4.1/../../../../arm-none-eabi/lib/armv7e-m/fpu/libcr_c.a(_deferredlazyseek.o)
                0x00000e94                _deferredlazyseek
 .text.__aeabi_memset_lowlevel
                0x00000ed4       0x32 /usr/local/mcuxpressoide-10.0.2_411/ide/tools/bin/../lib/gcc/arm-none-eabi/5.4.1/armv7e-m/fpu/libcr_eabihelpers.a(memcpy.o)
                0x00000ed4                __aeabi_lowlevel_memset
 .text.__sys_close
                0x00000f06        0x6 /usr/local/mcuxpressoide-10.0.2_411/ide/tools/bin/../lib/gcc/arm-none-eabi/5.4.1/../../../../arm-none-eabi/lib/armv7e-m/fpu/libcr_nohost_nf.a(__sys_close.o)
                0x00000f06                __sys_close
 .text.__sys_flen
                0x00000f0c        0x6 /usr/local/mcuxpressoide-10.0.2_411/ide/tools/bin/../lib/gcc/arm-none-eabi/5.4.1/../../../../arm-none-eabi/lib/armv7e-m/fpu/libcr_nohost_nf.a(__sys_flen.o)
                0x00000f0c                __sys_flen
 .text.__sys_istty
                0x00000f12        0x6 /usr/local/mcuxpressoide-10.0.2_411/ide/tools/bin/../lib/gcc/arm-none-eabi/5.4.1/../../../../arm-none-eabi/lib/armv7e-m/fpu/libcr_nohost_nf.a(__sys_istty.o)
                0x00000f12                __sys_istty
 .text.__sys_remove
                0x00000f18        0x6 /usr/local/mcuxpressoide-10.0.2_411/ide/tools/bin/../lib/gcc/arm-none-eabi/5.4.1/../../../../arm-none-eabi/lib/armv7e-m/fpu/libcr_nohost_nf.a(__sys_remove.o)
                0x00000f18                __sys_remove
 .text.__sys_seek
                0x00000f1e        0x6 /usr/local/mcuxpressoide-10.0.2_411/ide/tools/bin/../lib/gcc/arm-none-eabi/5.4.1/../../../../arm-none-eabi/lib/armv7e-m/fpu/libcr_nohost_nf.a(__sys_seek.o)
                0x00000f1e                __sys_seek
 .text.__sys_tmpnam
                0x00000f24        0x6 /usr/local/mcuxpressoide-10.0.2_411/ide/tools/bin/../lib/gcc/arm-none-eabi/5.4.1/../../../../arm-none-eabi/lib/armv7e-m/fpu/libcr_nohost_nf.a(__sys_tmpnam.o)
                0x00000f24                __sys_tmpnam
 .text.__sys_write
                0x00000f2a        0x4 /usr/local/mcuxpressoide-10.0.2_411/ide/tools/bin/../lib/gcc/arm-none-eabi/5.4.1/../../../../arm-none-eabi/lib/armv7e-m/fpu/libcr_nohost_nf.a(__sys_write.o)
                0x00000f2a                __sys_write
 *(.rodata .rodata.* .constdata .constdata.*)
 .rodata.str1.1
                0x00000f2e        0x4 /usr/local/mcuxpressoide-10.0.2_411/ide/tools/bin/../lib/gcc/arm-none-eabi/5.4.1/../../../../arm-none-eabi/lib/armv7e-m/fpu/libcr_c.a(initio.o)
 *fill*         0x00000f32        0x2 ff
 .rodata.__num_Ciob_streams
                0x00000f34        0x4 /usr/local/mcuxpressoide-10.0.2_411/ide/tools/bin/../lib/gcc/arm-none-eabi/5.4.1/../../../../arm-none-eabi/lib/armv7e-m/fpu/libcr_nohost_nf.a(__ciob.o)
                0x00000f34                __num_Ciob_streams
                0x00000f38                . = ALIGN (0x4)

.glue_7         0x00000f38        0x0
 .glue_7        0x00000f38        0x0 linker stubs

.glue_7t        0x00000f38        0x0
 .glue_7t       0x00000f38        0x0 linker stubs

.vfp11_veneer   0x00000f38        0x0
 .vfp11_veneer  0x00000f38        0x0 linker stubs

.v4_bx          0x00000f38        0x0
 .v4_bx         0x00000f38        0x0 linker stubs

.iplt           0x00000f38        0x0
 .iplt          0x00000f38        0x0 ./startup/startup_mk64f12.o

.rel.dyn        0x00000f38        0x0
 .rel.iplt      0x00000f38        0x0 ./startup/startup_mk64f12.o

.ARM.extab
 *(.ARM.extab* .gnu.linkonce.armextab.*)
                0x00000f38                __exidx_start = .

.ARM.exidx
 *(.ARM.exidx* .gnu.linkonce.armexidx.*)
                0x00000f38                __exidx_end = .
                0x00000f38                _etext = .

.m_usb_data
 *(m_usb_bdt)

.data_RAM2      0x1fff0000        0x0 load address 0x00000f38
 FILL mask 0xff
                [!provide]                PROVIDE (__start_data_RAM2, .)
 *(.ramfunc.$RAM2)
 *(.ramfunc.$SRAM_LOWER)
 *(.data.$RAM2*)
 *(.data.$SRAM_LOWER*)
                0x1fff0000                . = ALIGN (0x4)
                [!provide]                PROVIDE (__end_data_RAM2, .)

.data_RAM3      0x14000000        0x0 load address 0x00000f38
 FILL mask 0xff
                [!provide]                PROVIDE (__start_data_RAM3, .)
 *(.ramfunc.$RAM3)
 *(.ramfunc.$FLEX_RAM)
 *(.data.$RAM3*)
 *(.data.$FLEX_RAM*)
                0x14000000                . = ALIGN (0x4)
                [!provide]                PROVIDE (__end_data_RAM3, .)

.uninit_RESERVED
                0x20000000        0x0
 *(.bss.$RESERVED*)
                0x20000000                . = ALIGN (0x4)
                0x20000000                _end_uninit_RESERVED = .

.data           0x20000000        0x4 load address 0x00000f38
 FILL mask 0xff
                0x20000000                _data = .
 *(vtable)
 *(.ramfunc*)
 *(.data*)
 .data.speed.5741
                0x20000000        0x4 ./source/main.o
                0x20000004                . = ALIGN (0x4)
                0x20000004                _edata = .

.igot.plt       0x20000004        0x0 load address 0x00000f3c
 .igot.plt      0x20000004        0x0 ./startup/startup_mk64f12.o

.bss_RAM2       0x1fff0000        0x0
                [!provide]                PROVIDE (__start_bss_RAM2, .)
 *(.bss.$RAM2*)
 *(.bss.$SRAM_LOWER*)
                0x1fff0000                . = ALIGN ((. != 0x0)?0x4:0x1)
                [!provide]                PROVIDE (__end_bss_RAM2, .)

.bss_RAM3       0x14000000        0x0
                [!provide]                PROVIDE (__start_bss_RAM3, .)
 *(.bss.$RAM3*)
 *(.bss.$FLEX_RAM*)
                0x14000000                . = ALIGN ((. != 0x0)?0x4:0x1)
                [!provide]                PROVIDE (__end_bss_RAM3, .)

.bss            0x20000004       0xbc
                0x20000004                _bss = .
 *(.bss*)
 .bss.__LDM_interruptDisableCount
                0x20000004        0x4 ./source/hardware.o
 .bss.errno     0x20000008        0x4 /usr/local/mcuxpressoide-10.0.2_411/ide/tools/bin/../lib/gcc/arm-none-eabi/5.4.1/../../../../arm-none-eabi/lib/armv7e-m/fpu/libcr_c.a(errno.o)
                0x20000008                errno
 .bss.__Ciob    0x2000000c       0xb4 /usr/local/mcuxpressoide-10.0.2_411/ide/tools/bin/../lib/gcc/arm-none-eabi/5.4.1/../../../../arm-none-eabi/lib/armv7e-m/fpu/libcr_nohost_nf.a(__ciob.o)
                0x2000000c                __Ciob
 *(COMMON)
                0x200000c0                . = ALIGN (0x4)
                0x200000c0                _ebss = .
                [!provide]                PROVIDE (end, .)

.noinit_RAM2    0x1fff0000        0x0
 *(.noinit.$RAM2*)
 *(.noinit.$SRAM_LOWER*)
                0x1fff0000                . = ALIGN (0x4)

.noinit_RAM3    0x14000000        0x0
 *(.noinit.$RAM3*)
 *(.noinit.$FLEX_RAM*)
                0x14000000                . = ALIGN (0x4)

.noinit         0x200000c0        0x0
                0x200000c0                _noinit = .
 *(.noinit*)
                0x200000c0                . = ALIGN (0x4)
                0x200000c0                _end_noinit = .

.heap           0x200000c0     0x1000
                0x200000c0                _pvHeapStart = .
                0x200010c0                . = (. + 0x1000)
 *fill*         0x200000c0     0x1000 
                0x200010c0                . = ALIGN (0x4)
                0x200010c0                _pvHeapLimit = .

.heap2stackfill
                0x200010c0     0x1000
                0x200020c0                . = (. + 0x1000)
 *fill*         0x200010c0     0x1000 

.stack          0x2002f000        0x0
                0x2002f000                _vStackBase = .
                0x2002f000                . = ALIGN (0x4)
                0x20030000                _vStackTop = (. + 0x1000)
OUTPUT(portsirq.axf elf32-littlearm)

.debug_info     0x00000000     0x1de9
 .debug_info    0x00000000      0x8b3 ./startup/startup_mk64f12.o
 .debug_info    0x000008b3      0x671 ./source/hardware.o
 .debug_info    0x00000f24      0x8db ./source/main.o
 .debug_info    0x000017ff      0x5ea ./CMSIS/system_MK64F12.o

.debug_abbrev   0x00000000      0x54f
 .debug_abbrev  0x00000000      0x142 ./startup/startup_mk64f12.o
 .debug_abbrev  0x00000142      0x127 ./source/hardware.o
 .debug_abbrev  0x00000269      0x1cc ./source/main.o
 .debug_abbrev  0x00000435      0x11a ./CMSIS/system_MK64F12.o

.debug_aranges  0x00000000      0x3d8
 .debug_aranges
                0x00000000      0x330 ./startup/startup_mk64f12.o
 .debug_aranges
                0x00000330       0x30 ./source/hardware.o
 .debug_aranges
                0x00000360       0x50 ./source/main.o
 .debug_aranges
                0x000003b0       0x28 ./CMSIS/system_MK64F12.o

.debug_ranges   0x00000000      0x398
 .debug_ranges  0x00000000      0x320 ./startup/startup_mk64f12.o
 .debug_ranges  0x00000320       0x20 ./source/hardware.o
 .debug_ranges  0x00000340       0x40 ./source/main.o
 .debug_ranges  0x00000380       0x18 ./CMSIS/system_MK64F12.o

.debug_macro    0x00000000    0x114fb
 .debug_macro   0x00000000       0x29 ./startup/startup_mk64f12.o
 .debug_macro   0x00000029      0x8b6 ./startup/startup_mk64f12.o
 .debug_macro   0x000008df       0xbb ./source/hardware.o
 .debug_macro   0x0000099a       0x10 ./source/hardware.o
 .debug_macro   0x000009aa      0x12d ./source/hardware.o
 .debug_macro   0x00000ad7      0x5b2 ./source/hardware.o
 .debug_macro   0x00001089       0x22 ./source/hardware.o
 .debug_macro   0x000010ab       0x10 ./source/hardware.o
 .debug_macro   0x000010bb       0x5b ./source/hardware.o
 .debug_macro   0x00001116       0x3b ./source/hardware.o
 .debug_macro   0x00001151       0x50 ./source/hardware.o
 .debug_macro   0x000011a1      0xd40 ./source/hardware.o
 .debug_macro   0x00001ee1       0x44 ./source/hardware.o
 .debug_macro   0x00001f25     0xe07b ./source/hardware.o
 .debug_macro   0x0000ffa0     0x13c7 ./source/hardware.o
 .debug_macro   0x00011367       0x16 ./source/hardware.o
 .debug_macro   0x0001137d       0xdf ./source/main.o
 .debug_macro   0x0001145c       0x9f ./CMSIS/system_MK64F12.o

.debug_line     0x00000000      0xd94
 .debug_line    0x00000000      0x67d ./startup/startup_mk64f12.o
 .debug_line    0x0000067d      0x261 ./source/hardware.o
 .debug_line    0x000008de      0x2a2 ./source/main.o
 .debug_line    0x00000b80      0x214 ./CMSIS/system_MK64F12.o

.debug_str      0x00000000    0x77ebe
 .debug_str     0x00000000     0x2dbe ./startup/startup_mk64f12.o
                               0x2e16 (size before relaxing)
 .debug_str     0x00002dbe    0x74963 ./source/hardware.o
                              0x76f7b (size before relaxing)
 .debug_str     0x00077721      0x73e ./source/main.o
                              0x77599 (size before relaxing)
 .debug_str     0x00077e5f       0x5f ./CMSIS/system_MK64F12.o
                              0x76e8c (size before relaxing)

.comment        0x00000000       0x6e
 .comment       0x00000000       0x6e ./startup/startup_mk64f12.o
                                 0x6f (size before relaxing)
 .comment       0x0000006e       0x6f ./source/hardware.o
 .comment       0x0000006e       0x6f ./source/main.o
 .comment       0x0000006e       0x6f ./CMSIS/system_MK64F12.o
 .comment       0x0000006e       0x6f /usr/local/mcuxpressoide-10.0.2_411/ide/tools/bin/../lib/gcc/arm-none-eabi/5.4.1/../../../../arm-none-eabi/lib/armv7e-m/fpu/libcr_nohost_nf.a(_cr__main.o)
 .comment       0x0000006e       0x6f /usr/local/mcuxpressoide-10.0.2_411/ide/tools/bin/../lib/gcc/arm-none-eabi/5.4.1/../../../../arm-none-eabi/lib/armv7e-m/fpu/libcr_c.a(initio.o)
 .comment       0x0000006e       0x6f /usr/local/mcuxpressoide-10.0.2_411/ide/tools/bin/../lib/gcc/arm-none-eabi/5.4.1/../../../../arm-none-eabi/lib/armv7e-m/fpu/libcr_c.a(setvbuf.o)
 .comment       0x0000006e       0x6f /usr/local/mcuxpressoide-10.0.2_411/ide/tools/bin/../lib/gcc/arm-none-eabi/5.4.1/../../../../arm-none-eabi/lib/armv7e-m/fpu/libcr_c.a(_fdopen.o)
 .comment       0x0000006e       0x6f /usr/local/mcuxpressoide-10.0.2_411/ide/tools/bin/../lib/gcc/arm-none-eabi/5.4.1/../../../../arm-none-eabi/lib/armv7e-m/fpu/libcr_c.a(fclose.o)
 .comment       0x0000006e       0x6f /usr/local/mcuxpressoide-10.0.2_411/ide/tools/bin/../lib/gcc/arm-none-eabi/5.4.1/../../../../arm-none-eabi/lib/armv7e-m/fpu/libcr_c.a(fflush.o)
 .comment       0x0000006e       0x6f /usr/local/mcuxpressoide-10.0.2_411/ide/tools/bin/../lib/gcc/arm-none-eabi/5.4.1/../../../../arm-none-eabi/lib/armv7e-m/fpu/libcr_c.a(fseek.o)
 .comment       0x0000006e       0x6f /usr/local/mcuxpressoide-10.0.2_411/ide/tools/bin/../lib/gcc/arm-none-eabi/5.4.1/../../../../arm-none-eabi/lib/armv7e-m/fpu/libcr_c.a(ftell.o)
 .comment       0x0000006e       0x6f /usr/local/mcuxpressoide-10.0.2_411/ide/tools/bin/../lib/gcc/arm-none-eabi/5.4.1/../../../../arm-none-eabi/lib/armv7e-m/fpu/libcr_c.a(remove.o)
 .comment       0x0000006e       0x6f /usr/local/mcuxpressoide-10.0.2_411/ide/tools/bin/../lib/gcc/arm-none-eabi/5.4.1/../../../../arm-none-eabi/lib/armv7e-m/fpu/libcr_c.a(strlen.o)
 .comment       0x0000006e       0x6f /usr/local/mcuxpressoide-10.0.2_411/ide/tools/bin/../lib/gcc/arm-none-eabi/5.4.1/../../../../arm-none-eabi/lib/armv7e-m/fpu/libcr_c.a(memset.o)
 .comment       0x0000006e       0x6f /usr/local/mcuxpressoide-10.0.2_411/ide/tools/bin/../lib/gcc/arm-none-eabi/5.4.1/../../../../arm-none-eabi/lib/armv7e-m/fpu/libcr_c.a(_do_fflush.o)
 .comment       0x0000006e       0x6f /usr/local/mcuxpressoide-10.0.2_411/ide/tools/bin/../lib/gcc/arm-none-eabi/5.4.1/../../../../arm-none-eabi/lib/armv7e-m/fpu/libcr_c.a(_fflush.o)
 .comment       0x0000006e       0x6f /usr/local/mcuxpressoide-10.0.2_411/ide/tools/bin/../lib/gcc/arm-none-eabi/5.4.1/../../../../arm-none-eabi/lib/armv7e-m/fpu/libcr_c.a(_writebuf.o)
 .comment       0x0000006e       0x6f /usr/local/mcuxpressoide-10.0.2_411/ide/tools/bin/../lib/gcc/arm-none-eabi/5.4.1/../../../../arm-none-eabi/lib/armv7e-m/fpu/libcr_c.a(alloc.o)
 .comment       0x0000006e       0x6f /usr/local/mcuxpressoide-10.0.2_411/ide/tools/bin/../lib/gcc/arm-none-eabi/5.4.1/../../../../arm-none-eabi/lib/armv7e-m/fpu/libcr_c.a(errno.o)
 .comment       0x0000006e       0x6f /usr/local/mcuxpressoide-10.0.2_411/ide/tools/bin/../lib/gcc/arm-none-eabi/5.4.1/../../../../arm-none-eabi/lib/armv7e-m/fpu/libcr_c.a(_deferredlazyseek.o)
 .comment       0x0000006e       0x6f /usr/local/mcuxpressoide-10.0.2_411/ide/tools/bin/../lib/gcc/arm-none-eabi/5.4.1/../../../../arm-none-eabi/lib/armv7e-m/fpu/libcr_nohost_nf.a(__ciob.o)
 .comment       0x0000006e       0x6f /usr/local/mcuxpressoide-10.0.2_411/ide/tools/bin/../lib/gcc/arm-none-eabi/5.4.1/../../../../arm-none-eabi/lib/armv7e-m/fpu/libcr_nohost_nf.a(__sys_close.o)
 .comment       0x0000006e       0x6f /usr/local/mcuxpressoide-10.0.2_411/ide/tools/bin/../lib/gcc/arm-none-eabi/5.4.1/../../../../arm-none-eabi/lib/armv7e-m/fpu/libcr_nohost_nf.a(__sys_flen.o)
 .comment       0x0000006e       0x6f /usr/local/mcuxpressoide-10.0.2_411/ide/tools/bin/../lib/gcc/arm-none-eabi/5.4.1/../../../../arm-none-eabi/lib/armv7e-m/fpu/libcr_nohost_nf.a(__sys_istty.o)
 .comment       0x0000006e       0x6f /usr/local/mcuxpressoide-10.0.2_411/ide/tools/bin/../lib/gcc/arm-none-eabi/5.4.1/../../../../arm-none-eabi/lib/armv7e-m/fpu/libcr_nohost_nf.a(__sys_remove.o)
 .comment       0x0000006e       0x6f /usr/local/mcuxpressoide-10.0.2_411/ide/tools/bin/../lib/gcc/arm-none-eabi/5.4.1/../../../../arm-none-eabi/lib/armv7e-m/fpu/libcr_nohost_nf.a(__sys_seek.o)
 .comment       0x0000006e       0x6f /usr/local/mcuxpressoide-10.0.2_411/ide/tools/bin/../lib/gcc/arm-none-eabi/5.4.1/../../../../arm-none-eabi/lib/armv7e-m/fpu/libcr_nohost_nf.a(__sys_tmpnam.o)
 .comment       0x0000006e       0x6f /usr/local/mcuxpressoide-10.0.2_411/ide/tools/bin/../lib/gcc/arm-none-eabi/5.4.1/../../../../arm-none-eabi/lib/armv7e-m/fpu/libcr_nohost_nf.a(__sys_write.o)

.ARM.attributes
                0x00000000       0x37
 .ARM.attributes
                0x00000000       0x39 ./startup/startup_mk64f12.o
 .ARM.attributes
                0x00000039       0x39 ./source/hardware.o
 .ARM.attributes
                0x00000072       0x39 ./source/main.o
 .ARM.attributes
                0x000000ab       0x39 ./CMSIS/system_MK64F12.o
 .ARM.attributes
                0x000000e4       0x39 /usr/local/mcuxpressoide-10.0.2_411/ide/tools/bin/../lib/gcc/arm-none-eabi/5.4.1/../../../../arm-none-eabi/lib/armv7e-m/fpu/libcr_nohost_nf.a(_cr__main.o)
 .ARM.attributes
                0x0000011d       0x39 /usr/local/mcuxpressoide-10.0.2_411/ide/tools/bin/../lib/gcc/arm-none-eabi/5.4.1/../../../../arm-none-eabi/lib/armv7e-m/fpu/libcr_c.a(initio.o)
 .ARM.attributes
                0x00000156       0x39 /usr/local/mcuxpressoide-10.0.2_411/ide/tools/bin/../lib/gcc/arm-none-eabi/5.4.1/../../../../arm-none-eabi/lib/armv7e-m/fpu/libcr_c.a(setvbuf.o)
 .ARM.attributes
                0x0000018f       0x39 /usr/local/mcuxpressoide-10.0.2_411/ide/tools/bin/../lib/gcc/arm-none-eabi/5.4.1/../../../../arm-none-eabi/lib/armv7e-m/fpu/libcr_c.a(_fdopen.o)
 .ARM.attributes
                0x000001c8       0x39 /usr/local/mcuxpressoide-10.0.2_411/ide/tools/bin/../lib/gcc/arm-none-eabi/5.4.1/../../../../arm-none-eabi/lib/armv7e-m/fpu/libcr_c.a(fclose.o)
 .ARM.attributes
                0x00000201       0x39 /usr/local/mcuxpressoide-10.0.2_411/ide/tools/bin/../lib/gcc/arm-none-eabi/5.4.1/../../../../arm-none-eabi/lib/armv7e-m/fpu/libcr_c.a(fflush.o)
 .ARM.attributes
                0x0000023a       0x39 /usr/local/mcuxpressoide-10.0.2_411/ide/tools/bin/../lib/gcc/arm-none-eabi/5.4.1/../../../../arm-none-eabi/lib/armv7e-m/fpu/libcr_c.a(fseek.o)
 .ARM.attributes
                0x00000273       0x39 /usr/local/mcuxpressoide-10.0.2_411/ide/tools/bin/../lib/gcc/arm-none-eabi/5.4.1/../../../../arm-none-eabi/lib/armv7e-m/fpu/libcr_c.a(ftell.o)
 .ARM.attributes
                0x000002ac       0x39 /usr/local/mcuxpressoide-10.0.2_411/ide/tools/bin/../lib/gcc/arm-none-eabi/5.4.1/../../../../arm-none-eabi/lib/armv7e-m/fpu/libcr_c.a(remove.o)
 .ARM.attributes
                0x000002e5       0x39 /usr/local/mcuxpressoide-10.0.2_411/ide/tools/bin/../lib/gcc/arm-none-eabi/5.4.1/../../../../arm-none-eabi/lib/armv7e-m/fpu/libcr_c.a(strlen.o)
 .ARM.attributes
                0x0000031e       0x39 /usr/local/mcuxpressoide-10.0.2_411/ide/tools/bin/../lib/gcc/arm-none-eabi/5.4.1/../../../../arm-none-eabi/lib/armv7e-m/fpu/libcr_c.a(memset.o)
 .ARM.attributes
                0x00000357       0x39 /usr/local/mcuxpressoide-10.0.2_411/ide/tools/bin/../lib/gcc/arm-none-eabi/5.4.1/../../../../arm-none-eabi/lib/armv7e-m/fpu/libcr_c.a(_do_fflush.o)
 .ARM.attributes
                0x00000390       0x39 /usr/local/mcuxpressoide-10.0.2_411/ide/tools/bin/../lib/gcc/arm-none-eabi/5.4.1/../../../../arm-none-eabi/lib/armv7e-m/fpu/libcr_c.a(_fflush.o)
 .ARM.attributes
                0x000003c9       0x39 /usr/local/mcuxpressoide-10.0.2_411/ide/tools/bin/../lib/gcc/arm-none-eabi/5.4.1/../../../../arm-none-eabi/lib/armv7e-m/fpu/libcr_c.a(_writebuf.o)
 .ARM.attributes
                0x00000402       0x39 /usr/local/mcuxpressoide-10.0.2_411/ide/tools/bin/../lib/gcc/arm-none-eabi/5.4.1/../../../../arm-none-eabi/lib/armv7e-m/fpu/libcr_c.a(alloc.o)
 .ARM.attributes
                0x0000043b       0x39 /usr/local/mcuxpressoide-10.0.2_411/ide/tools/bin/../lib/gcc/arm-none-eabi/5.4.1/../../../../arm-none-eabi/lib/armv7e-m/fpu/libcr_c.a(errno.o)
 .ARM.attributes
                0x00000474       0x39 /usr/local/mcuxpressoide-10.0.2_411/ide/tools/bin/../lib/gcc/arm-none-eabi/5.4.1/../../../../arm-none-eabi/lib/armv7e-m/fpu/libcr_c.a(_deferredlazyseek.o)
 .ARM.attributes
                0x000004ad       0x25 /usr/local/mcuxpressoide-10.0.2_411/ide/tools/bin/../lib/gcc/arm-none-eabi/5.4.1/armv7e-m/fpu/libcr_eabihelpers.a(memcpy.o)
 .ARM.attributes
                0x000004d2       0x39 /usr/local/mcuxpressoide-10.0.2_411/ide/tools/bin/../lib/gcc/arm-none-eabi/5.4.1/../../../../arm-none-eabi/lib/armv7e-m/fpu/libcr_nohost_nf.a(__ciob.o)
 .ARM.attributes
                0x0000050b       0x39 /usr/local/mcuxpressoide-10.0.2_411/ide/tools/bin/../lib/gcc/arm-none-eabi/5.4.1/../../../../arm-none-eabi/lib/armv7e-m/fpu/libcr_nohost_nf.a(__sys_close.o)
 .ARM.attributes
                0x00000544       0x39 /usr/local/mcuxpressoide-10.0.2_411/ide/tools/bin/../lib/gcc/arm-none-eabi/5.4.1/../../../../arm-none-eabi/lib/armv7e-m/fpu/libcr_nohost_nf.a(__sys_flen.o)
 .ARM.attributes
                0x0000057d       0x39 /usr/local/mcuxpressoide-10.0.2_411/ide/tools/bin/../lib/gcc/arm-none-eabi/5.4.1/../../../../arm-none-eabi/lib/armv7e-m/fpu/libcr_nohost_nf.a(__sys_istty.o)
 .ARM.attributes
                0x000005b6       0x39 /usr/local/mcuxpressoide-10.0.2_411/ide/tools/bin/../lib/gcc/arm-none-eabi/5.4.1/../../../../arm-none-eabi/lib/armv7e-m/fpu/libcr_nohost_nf.a(__sys_remove.o)
 .ARM.attributes
                0x000005ef       0x39 /usr/local/mcuxpressoide-10.0.2_411/ide/tools/bin/../lib/gcc/arm-none-eabi/5.4.1/../../../../arm-none-eabi/lib/armv7e-m/fpu/libcr_nohost_nf.a(__sys_seek.o)
 .ARM.attributes
                0x00000628       0x39 /usr/local/mcuxpressoide-10.0.2_411/ide/tools/bin/../lib/gcc/arm-none-eabi/5.4.1/../../../../arm-none-eabi/lib/armv7e-m/fpu/libcr_nohost_nf.a(__sys_tmpnam.o)
 .ARM.attributes
                0x00000661       0x39 /usr/local/mcuxpressoide-10.0.2_411/ide/tools/bin/../lib/gcc/arm-none-eabi/5.4.1/../../../../arm-none-eabi/lib/armv7e-m/fpu/libcr_nohost_nf.a(__sys_write.o)

.debug_frame    0x00000000      0xc5c
 .debug_frame   0x00000000      0xa60 ./startup/startup_mk64f12.o
 .debug_frame   0x00000a60       0x7c ./source/hardware.o
 .debug_frame   0x00000adc      0x120 ./source/main.o
 .debug_frame   0x00000bfc       0x60 ./CMSIS/system_MK64F12.o
